Component: ARM Compiler 5.05 update 1 (build 106) Tool: armlink [4d0efa]

==============================================================================

Section Cross References

    main.o(i.main) refers to delay.o(i.delay_init) for delay_init
    main.o(i.main) refers to oled.o(i.OLED_Init) for OLED_Init
    main.o(i.main) refers to oled.o(i.LCD_CLS) for LCD_CLS
    main.o(i.main) refers to gpio.o(i.All_GPIO_Init) for All_GPIO_Init
    main.o(i.main) refers to gpio.o(i.SHOP_GPIO_init) for SHOP_GPIO_init
    main.o(i.main) refers to usart.o(i.uart1_init) for uart1_init
    main.o(i.main) refers to usart.o(i.uart2_init) for uart2_init
    main.o(i.main) refers to usart.o(i.uart3_init) for uart3_init
    main.o(i.main) refers to timer.o(i.Init_BMQ) for Init_BMQ
    main.o(i.main) refers to adc_config.o(i.ADC_DMA_Configuration) for ADC_DMA_Configuration
    main.o(i.main) refers to adc_config.o(i.ADKey_Init) for ADKey_Init
    main.o(i.main) refers to timer.o(i.Init_TIM8_PWM) for Init_TIM8_PWM
    main.o(i.main) refers to ui.o(i.read_from_flash) for read_from_flash
    main.o(i.main) refers to usart.o(i.USART3_Putc) for USART3_Putc
    main.o(i.main) refers to ui.o(i.MenuOperate) for MenuOperate
    system_stm32f10x.o(i.SetSysClock) refers to system_stm32f10x.o(i.SetSysClockTo72) for SetSysClockTo72
    system_stm32f10x.o(i.SystemCoreClockUpdate) refers to system_stm32f10x.o(.data) for SystemCoreClock
    system_stm32f10x.o(i.SystemInit) refers to system_stm32f10x.o(i.SetSysClock) for SetSysClock
    delay.o(i.delay_init) refers to misc.o(i.SysTick_CLKSourceConfig) for SysTick_CLKSourceConfig
    delay.o(i.delay_init) refers to system_stm32f10x.o(.data) for SystemCoreClock
    delay.o(i.delay_init) refers to delay.o(.data) for fac_us
    delay.o(i.delay_ms) refers to delay.o(.data) for fac_ms
    delay.o(i.delay_us) refers to delay.o(.data) for fac_us
    usart.o(i.USART1_IRQHandler) refers (Special) to use_no_semi_2.o(.text) for __use_no_semihosting
    usart.o(i.USART1_IRQHandler) refers to stm32f10x_usart.o(i.USART_GetITStatus) for USART_GetITStatus
    usart.o(i.USART1_IRQHandler) refers to stm32f10x_usart.o(i.USART_ReceiveData) for USART_ReceiveData
    usart.o(i.USART1_IRQHandler) refers to usart.o(.data) for USART1_RX_STA
    usart.o(i.USART1_IRQHandler) refers to usart.o(.bss) for USART1_RX_BUF
    usart.o(i.USART1_Putc) refers (Special) to use_no_semi_2.o(.text) for __use_no_semihosting
    usart.o(i.USART1_Puts) refers (Special) to use_no_semi_2.o(.text) for __use_no_semihosting
    usart.o(i.USART1_Puts) refers to stm32f10x_usart.o(i.USART_GetFlagStatus) for USART_GetFlagStatus
    usart.o(i.USART2_IRQHandler) refers (Special) to use_no_semi_2.o(.text) for __use_no_semihosting
    usart.o(i.USART2_IRQHandler) refers to stm32f10x_usart.o(i.USART_GetITStatus) for USART_GetITStatus
    usart.o(i.USART2_IRQHandler) refers to stm32f10x_usart.o(i.USART_ReceiveData) for USART_ReceiveData
    usart.o(i.USART2_IRQHandler) refers to usart.o(.data) for USART_PRINTF_FLAG
    usart.o(i.USART2_IRQHandler) refers to usart.o(.bss) for USART2_RX_BUF
    usart.o(i.USART2_Putc) refers (Special) to use_no_semi_2.o(.text) for __use_no_semihosting
    usart.o(i.USART2_Puts) refers (Special) to use_no_semi_2.o(.text) for __use_no_semihosting
    usart.o(i.USART2_Puts) refers to stm32f10x_usart.o(i.USART_GetFlagStatus) for USART_GetFlagStatus
    usart.o(i.USART3_IRQHandler) refers (Special) to use_no_semi_2.o(.text) for __use_no_semihosting
    usart.o(i.USART3_IRQHandler) refers to stm32f10x_usart.o(i.USART_GetITStatus) for USART_GetITStatus
    usart.o(i.USART3_IRQHandler) refers to stm32f10x_usart.o(i.USART_ReceiveData) for USART_ReceiveData
    usart.o(i.USART3_IRQHandler) refers to usart.o(i.USART3_Puts) for USART3_Puts
    usart.o(i.USART3_IRQHandler) refers to usart.o(.data) for USART3_RX_STA
    usart.o(i.USART3_IRQHandler) refers to ui.o(.data) for Infoflag
    usart.o(i.USART3_IRQHandler) refers to usart.o(.bss) for USART3_RX_BUF
    usart.o(i.USART3_IRQHandler) refers to main.o(.data) for tx_qian
    usart.o(i.USART3_Putc) refers (Special) to use_no_semi_2.o(.text) for __use_no_semihosting
    usart.o(i.USART3_Puts) refers (Special) to use_no_semi_2.o(.text) for __use_no_semihosting
    usart.o(i.USART3_Puts) refers to stm32f10x_usart.o(i.USART_GetFlagStatus) for USART_GetFlagStatus
    usart.o(i._sys_exit) refers (Special) to use_no_semi_2.o(.text) for __use_no_semihosting
    usart.o(i.fputc) refers (Special) to use_no_semi_2.o(.text) for __use_no_semihosting
    usart.o(i.fputc) refers to stm32f10x_usart.o(i.USART_GetFlagStatus) for USART_GetFlagStatus
    usart.o(i.fputc) refers to stm32f10x_usart.o(i.USART_SendData) for USART_SendData
    usart.o(i.fputc) refers to usart.o(.data) for USART_PRINTF_FLAG
    usart.o(i.uart1_init) refers (Special) to use_no_semi_2.o(.text) for __use_no_semihosting
    usart.o(i.uart1_init) refers to stm32f10x_rcc.o(i.RCC_APB2PeriphClockCmd) for RCC_APB2PeriphClockCmd
[...]
    ADC_Init                                 0x08001705   Thumb Code    70  stm32f10x_adc.o(i.ADC_Init)
    ADC_RegularChannelConfig                 0x08001755   Thumb Code   184  stm32f10x_adc.o(i.ADC_RegularChannelConfig)
    ADC_ResetCalibration                     0x0800180d   Thumb Code    10  stm32f10x_adc.o(i.ADC_ResetCalibration)
    ADC_SoftwareStartConvCmd                 0x08001817   Thumb Code    22  stm32f10x_adc.o(i.ADC_SoftwareStartConvCmd)
    ADC_StartCalibration                     0x0800182d   Thumb Code    10  stm32f10x_adc.o(i.ADC_StartCalibration)
    ADKey_Deal                               0x08001837   Thumb Code   330  adc_config.o(i.ADKey_Deal)
    ADKey_Init                               0x08001981   Thumb Code   132  adc_config.o(i.ADKey_Init)
    AD_AnJian                                0x08001a0d   Thumb Code   152  adc_config.o(i.AD_AnJian)
    All_GPIO_Init                            0x08001ac1   Thumb Code   238  gpio.o(i.All_GPIO_Init)
    BMQ_MOVE                                 0x08001bc1   Thumb Code   484  moto.o(i.BMQ_MOVE)
    BusFault_Handler                         0x08001dc1   Thumb Code     4  stm32f10x_it.o(i.BusFault_Handler)
    Clock                                    0x08001dc5   Thumb Code   160  ui.o(i.Clock)
    Clock_a                                  0x08001e89   Thumb Code  6810  ui.o(i.Clock_a)
    Clock_b                                  0x08003931   Thumb Code   612  ui.o(i.Clock_b)
    Clock_c                                  0x08003be1   Thumb Code   614  ui.o(i.Clock_c)
    Clock_d                                  0x08003e95   Thumb Code   614  ui.o(i.Clock_d)
    Clock_e                                  0x08004149   Thumb Code  1846  ui.o(i.Clock_e)
    DJ_MOVE                                  0x080048ad   Thumb Code   602  moto.o(i.DJ_MOVE)
    DJ_MOVE_BUFF_SET                         0x08004b1d   Thumb Code    68  move.o(i.DJ_MOVE_BUFF_SET)
    DJ_MOVE_BUFF_shuzu                       0x08004b61   Thumb Code    40  move.o(i.DJ_MOVE_BUFF_shuzu)
    DJ_MOVE_YS                               0x08004b89   Thumb Code   188  moto.o(i.DJ_MOVE_YS)
    DJ_MOVE_ZHUAN                            0x08004c5d   Thumb Code   428  moto.o(i.DJ_MOVE_ZHUAN)
    DJ_MOVE_ZONG                             0x08004e1d   Thumb Code   104  move.o(i.DJ_MOVE_ZONG)
    DMA_Cmd                                  0x08004e85   Thumb Code    24  stm32f10x_dma.o(i.DMA_Cmd)
    DMA_DeInit                               0x08004e9d   Thumb Code   324  stm32f10x_dma.o(i.DMA_DeInit)
    DMA_Init                                 0x08004fe9   Thumb Code    60  stm32f10x_dma.o(i.DMA_Init)
    Debug                                    0x08005025   Thumb Code   160  ui.o(i.Debug)
    DebugMon_Handler                         0x080050e5   Thumb Code     2  stm32f10x_it.o(i.DebugMon_Handler)
    Debug_Set                                0x080050e9   Thumb Code   288  ui.o(i.Debug_Set)
    Draw_BMP                                 0x08005245   Thumb Code   106  oled.o(i.Draw_BMP)
    Draw_Power                               0x080052b1   Thumb Code   208  oled.o(i.Draw_Power)
    Drive                                    0x08005385   Thumb Code   160  ui.o(i.Drive)
    Drive_a                                  0x08005449   Thumb Code   228  ui.o(i.Drive_a)
    FLASH_ErasePage                          0x08005579   Thumb Code    72  stm32f10x_flash.o(i.FLASH_ErasePage)
    FLASH_GetBank1Status                     0x080055c5   Thumb Code    48  stm32f10x_flash.o(i.FLASH_GetBank1Status)
    FLASH_Lock                               0x080055f9   Thumb Code    14  stm32f10x_flash.o(i.FLASH_Lock)
    FLASH_ProgramHalfWord                    0x0800560d   Thumb Code    60  stm32f10x_flash.o(i.FLASH_ProgramHalfWord)
    FLASH_Unlock                             0x0800564d   Thumb Code    12  stm32f10x_flash.o(i.FLASH_Unlock)
    FLASH_WaitForLastOperation               0x08005665   Thumb Code    38  stm32f10x_flash.o(i.FLASH_WaitForLastOperation)
    GPIO_Init                                0x0800568b   Thumb Code   278  stm32f10x_gpio.o(i.GPIO_Init)
    GPIO_PinRemapConfig                      0x080057a1   Thumb Code   138  stm32f10x_gpio.o(i.GPIO_PinRemapConfig)
    GPIO_ResetBits                           0x08005831   Thumb Code     4  stm32f10x_gpio.o(i.GPIO_ResetBits)
    GPIO_SetBits                             0x08005835   Thumb Code     4  stm32f10x_gpio.o(i.GPIO_SetBits)
    Get_Key_Adc                              0x08005839   Thumb Code    46  adc_config.o(i.Get_Key_Adc)
    Get_Key_Adc_Average                      0x0800586d   Thumb Code    40  adc_config.o(i.Get_Key_Adc_Average)
    Hand_HIGH_BACK                           0x08005895   Thumb Code   106  hand.o(i.Hand_HIGH_BACK)
    Hand_HIGH_GO                             0x08005911   Thumb Code   108  hand.o(i.Hand_HIGH_GO)
    Hand_LOW_BACK                            0x08005991   Thumb Code   104  hand.o(i.Hand_LOW_BACK)
    Hand_LOW_GO                              0x08005a15   Thumb Code   106  hand.o(i.Hand_LOW_GO)
    HardFault_Handler                        0x08005a9d   Thumb Code     4  stm32f10x_it.o(i.HardFault_Handler)
    Init_BMQ                                 0x08005aa1   Thumb Code   564  timer.o(i.Init_BMQ)
    Init_TIM6                                0x08005cf1   Thumb Code    98  exti.o(i.Init_TIM6)
    Init_TIM8_PWM                            0x08005d59   Thumb Code   250  timer.o(i.Init_TIM8_PWM)
    Internet_Set                             0x08005e5d   Thumb Code   166  ui.o(i.Internet_Set)
    LCD_16_HanZi_ASCII                       0x08005f2d   Thumb Code   128  oled.o(i.LCD_16_HanZi_ASCII)
    LCD_CLS                                  0x08005fad   Thumb Code    56  oled.o(i.LCD_CLS)
    LCD_CLS_06                               0x08005fe5   Thumb Code    56  oled.o(i.LCD_CLS_06)
    LCD_DLY_ms                               0x0800601d   Thumb Code    28  oled.o(i.LCD_DLY_ms)
    LCD_P16x16Str                            0x08006039   Thumb Code   246  oled.o(i.LCD_P16x16Str)
    LCD_P8x16Str                             0x08006139   Thumb Code   130  oled.o(i.LCD_P8x16Str)
    LCD_Set_Pos                              0x080061c1   Thumb Code    36  oled.o(i.LCD_Set_Pos)
    LCD_WrCmd                                0x080061e5   Thumb Code    90  oled.o(i.LCD_WrCmd)
    LCD_WrDat                                0x08006245   Thumb Code    94  oled.o(i.LCD_WrDat)
    MemManage_Handler                        0x080062a9   Thumb Code     4  stm32f10x_it.o(i.MemManage_Handler)
    MenuOperate                              0x080062ad   Thumb Code   200  ui.o(i.MenuOperate)
    NMI_Handler                              0x08006385   Thumb Code     2  stm32f10x_it.o(i.NMI_Handler)
    NVIC_Init                                0x08006389   Thumb Code   100  misc.o(i.NVIC_Init)
    NVIC_PriorityGroupConfig                 0x080063f9   Thumb Code    10  misc.o(i.NVIC_PriorityGroupConfig)
    Net_a                                    0x0800640d   Thumb Code   210  ui.o(i.Net_a)
    Net_b                                    0x08006515   Thumb Code   210  ui.o(i.Net_b)
    Net_c                                    0x0800661d   Thumb Code   210  ui.o(i.Net_c)
    Net_d                                    0x08006725   Thumb Code  1532  ui.o(i.Net_d)
    Net_e                                    0x08006d25   Thumb Code  1548  ui.o(i.Net_e)
    Net_f                                    0x08007335   Thumb Code  1376  ui.o(i.Net_f)
    OLCD_Fill                                0x08007899   Thumb Code    58  oled.o(i.OLCD_Fill)
    OLED_CLS                                 0x080078d5   Thumb Code    86  oled2.o(i.OLED_CLS)
    OLED_CLS_67                              0x08007935   Thumb Code    86  oled2.o(i.OLED_CLS_67)
    OLED_DrawHanzi                           0x08007995   Thumb Code   238  oled2.o(i.OLED_DrawHanzi)
    OLED_DrawPicture                         0x08007a8d   Thumb Code   142  oled2.o(i.OLED_DrawPicture)
    OLED_DrawPoint                           0x08007b1d   Thumb Code    92  oled2.o(i.OLED_DrawPoint)
    OLED_Init                                0x08007b7d   Thumb Code   266  oled.o(i.OLED_Init)
    OLED_Refresh                             0x08007c8d   Thumb Code   120  oled2.o(i.OLED_Refresh)
    OLED_ShowxcChar                          0x08007d0d   Thumb Code   254  oled2.o(i.OLED_ShowxcChar)
    OLED_ShowxcNum                           0x08007e19   Thumb Code   168  oled2.o(i.OLED_ShowxcNum)
    OLED_ShowxcString                        0x08007ec1   Thumb Code   112  oled2.o(i.OLED_ShowxcString)
    OLED_WR_Byte                             0x08007f31   Thumb Code   108  oled2.o(i.OLED_WR_Byte)
    OLED_tou                                 0x08007fa1   Thumb Code   312  ui.o(i.OLED_tou)
    PWM_PID                                  0x08008129   Thumb Code   166  moto.o(i.PWM_PID)
    PWM_SET                                  0x080081d5   Thumb Code   196  moto.o(i.PWM_SET)
    PendSV_Handler                           0x080082cd   Thumb Code     2  stm32f10x_it.o(i.PendSV_Handler)
    RCC_ADCCLKConfig                         0x080082d1   Thumb Code    18  stm32f10x_rcc.o(i.RCC_ADCCLKConfig)
    RCC_AHBPeriphClockCmd                    0x080082e9   Thumb Code    26  stm32f10x_rcc.o(i.RCC_AHBPeriphClockCmd)
    RCC_APB1PeriphClockCmd                   0x08008309   Thumb Code    26  stm32f10x_rcc.o(i.RCC_APB1PeriphClockCmd)
    RCC_APB1PeriphResetCmd                   0x08008329   Thumb Code    26  stm32f10x_rcc.o(i.RCC_APB1PeriphResetCmd)
    RCC_APB2PeriphClockCmd                   0x08008349   Thumb Code    26  stm32f10x_rcc.o(i.RCC_APB2PeriphClockCmd)
    RCC_APB2PeriphResetCmd                   0x08008369   Thumb Code    26  stm32f10x_rcc.o(i.RCC_APB2PeriphResetCmd)
    RCC_GetClocksFreq                        0x08008389   Thumb Code   192  stm32f10x_rcc.o(i.RCC_GetClocksFreq)
    SHOP_GPIO_init                           0x0800845d   Thumb Code   134  gpio.o(i.SHOP_GPIO_init)
    STMFLASH_Read                            0x080084f1   Thumb Code    34  stmflash.o(i.STMFLASH_Read)
    STMFLASH_ReadHalfWord                    0x08008513   Thumb Code     6  stmflash.o(i.STMFLASH_ReadHalfWord)
    STMFLASH_Write                           0x08008519   Thumb Code   222  stmflash.o(i.STMFLASH_Write)
    STMFLASH_Write_NoCheck                   0x08008601   Thumb Code    38  stmflash.o(i.STMFLASH_Write_NoCheck)
    SVC_Handler                              0x08008627   Thumb Code     2  stm32f10x_it.o(i.SVC_Handler)
    Set_188                                  0x08008711   Thumb Code   184  ui.o(i.Set_188)
    Set_188_a                                0x080087f9   Thumb Code    64  ui.o(i.Set_188_a)
    Set_a                                    0x08008841   Thumb Code   296  ui.o(i.Set_a)
    Set_b                                    0x080089a5   Thumb Code   216  ui.o(i.Set_b)
    Set_c                                    0x08008abd   Thumb Code   214  ui.o(i.Set_c)
    Set_d                                    0x08008bd5   Thumb Code   216  ui.o(i.Set_d)
    Set_e                                    0x08008ced   Thumb Code   480  ui.o(i.Set_e)
    Set_f                                    0x08008f0d   Thumb Code   368  ui.o(i.Set_f)
    Set_g                                    0x080090bd   Thumb Code   370  ui.o(i.Set_g)
    St178_Scanf                              0x08009271   Thumb Code  1520  st178.o(i.St178_Scanf)
    St188_Scanf                              0x08009881   Thumb Code  1774  st178.o(i.St188_Scanf)
    SysTick_CLKSourceConfig                  0x08009fcd   Thumb Code    40  misc.o(i.SysTick_CLKSourceConfig)
    SysTick_Handler                          0x08009ff5   Thumb Code     2  stm32f10x_it.o(i.SysTick_Handler)
    SystemInit                               0x08009ff9   Thumb Code    78  system_stm32f10x.o(i.SystemInit)
    TIM6_IRQHandler                          0x0800a299   Thumb Code   246  exti.o(i.TIM6_IRQHandler)
    TIM7_BaseTime_Init                       0x0800a3c1   Thumb Code    88  moto.o(i.TIM7_BaseTime_Init)
    TIM7_IRQHandler                          0x0800a41d   Thumb Code  2014  moto.o(i.TIM7_IRQHandler)
    TIM_ARRPreloadConfig                     0x0800ac35   Thumb Code    24  stm32f10x_tim.o(i.TIM_ARRPreloadConfig)
    TIM_ClearITPendingBit                    0x0800ac4d   Thumb Code     6  stm32f10x_tim.o(i.TIM_ClearITPendingBit)
    TIM_Cmd                                  0x0800ac53   Thumb Code    24  stm32f10x_tim.o(i.TIM_Cmd)
    TIM_CtrlPWMOutputs                       0x0800ac6b   Thumb Code    30  stm32f10x_tim.o(i.TIM_CtrlPWMOutputs)
    TIM_DeInit                               0x0800ac89   Thumb Code   424  stm32f10x_tim.o(i.TIM_DeInit)
    TIM_EncoderInterfaceConfig               0x0800ae71   Thumb Code    66  stm32f10x_tim.o(i.TIM_EncoderInterfaceConfig)
    TIM_GetITStatus                          0x0800aeb3   Thumb Code    34  stm32f10x_tim.o(i.TIM_GetITStatus)
    TIM_ICInit                               0x0800aed5   Thumb Code   150  stm32f10x_tim.o(i.TIM_ICInit)
    TIM_ICStructInit                         0x0800af81   Thumb Code    18  stm32f10x_tim.o(i.TIM_ICStructInit)
    TIM_ITConfig                             0x0800af93   Thumb Code    18  stm32f10x_tim.o(i.TIM_ITConfig)
    TIM_OC1Init                              0x0800afa5   Thumb Code   132  stm32f10x_tim.o(i.TIM_OC1Init)
    TIM_OC1PreloadConfig                     0x0800b03d   Thumb Code    18  stm32f10x_tim.o(i.TIM_OC1PreloadConfig)
    TIM_OC2Init                              0x0800b051   Thumb Code   154  stm32f10x_tim.o(i.TIM_OC2Init)
    TIM_OC2PreloadConfig                     0x0800b0f5   Thumb Code    26  stm32f10x_tim.o(i.TIM_OC2PreloadConfig)
    TIM_OC3Init                              0x0800b111   Thumb Code   150  stm32f10x_tim.o(i.TIM_OC3Init)
    TIM_OC3PreloadConfig                     0x0800b1b1   Thumb Code    18  stm32f10x_tim.o(i.TIM_OC3PreloadConfig)
    TIM_OC4Init                              0x0800b1c5   Thumb Code   114  stm32f10x_tim.o(i.TIM_OC4Init)
    TIM_OC4PreloadConfig                     0x0800b241   Thumb Code    26  stm32f10x_tim.o(i.TIM_OC4PreloadConfig)
    TIM_SetCompare1                          0x0800b25b   Thumb Code     4  stm32f10x_tim.o(i.TIM_SetCompare1)
    TIM_SetCompare2                          0x0800b25f   Thumb Code     4  stm32f10x_tim.o(i.TIM_SetCompare2)
    TIM_SetCompare3                          0x0800b263   Thumb Code     4  stm32f10x_tim.o(i.TIM_SetCompare3)
    TIM_SetCompare4                          0x0800b267   Thumb Code     6  stm32f10x_tim.o(i.TIM_SetCompare4)
    TIM_SetIC1Prescaler                      0x0800b26d   Thumb Code    18  stm32f10x_tim.o(i.TIM_SetIC1Prescaler)
    TIM_SetIC2Prescaler                      0x0800b27f   Thumb Code    26  stm32f10x_tim.o(i.TIM_SetIC2Prescaler)
    TIM_SetIC3Prescaler                      0x0800b299   Thumb Code    18  stm32f10x_tim.o(i.TIM_SetIC3Prescaler)
    TIM_SetIC4Prescaler                      0x0800b2ab   Thumb Code    26  stm32f10x_tim.o(i.TIM_SetIC4Prescaler)
    TIM_TimeBaseInit                         0x0800b2c5   Thumb Code   122  stm32f10x_tim.o(i.TIM_TimeBaseInit)
    Temp_Set                                 0x0800b369   Thumb Code   160  ui.o(i.Temp_Set)
    USART1_IRQHandler                        0x0800b429   Thumb Code   116  usart.o(i.USART1_IRQHandler)
    USART2_IRQHandler                        0x0800b4a9   Thumb Code   122  usart.o(i.USART2_IRQHandler)
    USART3_IRQHandler                        0x0800b535   Thumb Code   242  usart.o(i.USART3_IRQHandler)
    USART3_Putc                              0x0800b659   Thumb Code    22  usart.o(i.USART3_Putc)
    USART3_Puts                              0x0800b675   Thumb Code    38  usart.o(i.USART3_Puts)
    USART_Cmd                                0x0800b6a1   Thumb Code    24  stm32f10x_usart.o(i.USART_Cmd)
    USART_GetFlagStatus                      0x0800b6b9   Thumb Code    26  stm32f10x_usart.o(i.USART_GetFlagStatus)
    USART_GetITStatus                        0x0800b6d3   Thumb Code    84  stm32f10x_usart.o(i.USART_GetITStatus)
    USART_ITConfig                           0x0800b727   Thumb Code    74  stm32f10x_usart.o(i.USART_ITConfig)
    USART_Init                               0x0800b771   Thumb Code   210  stm32f10x_usart.o(i.USART_Init)
    USART_ReceiveData                        0x0800b849   Thumb Code    10  stm32f10x_usart.o(i.USART_ReceiveData)
    USART_SendData                           0x0800b853   Thumb Code     8  stm32f10x_usart.o(i.USART_SendData)
    UsageFault_Handler                       0x0800b85b   Thumb Code     4  stm32f10x_it.o(i.UsageFault_Handler)
    WEI_PID                                  0x0800b861   Thumb Code   604  moto.o(i.WEI_PID)
    XIANFU                                   0x0800bb0d   Thumb Code    34  moto.o(i.XIANFU)
    Zhua                                     0x0800bb35   Thumb Code   434  hand.o(i.Zhua)
    Zhua_mid                                 0x0800bd75   Thumb Code   468  hand.o(i.Zhua_mid)
    __ARM_fpclassify                         0x0800c091   Thumb Code    40  fpclassify.o(i.__ARM_fpclassify)
    __kernel_poly                            0x0800c0b9   Thumb Code   170  poly.o(i.__kernel_poly)
    __mathlib_dbl_divzero                    0x0800c165   Thumb Code    12  dunder.o(i.__mathlib_dbl_divzero)
    __mathlib_dbl_infnan2                    0x0800c175   Thumb Code     4  dunder.o(i.__mathlib_dbl_infnan2)
    __mathlib_dbl_invalid                    0x0800c179   Thumb Code    12  dunder.o(i.__mathlib_dbl_invalid)
    __mathlib_dbl_overflow                   0x0800c185   Thumb Code    14  dunder.o(i.__mathlib_dbl_overflow)
    __mathlib_dbl_underflow                  0x0800c195   Thumb Code    10  dunder.o(i.__mathlib_dbl_underflow)
    _is_digit                                0x0800c1a5   Thumb Code    14  __printf_wp.o(i._is_digit)
    _sys_exit                                0x0800c1b3   Thumb Code     4  usart.o(i._sys_exit)
    bxcls                                    0x0800c1b9   Thumb Code     8  st178.o(i.bxcls)
    ce_1                                     0x0800c1c5   Thumb Code    12  move.o(i.ce_1)
    ce_2                                     0x0800c1d5   Thumb Code    12  move.o(i.ce_2)
    change                                   0x0800c1e5   Thumb Code   954  ui.o(i.change)
    change_uart                              0x0800c5e5   Thumb Code   980  ui.o(i.change_uart)
    delay_init                               0x0800c9fd   Thumb Code    50  delay.o(i.delay_init)
    delay_ms                                 0x0800ca41   Thumb Code    72  delay.o(i.delay_ms)
    fputc                                    0x0800ca8d   Thumb Code   100  usart.o(i.fputc)
    fzclose                                  0x0800cb01   Thumb Code    12  exti.o(i.fzclose)
    fzopen                                   0x0800cb11   Thumb Code    40  exti.o(i.fzopen)
    main                                     0x0800cb4d   Thumb Code    90  main.o(i.main)
    oled_pow                                 0x0800cba7   Thumb Code    22  oled2.o(i.oled_pow)
    pow                                      0x0800cbbd   Thumb Code  2478  pow.o(i.pow)
    read_from_flash                          0x0800d575   Thumb Code   136  ui.o(i.read_from_flash)
    save_to_flash                            0x0800d615   Thumb Code   192  ui.o(i.save_to_flash)
    shuzu                                    0x0800d6ed   Thumb Code   230  move.o(i.shuzu)
    sqrt                                     0x0800d7d3   Thumb Code    76  sqrt.o(i.sqrt)
    stop                                     0x0800d821   Thumb Code    90  moto.o(i.stop)
    uart1_init                               0x0800d8a9   Thumb Code   152  usart.o(i.uart1_init)
    uart2_init                               0x0800d949   Thumb Code   154  usart.o(i.uart2_init)
    uart3_init                               0x0800d9ed   Thumb Code   160  usart.o(i.uart3_init)
    _get_lc_numeric                          0x0800da95   Thumb Code    44  lc_numeric_c.o(locale$$code)
    __aeabi_d2f                              0x0800dac1   Thumb Code     0  d2f.o(x$fpl$d2f)
    _d2f                                     0x0800dac1   Thumb Code    98  d2f.o(x$fpl$d2f)
    __aeabi_dadd                             0x0800db25   Thumb Code     0  daddsub_clz.o(x$fpl$dadd)
    _dadd                                    0x0800db25   Thumb Code   332  daddsub_clz.o(x$fpl$dadd)
    __fpl_dcheck_NaN1                        0x0800dc75   Thumb Code    10  dcheck1.o(x$fpl$dcheck1)
    __fpl_dcmp_Inf                           0x0800dc85   Thumb Code    24  dcmpi.o(x$fpl$dcmpinf)
    __aeabi_ddiv                             0x0800dc9d   Thumb Code     0  ddiv.o(x$fpl$ddiv)
    _ddiv                                    0x0800dc9d   Thumb Code   552  ddiv.o(x$fpl$ddiv)
    __aeabi_d2iz                             0x0800df4d   Thumb Code     0  dfix.o(x$fpl$dfix)
    _dfix                                    0x0800df4d   Thumb Code    94  dfix.o(x$fpl$dfix)
    __aeabi_i2d                              0x0800dfab   Thumb Code     0  dflt_clz.o(x$fpl$dflt)
    _dflt                                    0x0800dfab   Thumb Code    46  dflt_clz.o(x$fpl$dflt)
    __aeabi_ui2d                             0x0800dfd9   Thumb Code     0  dflt_clz.o(x$fpl$dfltu)
    _dfltu                                   0x0800dfd9   Thumb Code    38  dflt_clz.o(x$fpl$dfltu)
    __aeabi_cdcmple                          0x0800e001   Thumb Code     0  dleqf.o(x$fpl$dleqf)
    _dcmple                                  0x0800e001   Thumb Code   120  dleqf.o(x$fpl$dleqf)
    __fpl_dcmple_InfNaN                      0x0800e063   Thumb Code     0  dleqf.o(x$fpl$dleqf)
    __aeabi_dmul                             0x0800e079   Thumb Code     0  dmul.o(x$fpl$dmul)
    _dmul                                    0x0800e079   Thumb Code   332  dmul.o(x$fpl$dmul)
    __fpl_dnaninf                            0x0800e1cd   Thumb Code   156  dnaninf.o(x$fpl$dnaninf)
    __fpl_dretinf                            0x0800e269   Thumb Code    12  dretinf.o(x$fpl$dretinf)
    __aeabi_cdrcmple                         0x0800e275   Thumb Code     0  drleqf.o(x$fpl$drleqf)
    _drcmple                                 0x0800e275   Thumb Code   108  drleqf.o(x$fpl$drleqf)
    __aeabi_drsub                            0x0800e2e1   Thumb Code     0  daddsub_clz.o(x$fpl$drsb)
    _drsb                                    0x0800e2e1   Thumb Code    22  daddsub_clz.o(x$fpl$drsb)
    _dsqrt                                   0x0800e2f9   Thumb Code   456  dsqrt_noumaal.o(x$fpl$dsqrt)
    __aeabi_dsub                             0x0800e4c5   Thumb Code     0  daddsub_clz.o(x$fpl$dsub)
    _dsub                                    0x0800e4c5   Thumb Code   464  daddsub_clz.o(x$fpl$dsub)
    __aeabi_f2d                              0x0800e699   Thumb Code     0  f2d.o(x$fpl$f2d)
    _f2d                                     0x0800e699   Thumb Code    86  f2d.o(x$fpl$f2d)
    __aeabi_fadd                             0x0800e6f1   Thumb Code     0  faddsub_clz.o(x$fpl$fadd)
    _fadd                                    0x0800e6f1   Thumb Code   196  faddsub_clz.o(x$fpl$fadd)
    __fpl_fcmp_Inf                           0x0800e7b5   Thumb Code    24  fcmpi.o(x$fpl$fcmpinf)
    __aeabi_f2iz                             0x0800e7cd   Thumb Code     0  ffix.o(x$fpl$ffix)
    _ffix                                    0x0800e7cd   Thumb Code    54  ffix.o(x$fpl$ffix)
    __aeabi_i2f                              0x0800e805   Thumb Code     0  fflt_clz.o(x$fpl$fflt)
    _fflt                                    0x0800e805   Thumb Code    48  fflt_clz.o(x$fpl$fflt)
    __aeabi_ui2f                             0x0800e835   Thumb Code     0  fflt_clz.o(x$fpl$ffltu)
    _ffltu                                   0x0800e835   Thumb Code    38  fflt_clz.o(x$fpl$ffltu)
    __aeabi_cfcmple                          0x0800e85d   Thumb Code     0  fleqf.o(x$fpl$fleqf)
    _fcmple                                  0x0800e85d   Thumb Code   104  fleqf.o(x$fpl$fleqf)
    __fpl_fcmple_InfNaN                      0x0800e8af   Thumb Code     0  fleqf.o(x$fpl$fleqf)
    __aeabi_fmul                             0x0800e8c5   Thumb Code     0  fmul.o(x$fpl$fmul)
    _fmul                                    0x0800e8c5   Thumb Code   258  fmul.o(x$fpl$fmul)
    __fpl_fnaninf                            0x0800e9c7   Thumb Code   140  fnaninf.o(x$fpl$fnaninf)
    __fpl_fretinf                            0x0800ea53   Thumb Code    10  fretinf.o(x$fpl$fretinf)
    __aeabi_cfrcmple                         0x0800ea5d   Thumb Code     0  frleqf.o(x$fpl$frleqf)
    _frcmple                                 0x0800ea5d   Thumb Code    98  frleqf.o(x$fpl$frleqf)
    __aeabi_frsub                            0x0800eabf   Thumb Code     0  faddsub_clz.o(x$fpl$frsb)
    _frsb                                    0x0800eabf   Thumb Code    20  faddsub_clz.o(x$fpl$frsb)
    __aeabi_fsub                             0x0800ead5   Thumb Code     0  faddsub_clz.o(x$fpl$fsub)
    _fsub                                    0x0800ead5   Thumb Code   234  faddsub_clz.o(x$fpl$fsub)
    _printf_fp_dec                           0x0800ebbf   Thumb Code     4  printf1.o(x$fpl$printf1)
    __fpl_return_NaN                         0x0800ebc3   Thumb Code   100  retnan.o(x$fpl$retnan)
    __ARM_scalbn                             0x0800ec27   Thumb Code    92  scalbn.o(x$fpl$scalbn)
    __fpl_cmpreturn                          0x0800ec83   Thumb Code    48  trapv.o(x$fpl$trapveneer)
    F6x8                                     0x0800ecb2   Data         552  oled.o(.constdata)
    __I$use$fp                               0x0800ecb2   Number         0  usenofp.o(x$fpl$usenofp)
    ST16x16_Idx                              0x0800eeda   Data         269  oled.o(.constdata)
    ST16x16                                  0x0800efe7   Data        4288  oled.o(.constdata)
    F14x16_Idx                               0x080100a7   Data          37  oled.o(.constdata)
    F14x16                                   0x080100cc   Data         504  oled.o(.constdata)
    F8X16                                    0x080102c4   Data        1520  oled.o(.constdata)
    F6x88                                    0x080108b4   Data         552  oled2.o(.constdata)
    F88X16                                   0x08010adc   Data        1520  oled2.o(.constdata)
    asc2_1206                                0x080110cc   Data        1140  oled2.o(.constdata)
    asc2_1608                                0x08011540   Data        1520  oled2.o(.constdata)
    asc2_2412                                0x08011b30   Data        3420  oled2.o(.constdata)
    gImage_set                               0x0801288c   Data          72  oled2.o(.constdata)
    gImage_music_l                           0x080128d4   Data          72  oled2.o(.constdata)
    gImage_Record                            0x0801291c   Data          72  oled2.o(.constdata)
    gImage_Game                              0x08012964   Data          72  oled2.o(.constdata)
    gImage_txt                               0x080129ac   Data          72  oled2.o(.constdata)
    gImage_Internet                          0x080129f4   Data          72  oled2.o(.constdata)
    gImage_Nrf                               0x08012a3c   Data          72  oled2.o(.constdata)
    gImage_Tem                               0x08012a84   Data          72  oled2.o(.constdata)
    gImage_timer                             0x08012acc   Data          72  oled2.o(.constdata)
    gImage_benz                              0x08012b14   Data          72  oled2.o(.constdata)
    hanzi                                    0x08012b5c   Data         768  oled2.o(.constdata)
    miaobiao                                 0x08012e5c   Data        1584  oled2.o(.constdata)
    OLED_ST16x16_Idx                         0x0801348c   Data          77  oled2.o(.constdata)
    OLED_ST16x16                             0x080134d9   Data        1216  oled2.o(.constdata)
    xiaohanzi                                0x08013999   Data          16  oled2.o(.constdata)
    __mathlib_zero                           0x08013a58   Data           8  qnan.o(.constdata)
    Region$$Table$$Base                      0x08013af4   Number         0  anon$$obj.o(Region$$Table)
    Region$$Table$$Limit                     0x08013b14   Number         0  anon$$obj.o(Region$$Table)
    AD_test                                  0x20000000   Data           4  main.o(.data)
    tx_qian                                  0x20000004   Data           4  main.o(.data)
    tx_hou                                   0x20000008   Data           4  main.o(.data)
    SystemCoreClock                          0x2000000c   Data           4  system_stm32f10x.o(.data)
    AHBPrescTable                            0x20000010   Data          16  system_stm32f10x.o(.data)
    USART_PRINTF_FLAG                        0x20000024   Data           4  usart.o(.data)
    __stdout                                 0x20000028   Data           4  usart.o(.data)
    USART1_RX_STA                            0x2000002c   Data           2  usart.o(.data)
    USART2_RX_STA                            0x2000002e   Data           2  usart.o(.data)
    USART3_RX_STA                            0x20000030   Data           2  usart.o(.data)
    RX3_count                                0x20000032   Data           2  usart.o(.data)
    DZXYlogo                                 0x2000004a   Data        1024  oled.o(.data)
    TZXYlogo                                 0x2000044a   Data         512  oled.o(.data)
    weizhi                                   0x2000064a   Data         256  oled.o(.data)
    dianchi                                  0x2000074a   Data          64  oled.o(.data)
    xinghao                                  0x2000078a   Data          64  oled.o(.data)
    xinghao2                                 0x200007ca   Data          64  oled.o(.data)
    xinghao3                                 0x2000080a   Data          64  oled.o(.data)
    xinghao4                                 0x2000084a   Data          32  oled.o(.data)
    shitou                                   0x2000086a   Data         288  oled.o(.data)
    jiandao                                  0x2000098a   Data         288  oled.o(.data)
    bu                                       0x20000aaa   Data         288  oled.o(.data)
    Key_Num                                  0x20000bca   Data           1  adc_config.o(.data)
    Keykey_Flag                              0x20000bcb   Data           1  adc_config.o(.data)
    KEY_TYPE                                 0x20000bcc   Data           1  adc_config.o(.data)
    oled_st188                               0x20000bd4   Data           1  st178.o(.data)
    DEF_FLAGE                                0x20000bd5   Data           1  st178.o(.data)
    chazhi_qh                                0x20000bd8   Data           4  st178.o(.data)
    chazhi_zy                                0x20000bdc   Data           4  st178.o(.data)
    q_q                                      0x20000be0   Data           1  st178.o(.data)
    h_h                                      0x20000be1   Data           1  st178.o(.data)
    q_q_q                                    0x20000be2   Data           1  st178.o(.data)
    h_h_h                                    0x20000be3   Data           1  st178.o(.data)
    z_z                                      0x20000be4   Data           1  st178.o(.data)
    y_y                                      0x20000be5   Data           1  st178.o(.data)
    z_z_z                                    0x20000be6   Data           1  st178.o(.data)
    y_y_y                                    0x20000be7   Data           1  st178.o(.data)
    BX_FLAGE                                 0x20000be8   Data           1  st178.o(.data)
    st188_date1sum                           0x20000bec   Data           8  st178.o(.data)
    st188_date2sum                           0x20000bf4   Data           8  st178.o(.data)
    st188_date3sum                           0x20000bfc   Data           8  st178.o(.data)
    st188_date4sum                           0x20000c04   Data           8  st178.o(.data)
    qian_sum                                 0x20000c0c   Data           4  st178.o(.data)
    hou_sum                                  0x20000c10   Data           4  st178.o(.data)
    zuo_sum                                  0x20000c14   Data           4  st178.o(.data)
    you_sum                                  0x20000c18   Data           4  st178.o(.data)
    shu_z                                    0x20000c1c   Data           8  st178.o(.data)
    shu_y                                    0x20000c24   Data           8  st178.o(.data)
    ii                                       0x20000c30   Data           4  moto.o(.data)
    tt                                       0x20000c34   Data           2  moto.o(.data)
    aa                                       0x20000c36   Data           1  moto.o(.data)
    FX                                       0x20000c37   Data           1  moto.o(.data)
    pwm_time                                 0x20000c38   Data           4  moto.o(.data)
    sum_flag                                 0x20000c3c   Data           2  moto.o(.data)
    sum_value                                0x20000c3e   Data           2  moto.o(.data)
    pidflag                                  0x20000c40   Data           1  moto.o(.data)
    sum_value1                               0x20000c42   Data           2  moto.o(.data)
    sum_value2                               0x20000c44   Data           2  moto.o(.data)
    sum_cha                                  0x20000c46   Data           2  moto.o(.data)
    KP                                       0x20000c48   Data           4  moto.o(.data)
    KI                                       0x20000c4c   Data           4  moto.o(.data)
    KD                                       0x20000c50   Data           4  moto.o(.data)
    stop_TIM                                 0x20000c54   Data           1  moto.o(.data)
    tim7_start                               0x20000c55   Data           1  moto.o(.data)
    velocity_PID_KP_qh                       0x20000c56   Data           5  moto.o(.data)
    velocity_PID_KD_qh                       0x20000c5b   Data           5  moto.o(.data)
    g_nInterrupt_Count                       0x20000c60   Data           1  moto.o(.data)
    velocity_KP                              0x20000c64   Data           4  moto.o(.data)
    velocity_KI                              0x20000c68   Data           4  moto.o(.data)
    velocity_KD                              0x20000c6c   Data           4  moto.o(.data)
    Encoder_Integral                         0x20000c70   Data           4  moto.o(.data)
    ll_PWM                                   0x20000c74   Data           4  moto.o(.data)
    lr_PWM                                   0x20000c78   Data           4  moto.o(.data)
    bl_PWM                                   0x20000c7c   Data           4  moto.o(.data)
    br_PWM                                   0x20000c80   Data           4  moto.o(.data)
    speed                                    0x20000c84   Data           4  moto.o(.data)
    speed_carrage                            0x20000c88   Data          10  moto.o(.data)
    FX_flag                                  0x20000c9c   Data           1  move.o(.data)
    move_BUFF_SET_hang                       0x20000c9d   Data           1  move.o(.data)
    move_BUFF_SET2_hang                      0x20000c9e   Data           1  move.o(.data)
    move_BUFF_SET3_hang                      0x20000c9f   Data           1  move.o(.data)
    ce_move1_BUFF                            0x20000ca0   Data         110  move.o(.data)
    ce_move2_BUFF                            0x20000d0e   Data         110  move.o(.data)
    chu_1                                    0x20000d7c   Data          66  move.o(.data)
    chu_2                                    0x20000dbe   Data          44  move.o(.data)
    j                                        0x20000dec   Data           1  ui.o(.data)
    Infoflag                                 0x20000ded   Data           1  ui.o(.data)
    hou                                      0x20000dee   Data         150  ui.o(.data)
    qian                                     0x20000e84   Data         150  ui.o(.data)
    xiacsd                                   0x20000f1a   Data          15  ui.o(.data)
    zhiling                                  0x20000f29   Data         240  ui.o(.data)
    a                                        0x20001019   Data         620  ui.o(.data)
    b                                        0x20001285   Data         345  ui.o(.data)
    c                                        0x200013de   Data         380  ui.o(.data)
    d                                        0x2000155a   Data         375  ui.o(.data)
    e                                        0x200016d1   Data         370  ui.o(.data)
    a1                                       0x20001843   Data         230  ui.o(.data)
    b1                                       0x20001929   Data         455  ui.o(.data)
    c1                                       0x20001af0   Data         465  ui.o(.data)
    d1                                       0x20001cc1   Data         460  ui.o(.data)
    e1                                       0x20001e8d   Data           5  ui.o(.data)
    a2                                       0x20001e92   Data         550  ui.o(.data)
    b2                                       0x200020b8   Data         465  ui.o(.data)
    c2                                       0x20002289   Data         465  ui.o(.data)
    d2                                       0x2000245a   Data         475  ui.o(.data)
    e2                                       0x20002635   Data         540  ui.o(.data)
    paizhao                                  0x20002851   Data           5  ui.o(.data)
    move_flag                                0x20002856   Data           1  ui.o(.data)
    move_flag1                               0x20002857   Data           1  ui.o(.data)
    move_flag2                               0x20002858   Data           1  ui.o(.data)
    move_flag3                               0x20002859   Data           1  ui.o(.data)
    KeyFuncIndex                             0x2000285a   Data           1  ui.o(.data)
    KeyFuncPtr                               0x2000285c   Data           4  ui.o(.data)
    KeyTab                                   0x20002860   Data         480  ui.o(.data)
    cunchu                                   0x20002a42   Data           4  exti.o(.data)
    z_cha                                    0x20002a46   Data           1  exti.o(.data)
    y_cha                                    0x20002a47   Data           1  exti.o(.data)
    q_cha                                    0x20002a48   Data           1  exti.o(.data)
    h_cha                                    0x20002a49   Data           1  exti.o(.data)
    count_fz                                 0x20002a4a   Data           2  exti.o(.data)
    fz_flag                                  0x20002a4c   Data           1  exti.o(.data)
    USART1_RX_BUF                            0x20002a50   Data         200  usart.o(.bss)
    USART2_RX_BUF                            0x20002b18   Data         200  usart.o(.bss)
    USART3_RX_BUF                            0x20002be0   Data         200  usart.o(.bss)
    write                                    0x20002ca8   Data         288  oled.o(.bss)
    OLED_BUF                                 0x20002dc8   Data          64  oled.o(.bss)
    OLED2_BUF                                0x20002e08   Data         100  oled2.o(.bss)
    OLED_GRAM                                0x20002e6c   Data        1024  oled2.o(.bss)
    OLED_BCK_GRAM                            0x2000326c   Data        1024  oled2.o(.bss)
    ADC_DMA_ConvertedValue                   0x2000366c   Data          12  adc_config.o(.bss)
    shu_q                                    0x20003678   Data          16  st178.o(.bss)
    shu_h                                    0x20003688   Data          16  st178.o(.bss)
    Pid_fl                                   0x20003698   Data          40  moto.o(.bss)
    Pid_fr                                   0x200036c0   Data          40  moto.o(.bss)
    Pid_br                                   0x200036e8   Data          40  moto.o(.bss)
    Pid_bl                                   0x20003710   Data          40  moto.o(.bss)
    a_pwm                                    0x20003738   Data          12  moto.o(.bss)
    move_BUFF_SET                            0x20003744   Data          30  move.o(.bss)
    move_BUFF_SET2                           0x20003762   Data          30  move.o(.bss)
    move_BUFF_SET3                           0x20003780   Data          30  move.o(.bss)
    chu_3                                    0x2000379e   Data          66  move.o(.bss)
    chu_4                                    0x200037e0   Data          77  move.o(.bss)
    chu_5                                    0x2000382d   Data          33  move.o(.bss)
    sb                                       0x2000384e   Data          44  move.o(.bss)
    zou_1                                    0x2000387a   Data         242  move.o(.bss)
    zou_2                                    0x2000396c   Data         198  move.o(.bss)
    zou_3                                    0x20003a32   Data         110  move.o(.bss)
    fa_1                                     0x20003aa0   Data         297  move.o(.bss)
    fa_2                                     0x20003bc9   Data         330  move.o(.bss)
    fa_3                                     0x20003d13   Data         132  move.o(.bss)
    fangfa                                   0x20003d97   Data         154  move.o(.bss)
    fangfa_1                                 0x20003e31   Data         143  move.o(.bss)
    fangfa_2                                 0x20003ec0   Data          33  move.o(.bss)
    fangfa_3                                 0x20003ee1   Data         187  move.o(.bss)
    wujie                                    0x20003f9c   Data         132  move.o(.bss)
    tou                                      0x20004020   Data         231  move.o(.bss)
    LUXIAN1                                  0x20004107   Data         286  move.o(.bss)
    Speed_buffer                             0x20004226   Data          34  ui.o(.bss)
    STMFLASH_BUF                             0x20004248   Data        2048  stmflash.o(.bss)
    __libspace_start                         0x20004a48   Data          96  libspace.o(.bss)
    __temporary_stack_top$libspace           0x20004aa8   Data           0  libspace.o(.bss)



==============================================================================

Memory Map of the image

  Image Entry point : 0x08000235

  Load Region LR_1 (Base: 0x08000000, Size: 0x00016580, Max: 0xffffffff, ABSOLUTE, COMPRESSED[0x0001427c])

    Execution Region ER_RO (Exec base: 0x08000000, Load base: 0x08000000, Size: 0x00013b30, Max: 0xffffffff, ABSOLUTE)

    Exec Addr    Load Addr    Size         Type   Attr      Idx    E Section Name        Object

    0x08000000   0x08000000   0x00000130   Data   RO          463    RESET               startup_stm32f10x_hd.o
    0x08000130   0x08000130   0x00000008   Code   RO         4589  * !!!main             c_w.l(__main.o)
    0x08000138   0x08000138   0x00000034   Code   RO         4928    !!!scatter          c_w.l(__scatter.o)
    0x0800016c   0x0800016c   0x00000064   Code   RO         4926    !!dclz77c           c_w.l(__dclz77c.o)
    0x080001d0   0x080001d0   0x0000001c   Code   RO         4930    !!handler_zi        c_w.l(__scatter_zi.o)
    0x080001ec   0x080001ec   0x00000000   Code   RO         4580    .ARM.Collect$$_printf_percent$$00000000  c_w.l(_printf_percent.o)
    0x080001ec   0x080001ec   0x00000006   Code   RO         4579    .ARM.Collect$$_printf_percent$$00000003  c_w.l(_printf_f.o)
    0x080001f2   0x080001f2   0x00000006   Code   RO         4578    .ARM.Collect$$_printf_percent$$00000009  c_w.l(_printf_d.o)
    0x080001f8   0x080001f8   0x00000004   Code   RO         4670    .ARM.Collect$$_printf_percent$$00000017  c_w.l(_printf_percent_end.o)
    0x080001fc   0x080001fc   0x00000002   Code   RO         4800    .ARM.Collect$$libinit$$00000000  c_w.l(libinit.o)
    0x080001fe   0x080001fe   0x00000000   Code   RO         4802    .ARM.Collect$$libinit$$00000002  c_w.l(libinit2.o)
    0x080001fe   0x080001fe   0x00000000   Code   RO         4804    .ARM.Collect$$libinit$$00000004  c_w.l(libinit2.o)
    0x080001fe   0x080001fe   0x00000000   Code   RO         4807    .ARM.Collect$$libinit$$0000000A  c_w.l(libinit2.o)
    0x080001fe   0x080001fe   0x00000000   Code   RO         4809    .ARM.Collect$$libinit$$0000000C  c_w.l(libinit2.o)
    0x080001fe   0x080001fe   0x00000000   Code   RO         4811    .ARM.Collect$$libinit$$0000000E  c_w.l(libinit2.o)
    0x080001fe   0x080001fe   0x00000006   Code   RO         4812    .ARM.Collect$$libinit$$0000000F  c_w.l(libinit2.o)
    0x08000204   0x08000204   0x00000000   Code   RO         4814    .ARM.Collect$$libinit$$00000011  c_w.l(libinit2.o)
    0x08000204   0x08000204   0x00000000   Code   RO         4816    .ARM.Collect$$libinit$$00000013  c_w.l(libinit2.o)
    0x08000204   0x08000204   0x00000000   Code   RO         4818    .ARM.Collect$$libinit$$00000015  c_w.l(libinit2.o)
    0x08000204   0x08000204   0x0000000a   Code   RO         4819    .ARM.Collect$$libinit$$00000016  c_w.l(libinit2.o)
    0x0800020e   0x0800020e   0x00000000   Code   RO         4820    .ARM.Collect$$libinit$$00000017  c_w.l(libinit2.o)
    0x0800020e   0x0800020e   0x00000000   Code   RO         4822    .ARM.Collect$$libinit$$00000019  c_w.l(libinit2.o)
    0x0800020e   0x0800020e   0x00000000   Code   RO         4824    .ARM.Collect$$libinit$$0000001B  c_w.l(libinit2.o)
    0x0800020e   0x0800020e   0x00000000   Code   RO         4826    .ARM.Collect$$libinit$$0000001D  c_w.l(libinit2.o)
    0x0800020e   0x0800020e   0x00000000   Code   RO         4828    .ARM.Collect$$libinit$$0000001F  c_w.l(libinit2.o)
    0x0800020e   0x0800020e   0x00000000   Code   RO         4830    .ARM.Collect$$libinit$$00000021  c_w.l(libinit2.o)
    0x0800020e   0x0800020e   0x00000000   Code   RO         4832    .ARM.Collect$$libinit$$00000023  c_w.l(libinit2.o)
    0x0800020e   0x0800020e   0x00000000   Code   RO         4834    .ARM.Collect$$libinit$$00000025  c_w.l(libinit2.o)
    0x0800020e   0x0800020e   0x00000000   Code   RO         4838    .ARM.Collect$$libinit$$0000002C  c_w.l(libinit2.o)
    0x0800020e   0x0800020e   0x00000000   Code   RO         4840    .ARM.Collect$$libinit$$0000002E  c_w.l(libinit2.o)
    0x0800020e   0x0800020e   0x00000000   Code   RO         4842    .ARM.Collect$$libinit$$00000030  c_w.l(libinit2.o)
    0x0800020e   0x0800020e   0x00000000   Code   RO         4844    .ARM.Collect$$libinit$$00000032  c_w.l(libinit2.o)
    0x0800020e   0x0800020e   0x00000002   Code   RO         4845    .ARM.Collect$$libinit$$00000033  c_w.l(libinit2.o)
    0x08000210   0x08000210   0x00000002   Code   RO         4877    .ARM.Collect$$libshutdown$$00000000  c_w.l(libshutdown.o)
    0x08000212   0x08000212   0x00000000   Code   RO         4887    .ARM.Collect$$libshutdown$$00000003  c_w.l(libshutdown2.o)
    0x08000212   0x08000212   0x00000000   Code   RO         4890    .ARM.Collect$$libshutdown$$00000006  c_w.l(libshutdown2.o)
    0x08000212   0x08000212   0x00000000   Code   RO         4893    .ARM.Collect$$libshutdown$$00000009  c_w.l(libshutdown2.o)
    0x08000212   0x08000212   0x00000000   Code   RO         4895    .ARM.Collect$$libshutdown$$0000000B  c_w.l(libshutdown2.o)
    0x08000212   0x08000212   0x00000000   Code   RO         4898    .ARM.Collect$$libshutdown$$0000000E  c_w.l(libshutdown2.o)
    0x08000212   0x08000212   0x00000002   Code   RO         4899    .ARM.Collect$$libshutdown$$0000000F  c_w.l(libshutdown2.o)
    0x08000214   0x08000214   0x00000000   Code   RO         4657    .ARM.Collect$$rtentry$$00000000  c_w.l(__rtentry.o)
    0x08000214   0x08000214   0x00000000   Code   RO         4718    .ARM.Collect$$rtentry$$00000002  c_w.l(__rtentry2.o)
    0x08000214   0x08000214   0x00000006   Code   RO         4730    .ARM.Collect$$rtentry$$00000004  c_w.l(__rtentry4.o)
    0x0800021a   0x0800021a   0x00000000   Code   RO         4720    .ARM.Collect$$rtentry$$00000009  c_w.l(__rtentry2.o)
    0x0800021a   0x0800021a   0x00000004   Code   RO         4721    .ARM.Collect$$rtentry$$0000000A  c_w.l(__rtentry2.o)
    0x0800021e   0x0800021e   0x00000000   Code   RO         4723    .ARM.Collect$$rtentry$$0000000C  c_w.l(__rtentry2.o)
    0x0800021e   0x0800021e   0x00000008   Code   RO         4724    .ARM.Collect$$rtentry$$0000000D  c_w.l(__rtentry2.o)
    0x08000226   0x08000226   0x00000002   Code   RO         4848    .ARM.Collect$$rtexit$$00000000  c_w.l(rtexit.o)
    0x08000228   0x08000228   0x00000000   Code   RO         4857    .ARM.Collect$$rtexit$$00000002  c_w.l(rtexit2.o)
    0x08000228   0x08000228   0x00000004   Code   RO         4858    .ARM.Collect$$rtexit$$00000003  c_w.l(rtexit2.o)
    0x0800022c   0x0800022c   0x00000006   Code   RO         4859    .ARM.Collect$$rtexit$$00000004  c_w.l(rtexit2.o)
    0x08000232   0x08000232   0x00000002   PAD
    0x08000234   0x08000234   0x00000040   Code   RO          464  * .text               startup_stm32f10x_hd.o
    0x08000274   0x08000274   0x00000002   Code   RO         4542    .text               c_w.l(use_no_semi_2.o)
    0x08000276   0x08000276   0x00000002   PAD
    0x08000278   0x08000278   0x00000018   Code   RO         4548    .text               c_w.l(noretval__2printf.o)
    0x08000290   0x08000290   0x00000028   Code   RO         4550    .text               c_w.l(noretval__2sprintf.o)
    0x080002b8   0x080002b8   0x0000004e   Code   RO         4554    .text               c_w.l(_printf_pad.o)
    0x08000306   0x08000306   0x00000002   PAD
    0x08000308   0x08000308   0x00000078   Code   RO         4556    .text               c_w.l(_printf_dec.o)
    0x08000380   0x08000380   0x0000010e   Code   RO         4566    .text               c_w.l(__printf_wp.o)
    0x0800048e   0x0800048e   0x00000064   Code   RO         4581    .text               c_w.l(rt_memcpy_w.o)
    0x080004f2   0x080004f2   0x00000044   Code   RO         4583    .text               c_w.l(rt_memclr.o)
    0x08000536   0x08000536   0x0000004e   Code   RO         4585    .text               c_w.l(rt_memclr_w.o)
    0x08000584   0x08000584   0x00000006   Code   RO         4587    .text               c_w.l(heapauxi.o)
    0x0800058a   0x0800058a   0x00000002   Code   RO         4655    .text               c_w.l(use_no_semi.o)
    0x0800058c   0x0800058c   0x00000016   Code   RO         4658    .text               c_w.l(_rserrno.o)
    0x080005a2   0x080005a2   0x000000b2   Code   RO         4660    .text               c_w.l(_printf_intcommon.o)
    0x08000654   0x08000654   0x0000041a   Code   RO         4662    .text               c_w.l(_printf_fp_dec.o)
    0x08000a6e   0x08000a6e   0x00000002   PAD
    0x08000a70   0x08000a70   0x00000030   Code   RO         4664    .text               c_w.l(_printf_char_common.o)
    0x08000aa0   0x08000aa0   0x0000000a   Code   RO         4666    .text               c_w.l(_sputc.o)
    0x08000aaa   0x08000aaa   0x00000002   PAD
    0x08000aac   0x08000aac   0x00000024   Code   RO         4668    .text               c_w.l(_printf_char_file.o)
    0x08000ad0   0x08000ad0   0x00000008   Code   RO         4735    .text               c_w.l(rt_locale_intlibspace.o)
    0x08000ad8   0x08000ad8   0x00000008   Code   RO         4740    .text               c_w.l(rt_errno_addr_intlibspace.o)
    0x08000ae0   0x08000ae0   0x0000008a   Code   RO         4742    .text               c_w.l(lludiv10.o)
    0x08000b6a   0x08000b6a   0x00000002   PAD
    0x08000b6c   0x08000b6c   0x00000080   Code   RO         4744    .text               c_w.l(_printf_fp_infnan.o)
    0x08000bec   0x08000bec   0x000000dc   Code   RO         4748    .text               c_w.l(bigflt0.o)
    0x08000cc8   0x08000cc8   0x00000008   Code   RO         4773    .text               c_w.l(ferror.o)
    0x08000cd0   0x08000cd0   0x00000008   Code   RO         4786    .text               c_w.l(libspace.o)
    0x08000cd8   0x08000cd8   0x0000004a   Code   RO         4789    .text               c_w.l(sys_stackheap_outer.o)
    0x08000d22   0x08000d22   0x0000000c   Code   RO         4791    .text               c_w.l(exit.o)
    0x08000d2e   0x08000d2e   0x00000002   PAD
    0x08000d30   0x08000d30   0x00000080   Code   RO         4793    .text               c_w.l(strcmpv7m.o)
    0x08000db0   0x08000db0   0x0000003e   Code   RO         4751    CL$$btod_d2e        c_w.l(btod.o)
    0x08000dee   0x08000dee   0x00000046   Code   RO         4753    CL$$btod_d2e_denorm_low  c_w.l(btod.o)
    0x08000e34   0x08000e34   0x00000060   Code   RO         4752    CL$$btod_d2e_norm_op1  c_w.l(btod.o)
    0x08000e94   0x08000e94   0x00000338   Code   RO         4761    CL$$btod_div_common  c_w.l(btod.o)
    0x080011cc   0x080011cc   0x000000c6   Code   RO         4758    CL$$btod_e2e        c_w.l(btod.o)
    0x08001292   0x08001292   0x00000028   Code   RO         4755    CL$$btod_ediv       c_w.l(btod.o)
    0x080012ba   0x080012ba   0x00000028   Code   RO         4754    CL$$btod_emul       c_w.l(btod.o)
    0x080012e2   0x080012e2   0x00000244   Code   RO         4760    CL$$btod_mult_common  c_w.l(btod.o)
    0x08001526   0x08001526   0x00000016   Code   RO          510    i.ADC_Cmd           stm32f10x_adc.o
    0x0800153c   0x0800153c   0x00000016   Code   RO          511    i.ADC_DMACmd        stm32f10x_adc.o
    0x08001552   0x08001552   0x00000002   PAD
    0x08001554   0x08001554   0x00000060   Code   RO         3809    i.ADC_DMAInit       adc_config.o
    0x080015b4   0x080015b4   0x000000b0   Code   RO         3810    i.ADC_DMA_Configuration  adc_config.o
    0x08001664   0x08001664   0x0000005c   Code   RO          512    i.ADC_DeInit        stm32f10x_adc.o
    0x080016c0   0x080016c0   0x00000014   Code   RO          518    i.ADC_GetCalibrationStatus  stm32f10x_adc.o
    0x080016d4   0x080016d4   0x00000008   Code   RO          519    i.ADC_GetConversionValue  stm32f10x_adc.o
    0x080016dc   0x080016dc   0x00000012   Code   RO          521    i.ADC_GetFlagStatus  stm32f10x_adc.o
    0x080016ee   0x080016ee   0x00000014   Code   RO          524    i.ADC_GetResetCalibrationStatus  stm32f10x_adc.o
    0x08001702   0x08001702   0x00000002   PAD
    0x08001704   0x08001704   0x00000050   Code   RO          528    i.ADC_Init          stm32f10x_adc.o
    0x08001754   0x08001754   0x000000b8   Code   RO          532    i.ADC_RegularChannelConfig  stm32f10x_adc.o
    0x0800180c   0x0800180c   0x0000000a   Code   RO          533    i.ADC_ResetCalibration  stm32f10x_adc.o
    0x08001816   0x08001816   0x00000016   Code   RO          535    i.ADC_SoftwareStartConvCmd  stm32f10x_adc.o
    0x0800182c   0x0800182c   0x0000000a   Code   RO          537    i.ADC_StartCalibration  stm32f10x_adc.o
    0x08001836   0x08001836   0x0000014a   Code   RO         3811    i.ADKey_Deal        adc_config.o
    0x08001980   0x08001980   0x0000008c   Code   RO         3812    i.ADKey_Init        adc_config.o
    0x08001a0c   0x08001a0c   0x000000b4   Code   RO         3813    i.AD_AnJian         adc_config.o
    0x08001ac0   0x08001ac0   0x00000100   Code   RO         3791    i.All_GPIO_Init     gpio.o
    0x08001bc0   0x08001bc0   0x00000200   Code   RO         3902    i.BMQ_MOVE          moto.o
    0x08001dc0   0x08001dc0   0x00000004   Code   RO          171    i.BusFault_Handler  stm32f10x_it.o
    0x08001dc4   0x08001dc4   0x000000c4   Code   RO         4168    i.Clock             ui.o
    0x08001e88   0x08001e88   0x00001aa8   Code   RO         4169    i.Clock_a           ui.o
    0x08003930   0x08003930   0x000002b0   Code   RO         4170    i.Clock_b           ui.o
    0x08003be0   0x08003be0   0x000002b4   Code   RO         4171    i.Clock_c           ui.o
    0x08003e94   0x08003e94   0x000002b4   Code   RO         4172    i.Clock_d           ui.o
    0x08004148   0x08004148   0x00000764   Code   RO         4173    i.Clock_e           ui.o
    0x080048ac   0x080048ac   0x00000270   Code   RO         3903    i.DJ_MOVE           moto.o
    0x08004b1c   0x08004b1c   0x00000044   Code   RO         3992    i.DJ_MOVE_BUFF_SET  move.o
    0x08004b60   0x08004b60   0x00000028   Code   RO         3993    i.DJ_MOVE_BUFF_shuzu  move.o
    0x08004b88   0x08004b88   0x000000d4   Code   RO         3904    i.DJ_MOVE_YS        moto.o
    0x08004c5c   0x08004c5c   0x000001c0   Code   RO         3905    i.DJ_MOVE_ZHUAN     moto.o
    0x08004e1c   0x08004e1c   0x00000068   Code   RO         3994    i.DJ_MOVE_ZONG      move.o
    0x08004e84   0x08004e84   0x00000018   Code   RO         1195    i.DMA_Cmd           stm32f10x_dma.o
    0x08004e9c   0x08004e9c   0x0000014c   Code   RO         1196    i.DMA_DeInit        stm32f10x_dma.o
    0x08004fe8   0x08004fe8   0x0000003c   Code   RO         1201    i.DMA_Init          stm32f10x_dma.o
    0x08005024   0x08005024   0x000000c0   Code   RO         4174    i.Debug             ui.o
    0x080050e4   0x080050e4   0x00000002   Code   RO          172    i.DebugMon_Handler  stm32f10x_it.o
    0x080050e6   0x080050e6   0x00000002   PAD
    0x080050e8   0x080050e8   0x0000015c   Code   RO         4175    i.Debug_Set         ui.o
    0x08005244   0x08005244   0x0000006a   Code   RO         3439    i.Draw_BMP          oled.o
    0x080052ae   0x080052ae   0x00000002   PAD
    0x080052b0   0x080052b0   0x000000d4   Code   RO         3441    i.Draw_Power        oled.o
    0x08005384   0x08005384   0x000000c4   Code   RO         4176    i.Drive             ui.o
    0x08005448   0x08005448   0x00000130   Code   RO         4177    i.Drive_a           ui.o
    0x08005578   0x08005578   0x0000004c   Code   RO         1324    i.FLASH_ErasePage   stm32f10x_flash.o
    0x080055c4   0x080055c4   0x00000034   Code   RO         1325    i.FLASH_GetBank1Status  stm32f10x_flash.o
    0x080055f8   0x080055f8   0x00000014   Code   RO         1334    i.FLASH_Lock        stm32f10x_flash.o
    0x0800560c   0x0800560c   0x00000040   Code   RO         1337    i.FLASH_ProgramHalfWord  stm32f10x_flash.o
    0x0800564c   0x0800564c   0x00000018   Code   RO         1342    i.FLASH_Unlock      stm32f10x_flash.o
    0x08005664   0x08005664   0x00000026   Code   RO         1346    i.FLASH_WaitForLastOperation  stm32f10x_flash.o
    0x0800568a   0x0800568a   0x00000116   Code   RO         1619    i.GPIO_Init         stm32f10x_gpio.o
    0x080057a0   0x080057a0   0x00000090   Code   RO         1621    i.GPIO_PinRemapConfig  stm32f10x_gpio.o
    0x08005830   0x08005830   0x00000004   Code   RO         1626    i.GPIO_ResetBits    stm32f10x_gpio.o
    0x08005834   0x08005834   0x00000004   Code   RO         1627    i.GPIO_SetBits      stm32f10x_gpio.o
    0x08005838   0x08005838   0x00000034   Code   RO         3815    i.Get_Key_Adc       adc_config.o
    0x0800586c   0x0800586c   0x00000028   Code   RO         3816    i.Get_Key_Adc_Average  adc_config.o
    0x08005894   0x08005894   0x0000007c   Code   RO         4498    i.Hand_HIGH_BACK    hand.o
    0x08005910   0x08005910   0x00000080   Code   RO         4499    i.Hand_HIGH_GO      hand.o
    0x08005990   0x08005990   0x00000084   Code   RO         4500    i.Hand_LOW_BACK     hand.o
    0x08005a14   0x08005a14   0x00000088   Code   RO         4501    i.Hand_LOW_GO       hand.o
    0x08005a9c   0x08005a9c   0x00000004   Code   RO          173    i.HardFault_Handler  stm32f10x_it.o
    0x08005aa0   0x08005aa0   0x00000250   Code   RO         3761    i.Init_BMQ          timer.o
    0x08005cf0   0x08005cf0   0x00000068   Code   RO         4462    i.Init_TIM6         exti.o
    0x08005d58   0x08005d58   0x00000104   Code   RO         3764    i.Init_TIM8_PWM     timer.o
    0x08005e5c   0x08005e5c   0x000000d0   Code   RO         4181    i.Internet_Set      ui.o
    0x08005f2c   0x08005f2c   0x00000080   Code   RO         3444    i.LCD_16_HanZi_ASCII  oled.o
    0x08005fac   0x08005fac   0x00000038   Code   RO         3445    i.LCD_CLS           oled.o
    0x08005fe4   0x08005fe4   0x00000038   Code   RO         3446    i.LCD_CLS_06        oled.o
    0x0800601c   0x0800601c   0x0000001c   Code   RO         3447    i.LCD_DLY_ms        oled.o
    0x08006038   0x08006038   0x00000100   Code   RO         3449    i.LCD_P16x16Str     oled.o
    0x08006138   0x08006138   0x00000088   Code   RO         3451    i.LCD_P8x16Str      oled.o
    0x080061c0   0x080061c0   0x00000024   Code   RO         3455    i.LCD_Set_Pos       oled.o
    0x080061e4   0x080061e4   0x00000060   Code   RO         3456    i.LCD_WrCmd         oled.o
    0x08006244   0x08006244   0x00000064   Code   RO         3457    i.LCD_WrDat         oled.o
    0x080062a8   0x080062a8   0x00000004   Code   RO          174    i.MemManage_Handler  stm32f10x_it.o
    0x080062ac   0x080062ac   0x000000d8   Code   RO         4182    i.MenuOperate       ui.o
    0x08006384   0x08006384   0x00000002   Code   RO          175    i.NMI_Handler       stm32f10x_it.o
    0x08006386   0x08006386   0x00000002   PAD
    0x08006388   0x08006388   0x00000070   Code   RO          468    i.NVIC_Init         misc.o
    0x080063f8   0x080063f8   0x00000014   Code   RO          469    i.NVIC_PriorityGroupConfig  misc.o
    0x0800640c   0x0800640c   0x00000108   Code   RO         4183    i.Net_a             ui.o
    0x08006514   0x08006514   0x00000108   Code   RO         4184    i.Net_b             ui.o
    0x0800661c   0x0800661c   0x00000108   Code   RO         4185    i.Net_c             ui.o
    0x08006724   0x08006724   0x00000600   Code   RO         4186    i.Net_d             ui.o
    0x08006d24   0x08006d24   0x00000610   Code   RO         4187    i.Net_e             ui.o
    0x08007334   0x08007334   0x00000564   Code   RO         4188    i.Net_f             ui.o
    0x08007898   0x08007898   0x0000003a   Code   RO         3460    i.OLCD_Fill         oled.o
    0x080078d2   0x080078d2   0x00000002   PAD
    0x080078d4   0x080078d4   0x00000060   Code   RO         3627    i.OLED_CLS          oled2.o
    0x08007934   0x08007934   0x00000060   Code   RO         3628    i.OLED_CLS_67       oled2.o
    0x08007994   0x08007994   0x000000f8   Code   RO         3633    i.OLED_DrawHanzi    oled2.o
    0x08007a8c   0x08007a8c   0x0000008e   Code   RO         3634    i.OLED_DrawPicture  oled2.o
    0x08007b1a   0x08007b1a   0x00000002   PAD
    0x08007b1c   0x08007b1c   0x00000060   Code   RO         3635    i.OLED_DrawPoint    oled2.o
    0x08007b7c   0x08007b7c   0x00000110   Code   RO         3461    i.OLED_Init         oled.o
    0x08007c8c   0x08007c8c   0x00000080   Code   RO         3636    i.OLED_Refresh      oled2.o
    0x08007d0c   0x08007d0c   0x0000010c   Code   RO         3641    i.OLED_ShowxcChar   oled2.o
    0x08007e18   0x08007e18   0x000000a8   Code   RO         3642    i.OLED_ShowxcNum    oled2.o
    0x08007ec0   0x08007ec0   0x00000070   Code   RO         3643    i.OLED_ShowxcString  oled2.o
    0x08007f30   0x08007f30   0x00000070   Code   RO         3644    i.OLED_WR_Byte      oled2.o
    0x08007fa0   0x08007fa0   0x00000188   Code   RO         4191    i.OLED_tou          ui.o
    0x08008128   0x08008128   0x000000ac   Code   RO         3906    i.PWM_PID           moto.o
    0x080081d4   0x080081d4   0x000000f8   Code   RO         3907    i.PWM_SET           moto.o
    0x080082cc   0x080082cc   0x00000002   Code   RO          176    i.PendSV_Handler    stm32f10x_it.o
    0x080082ce   0x080082ce   0x00000002   PAD
    0x080082d0   0x080082d0   0x00000018   Code   RO         2033    i.RCC_ADCCLKConfig  stm32f10x_rcc.o
    0x080082e8   0x080082e8   0x00000020   Code   RO         2034    i.RCC_AHBPeriphClockCmd  stm32f10x_rcc.o
    0x08008308   0x08008308   0x00000020   Code   RO         2035    i.RCC_APB1PeriphClockCmd  stm32f10x_rcc.o
    0x08008328   0x08008328   0x00000020   Code   RO         2036    i.RCC_APB1PeriphResetCmd  stm32f10x_rcc.o
    0x08008348   0x08008348   0x00000020   Code   RO         2037    i.RCC_APB2PeriphClockCmd  stm32f10x_rcc.o
    0x08008368   0x08008368   0x00000020   Code   RO         2038    i.RCC_APB2PeriphResetCmd  stm32f10x_rcc.o
    0x08008388   0x08008388   0x000000d4   Code   RO         2045    i.RCC_GetClocksFreq  stm32f10x_rcc.o
    0x0800845c   0x0800845c   0x00000094   Code   RO         3792    i.SHOP_GPIO_init    gpio.o
    0x080084f0   0x080084f0   0x00000022   Code   RO         4423    i.STMFLASH_Read     stmflash.o
    0x08008512   0x08008512   0x00000006   Code   RO         4424    i.STMFLASH_ReadHalfWord  stmflash.o
    0x08008518   0x08008518   0x000000e8   Code   RO         4425    i.STMFLASH_Write    stmflash.o
    0x08008600   0x08008600   0x00000026   Code   RO         4426    i.STMFLASH_Write_NoCheck  stmflash.o
    0x08008626   0x08008626   0x00000002   Code   RO          177    i.SVC_Handler       stm32f10x_it.o
    0x08008628   0x08008628   0x00000008   Code   RO          260    i.SetSysClock       system_stm32f10x.o
    0x08008630   0x08008630   0x000000e0   Code   RO          261    i.SetSysClockTo72   system_stm32f10x.o
    0x08008710   0x08008710   0x000000e8   Code   RO         4192    i.Set_188           ui.o
    0x080087f8   0x080087f8   0x00000048   Code   RO         4193    i.Set_188_a         ui.o
    0x08008840   0x08008840   0x00000164   Code   RO         4194    i.Set_a             ui.o
    0x080089a4   0x080089a4   0x00000118   Code   RO         4195    i.Set_b             ui.o
    0x08008abc   0x08008abc   0x00000118   Code   RO         4196    i.Set_c             ui.o
    0x08008bd4   0x08008bd4   0x00000118   Code   RO         4197    i.Set_d             ui.o
    0x08008cec   0x08008cec   0x00000220   Code   RO         4198    i.Set_e             ui.o
    0x08008f0c   0x08008f0c   0x000001b0   Code   RO         4199    i.Set_f             ui.o
    0x080090bc   0x080090bc   0x000001b4   Code   RO         4200    i.Set_g             ui.o
    0x08009270   0x08009270   0x00000610   Code   RO         3870    i.St178_Scanf       st178.o
    0x08009880   0x08009880   0x0000074c   Code   RO         3871    i.St188_Scanf       st178.o
    0x08009fcc   0x08009fcc   0x00000028   Code   RO          472    i.SysTick_CLKSourceConfig  misc.o
    0x08009ff4   0x08009ff4   0x00000002   Code   RO          178    i.SysTick_Handler   stm32f10x_it.o
    0x08009ff6   0x08009ff6   0x00000002   PAD
    0x08009ff8   0x08009ff8   0x00000060   Code   RO          263    i.SystemInit        system_stm32f10x.o
    0x0800a058   0x0800a058   0x00000080   Code   RO         2653    i.TI1_Config        stm32f10x_tim.o
    0x0800a0d8   0x0800a0d8   0x00000098   Code   RO         2654    i.TI2_Config        stm32f10x_tim.o
    0x0800a170   0x0800a170   0x00000090   Code   RO         2655    i.TI3_Config        stm32f10x_tim.o
    0x0800a200   0x0800a200   0x00000098   Code   RO         2656    i.TI4_Config        stm32f10x_tim.o
    0x0800a298   0x0800a298   0x00000128   Code   RO         4463    i.TIM6_IRQHandler   exti.o
    0x0800a3c0   0x0800a3c0   0x0000005c   Code   RO         3909    i.TIM7_BaseTime_Init  moto.o
    0x0800a41c   0x0800a41c   0x00000818   Code   RO         3910    i.TIM7_IRQHandler   moto.o
    0x0800ac34   0x0800ac34   0x00000018   Code   RO         2657    i.TIM_ARRPreloadConfig  stm32f10x_tim.o
    0x0800ac4c   0x0800ac4c   0x00000006   Code   RO         2664    i.TIM_ClearITPendingBit  stm32f10x_tim.o
    0x0800ac52   0x0800ac52   0x00000018   Code   RO         2669    i.TIM_Cmd           stm32f10x_tim.o
    0x0800ac6a   0x0800ac6a   0x0000001e   Code   RO         2671    i.TIM_CtrlPWMOutputs  stm32f10x_tim.o
    0x0800ac88   0x0800ac88   0x000001e8   Code   RO         2674    i.TIM_DeInit        stm32f10x_tim.o
    0x0800ae70   0x0800ae70   0x00000042   Code   RO         2678    i.TIM_EncoderInterfaceConfig  stm32f10x_tim.o
    0x0800aeb2   0x0800aeb2   0x00000022   Code   RO         2690    i.TIM_GetITStatus   stm32f10x_tim.o
    0x0800aed4   0x0800aed4   0x000000ac   Code   RO         2692    i.TIM_ICInit        stm32f10x_tim.o
    0x0800af80   0x0800af80   0x00000012   Code   RO         2693    i.TIM_ICStructInit  stm32f10x_tim.o
    0x0800af92   0x0800af92   0x00000012   Code   RO         2694    i.TIM_ITConfig      stm32f10x_tim.o
    0x0800afa4   0x0800afa4   0x00000098   Code   RO         2698    i.TIM_OC1Init       stm32f10x_tim.o
    0x0800b03c   0x0800b03c   0x00000012   Code   RO         2701    i.TIM_OC1PreloadConfig  stm32f10x_tim.o
    0x0800b04e   0x0800b04e   0x00000002   PAD
    0x0800b050   0x0800b050   0x000000a4   Code   RO         2703    i.TIM_OC2Init       stm32f10x_tim.o
    0x0800b0f4   0x0800b0f4   0x0000001a   Code   RO         2706    i.TIM_OC2PreloadConfig  stm32f10x_tim.o
    0x0800b10e   0x0800b10e   0x00000002   PAD
    0x0800b110   0x0800b110   0x000000a0   Code   RO         2708    i.TIM_OC3Init       stm32f10x_tim.o
    0x0800b1b0   0x0800b1b0   0x00000012   Code   RO         2711    i.TIM_OC3PreloadConfig  stm32f10x_tim.o
    0x0800b1c2   0x0800b1c2   0x00000002   PAD
    0x0800b1c4   0x0800b1c4   0x0000007c   Code   RO         2713    i.TIM_OC4Init       stm32f10x_tim.o
    0x0800b240   0x0800b240   0x0000001a   Code   RO         2715    i.TIM_OC4PreloadConfig  stm32f10x_tim.o
    0x0800b25a   0x0800b25a   0x00000004   Code   RO         2730    i.TIM_SetCompare1   stm32f10x_tim.o
    0x0800b25e   0x0800b25e   0x00000004   Code   RO         2731    i.TIM_SetCompare2   stm32f10x_tim.o
    0x0800b262   0x0800b262   0x00000004   Code   RO         2732    i.TIM_SetCompare3   stm32f10x_tim.o
    0x0800b266   0x0800b266   0x00000006   Code   RO         2733    i.TIM_SetCompare4   stm32f10x_tim.o
    0x0800b26c   0x0800b26c   0x00000012   Code   RO         2735    i.TIM_SetIC1Prescaler  stm32f10x_tim.o
    0x0800b27e   0x0800b27e   0x0000001a   Code   RO         2736    i.TIM_SetIC2Prescaler  stm32f10x_tim.o
    0x0800b298   0x0800b298   0x00000012   Code   RO         2737    i.TIM_SetIC3Prescaler  stm32f10x_tim.o
    0x0800b2aa   0x0800b2aa   0x0000001a   Code   RO         2738    i.TIM_SetIC4Prescaler  stm32f10x_tim.o
    0x0800b2c4   0x0800b2c4   0x000000a4   Code   RO         2740    i.TIM_TimeBaseInit  stm32f10x_tim.o
    0x0800b368   0x0800b368   0x000000c0   Code   RO         4201    i.Temp_Set          ui.o
    0x0800b428   0x0800b428   0x00000080   Code   RO          349    i.USART1_IRQHandler  usart.o
    0x0800b4a8   0x0800b4a8   0x0000008c   Code   RO          352    i.USART2_IRQHandler  usart.o
    0x0800b534   0x0800b534   0x00000124   Code   RO          355    i.USART3_IRQHandler  usart.o
    0x0800b658   0x0800b658   0x0000001c   Code   RO          356    i.USART3_Putc       usart.o
    0x0800b674   0x0800b674   0x0000002c   Code   RO          357    i.USART3_Puts       usart.o
    0x0800b6a0   0x0800b6a0   0x00000018   Code   RO         3205    i.USART_Cmd         stm32f10x_usart.o
    0x0800b6b8   0x0800b6b8   0x0000001a   Code   RO         3208    i.USART_GetFlagStatus  stm32f10x_usart.o
    0x0800b6d2   0x0800b6d2   0x00000054   Code   RO         3209    i.USART_GetITStatus  stm32f10x_usart.o
    0x0800b726   0x0800b726   0x0000004a   Code   RO         3211    i.USART_ITConfig    stm32f10x_usart.o
    0x0800b770   0x0800b770   0x000000d8   Code   RO         3212    i.USART_Init        stm32f10x_usart.o
    0x0800b848   0x0800b848   0x0000000a   Code   RO         3219    i.USART_ReceiveData  stm32f10x_usart.o
    0x0800b852   0x0800b852   0x00000008   Code   RO         3222    i.USART_SendData    stm32f10x_usart.o
    0x0800b85a   0x0800b85a   0x00000004   Code   RO          179    i.UsageFault_Handler  stm32f10x_it.o
    0x0800b85e   0x0800b85e   0x00000002   PAD
    0x0800b860   0x0800b860   0x000002ac   Code   RO         3911    i.WEI_PID           moto.o
    0x0800bb0c   0x0800bb0c   0x00000028   Code   RO         3912    i.XIANFU            moto.o
    0x0800bb34   0x0800bb34   0x00000240   Code   RO         4502    i.Zhua              hand.o
    0x0800bd74   0x0800bd74   0x0000031c   Code   RO         4503    i.Zhua_mid          hand.o
    0x0800c090   0x0800c090   0x00000028   Code   RO         4704    i.__ARM_fpclassify  m_ws.l(fpclassify.o)
    0x0800c0b8   0x0800c0b8   0x000000aa   Code   RO         4706    i.__kernel_poly     m_ws.l(poly.o)
    0x0800c162   0x0800c162   0x00000002   PAD
    0x0800c164   0x0800c164   0x00000010   Code   RO         4690    i.__mathlib_dbl_divzero  m_ws.l(dunder.o)
    0x0800c174   0x0800c174   0x00000004   Code   RO         4692    i.__mathlib_dbl_infnan2  m_ws.l(dunder.o)
    0x0800c178   0x0800c178   0x0000000c   Code   RO         4693    i.__mathlib_dbl_invalid  m_ws.l(dunder.o)
    0x0800c184   0x0800c184   0x0000000e   Code   RO         4694    i.__mathlib_dbl_overflow  m_ws.l(dunder.o)
    0x0800c192   0x0800c192   0x00000002   PAD
    0x0800c194   0x0800c194   0x00000010   Code   RO         4696    i.__mathlib_dbl_underflow  m_ws.l(dunder.o)
    0x0800c1a4   0x0800c1a4   0x0000000e   Code   RO         4568    i._is_digit         c_w.l(__printf_wp.o)
    0x0800c1b2   0x0800c1b2   0x00000004   Code   RO          358    i._sys_exit         usart.o
    0x0800c1b6   0x0800c1b6   0x00000002   PAD
    0x0800c1b8   0x0800c1b8   0x0000000c   Code   RO         3872    i.bxcls             st178.o
    0x0800c1c4   0x0800c1c4   0x00000010   Code   RO         4004    i.ce_1              move.o
    0x0800c1d4   0x0800c1d4   0x00000010   Code   RO         4005    i.ce_2              move.o
    0x0800c1e4   0x0800c1e4   0x00000400   Code   RO         4202    i.change            ui.o
    0x0800c5e4   0x0800c5e4   0x00000418   Code   RO         4203    i.change_uart       ui.o
    0x0800c9fc   0x0800c9fc   0x00000044   Code   RO          294    i.delay_init        delay.o
    0x0800ca40   0x0800ca40   0x0000004c   Code   RO          295    i.delay_ms          delay.o
    0x0800ca8c   0x0800ca8c   0x00000074   Code   RO          359    i.fputc             usart.o
    0x0800cb00   0x0800cb00   0x00000010   Code   RO         4464    i.fzclose           exti.o
    0x0800cb10   0x0800cb10   0x0000003c   Code   RO         4465    i.fzopen            exti.o
    0x0800cb4c   0x0800cb4c   0x0000005a   Code   RO            1    i.main              main.o
    0x0800cba6   0x0800cba6   0x00000016   Code   RO         3645    i.oled_pow          oled2.o
    0x0800cbbc   0x0800cbbc   0x000009b8   Code   RO         4646    i.pow               m_ws.l(pow.o)
    0x0800d574   0x0800d574   0x000000a0   Code   RO         4204    i.read_from_flash   ui.o
    0x0800d614   0x0800d614   0x000000d8   Code   RO         4205    i.save_to_flash     ui.o
    0x0800d6ec   0x0800d6ec   0x000000e6   Code   RO         4014    i.shuzu             move.o
    0x0800d7d2   0x0800d7d2   0x0000004c   Code   RO         4710    i.sqrt              m_ws.l(sqrt.o)
    0x0800d81e   0x0800d81e   0x00000002   PAD
    0x0800d820   0x0800d820   0x00000088   Code   RO         3913    i.stop              moto.o
    0x0800d8a8   0x0800d8a8   0x000000a0   Code   RO          360    i.uart1_init        usart.o
    0x0800d948   0x0800d948   0x000000a4   Code   RO          361    i.uart2_init        usart.o
    0x0800d9ec   0x0800d9ec   0x000000a8   Code   RO          362    i.uart3_init        usart.o
    0x0800da94   0x0800da94   0x0000002c   Code   RO         4778    locale$$code        c_w.l(lc_numeric_c.o)
    0x0800dac0   0x0800dac0   0x00000062   Code   RO         4591    x$fpl$d2f           fz_ws.l(d2f.o)
    0x0800db22   0x0800db22   0x00000002   PAD
    0x0800db24   0x0800db24   0x00000150   Code   RO         4593    x$fpl$dadd          fz_ws.l(daddsub_clz.o)
    0x0800dc74   0x0800dc74   0x00000010   Code   RO         4780    x$fpl$dcheck1       fz_ws.l(dcheck1.o)
    0x0800dc84   0x0800dc84   0x00000018   Code   RO         4671    x$fpl$dcmpinf       fz_ws.l(dcmpi.o)
    0x0800dc9c   0x0800dc9c   0x000002b0   Code   RO         4674    x$fpl$ddiv          fz_ws.l(ddiv.o)
    0x0800df4c   0x0800df4c   0x0000005e   Code   RO         4599    x$fpl$dfix          fz_ws.l(dfix.o)
    0x0800dfaa   0x0800dfaa   0x0000002e   Code   RO         4604    x$fpl$dflt          fz_ws.l(dflt_clz.o)
    0x0800dfd8   0x0800dfd8   0x00000026   Code   RO         4603    x$fpl$dfltu         fz_ws.l(dflt_clz.o)
    0x0800dffe   0x0800dffe   0x00000002   PAD
    0x0800e000   0x0800e000   0x00000078   Code   RO         4609    x$fpl$dleqf         fz_ws.l(dleqf.o)
    0x0800e078   0x0800e078   0x00000154   Code   RO         4611    x$fpl$dmul          fz_ws.l(dmul.o)
    0x0800e1cc   0x0800e1cc   0x0000009c   Code   RO         4677    x$fpl$dnaninf       fz_ws.l(dnaninf.o)
    0x0800e268   0x0800e268   0x0000000c   Code   RO         4679    x$fpl$dretinf       fz_ws.l(dretinf.o)
    0x0800e274   0x0800e274   0x0000006c   Code   RO         4613    x$fpl$drleqf        fz_ws.l(drleqf.o)
    0x0800e2e0   0x0800e2e0   0x00000016   Code   RO         4594    x$fpl$drsb          fz_ws.l(daddsub_clz.o)
    0x0800e2f6   0x0800e2f6   0x00000002   PAD
    0x0800e2f8   0x0800e2f8   0x000001cc   Code   RO         4782    x$fpl$dsqrt         fz_ws.l(dsqrt_noumaal.o)
    0x0800e4c4   0x0800e4c4   0x000001d4   Code   RO         4595    x$fpl$dsub          fz_ws.l(daddsub_clz.o)
    0x0800e698   0x0800e698   0x00000056   Code   RO         4615    x$fpl$f2d           fz_ws.l(f2d.o)
    0x0800e6ee   0x0800e6ee   0x00000002   PAD
    0x0800e6f0   0x0800e6f0   0x000000c4   Code   RO         4617    x$fpl$fadd          fz_ws.l(faddsub_clz.o)
    0x0800e7b4   0x0800e7b4   0x00000018   Code   RO         4681    x$fpl$fcmpinf       fz_ws.l(fcmpi.o)
    0x0800e7cc   0x0800e7cc   0x00000036   Code   RO         4623    x$fpl$ffix          fz_ws.l(ffix.o)
    0x0800e802   0x0800e802   0x00000002   PAD
    0x0800e804   0x0800e804   0x00000030   Code   RO         4632    x$fpl$fflt          fz_ws.l(fflt_clz.o)
    0x0800e834   0x0800e834   0x00000026   Code   RO         4631    x$fpl$ffltu         fz_ws.l(fflt_clz.o)
    0x0800e85a   0x0800e85a   0x00000002   PAD
    0x0800e85c   0x0800e85c   0x00000068   Code   RO         4637    x$fpl$fleqf         fz_ws.l(fleqf.o)
    0x0800e8c4   0x0800e8c4   0x00000102   Code   RO         4639    x$fpl$fmul          fz_ws.l(fmul.o)
    0x0800e9c6   0x0800e9c6   0x0000008c   Code   RO         4683    x$fpl$fnaninf       fz_ws.l(fnaninf.o)
    0x0800ea52   0x0800ea52   0x0000000a   Code   RO         4685    x$fpl$fretinf       fz_ws.l(fretinf.o)
    0x0800ea5c   0x0800ea5c   0x00000062   Code   RO         4641    x$fpl$frleqf        fz_ws.l(frleqf.o)
    0x0800eabe   0x0800eabe   0x00000014   Code   RO         4618    x$fpl$frsb          fz_ws.l(faddsub_clz.o)
    0x0800ead2   0x0800ead2   0x00000002   PAD
    0x0800ead4   0x0800ead4   0x000000ea   Code   RO         4619    x$fpl$fsub          fz_ws.l(faddsub_clz.o)
    0x0800ebbe   0x0800ebbe   0x00000004   Code   RO         4643    x$fpl$printf1       fz_ws.l(printf1.o)
    0x0800ebc2   0x0800ebc2   0x00000064   Code   RO         4846    x$fpl$retnan        fz_ws.l(retnan.o)
    0x0800ec26   0x0800ec26   0x0000005c   Code   RO         4687    x$fpl$scalbn        fz_ws.l(scalbn.o)
    0x0800ec82   0x0800ec82   0x00000030   Code   RO         4854    x$fpl$trapveneer    fz_ws.l(trapv.o)
    0x0800ecb2   0x0800ecb2   0x00000000   Code   RO         4689    x$fpl$usenofp       fz_ws.l(usenofp.o)
    0x0800ecb2   0x0800ecb2   0x00001c02   Data   RO         3464    .constdata          oled.o
    0x080108b4   0x080108b4   0x000030f5   Data   RO         3647    .constdata          oled2.o
    0x080139a9   0x080139a9   0x00000003   PAD
    0x080139ac   0x080139ac   0x00000020   Data   RO         3874    .constdata          st178.o
    0x080139cc   0x080139cc   0x00000004   PAD
    0x080139d0   0x080139d0   0x00000088   Data   RO         4647    .constdata          m_ws.l(pow.o)
    0x08013a58   0x08013a58   0x00000008   Data   RO         4708    .constdata          m_ws.l(qnan.o)
    0x08013a60   0x08013a60   0x00000094   Data   RO         4749    .constdata          c_w.l(bigflt0.o)
    0x08013af4   0x08013af4   0x00000020   Data   RO         4924    Region$$Table       anon$$obj.o
    0x08013b14   0x08013b14   0x0000001c   Data   RO         4777    locale$$data        c_w.l(lc_numeric_c.o)


    Execution Region ER_RW (Exec base: 0x20000000, Load base: 0x08013b30, Size: 0x00002a50, Max: 0xffffffff, ABSOLUTE, COMPRESSED[0x0000074c])

    Exec Addr    Load Addr    Size         Type   Attr      Idx    E Section Name        Object

    0x20000000   COMPRESSED   0x0000000c   Data   RW            2    .data               main.o
    0x2000000c   COMPRESSED   0x00000014   Data   RW          264    .data               system_stm32f10x.o
    0x20000020   COMPRESSED   0x00000004   Data   RW          297    .data               delay.o
    0x20000024   COMPRESSED   0x00000012   Data   RW          364    .data               usart.o
    0x20000036   COMPRESSED   0x00000014   Data   RW         2065    .data               stm32f10x_rcc.o
    0x2000004a   COMPRESSED   0x00000b80   Data   RW         3465    .data               oled.o
    0x20000bca   COMPRESSED   0x0000000a   Data   RW         3818    .data               adc_config.o
    0x20000bd4   COMPRESSED   0x0000005a   Data   RW         3875    .data               st178.o
    0x20000c2e   COMPRESSED   0x00000002   PAD
    0x20000c30   COMPRESSED   0x0000006c   Data   RW         3915    .data               moto.o
    0x20000c9c   COMPRESSED   0x0000014e   Data   RW         4020    .data               move.o
    0x20000dea   COMPRESSED   0x00000002   PAD
    0x20000dec   COMPRESSED   0x00001c56   Data   RW         4207    .data               ui.o
    0x20002a42   COMPRESSED   0x0000000b   Data   RW         4466    .data               exti.o


    Execution Region ER_ZI (Exec base: 0x20002a50, Load base: 0x0801427c, Size: 0x00002658, Max: 0xffffffff, ABSOLUTE)

    Exec Addr    Load Addr    Size         Type   Attr      Idx    E Section Name        Object

    0x20002a50        -       0x00000258   Zero   RW          363    .bss                usart.o
    0x20002ca8        -       0x00000160   Zero   RW         3463    .bss                oled.o
    0x20002e08        -       0x00000864   Zero   RW         3646    .bss                oled2.o
    0x2000366c        -       0x0000000c   Zero   RW         3817    .bss                adc_config.o
    0x20003678        -       0x00000020   Zero   RW         3873    .bss                st178.o
    0x20003698        -       0x000000ac   Zero   RW         3914    .bss                moto.o
    0x20003744        -       0x00000ae1   Zero   RW         4019    .bss                move.o
    0x20004225   0x0801427c   0x00000001   PAD
    0x20004226        -       0x00000022   Zero   RW         4206    .bss                ui.o
    0x20004248        -       0x00000800   Zero   RW         4428    .bss                stmflash.o
    0x20004a48        -       0x00000060   Zero   RW         4787    .bss                c_w.l(libspace.o)
    0x20004aa8        -       0x00000200   Zero   RW          462    HEAP                startup_stm32f10x_hd.o
    0x20004ca8        -       0x00000400   Zero   RW          461    STACK               startup_stm32f10x_hd.o


==============================================================================

Image component sizes


      Code (inc. data)   RO Data    RW Data    ZI Data      Debug   Object Name

      1014         66          0         10         12       5046   adc_config.o
       144         22          0          4          0       1100   delay.o
       476         80          0         11          0       2739   exti.o
       404         32          0          0          0       1105   gpio.o
      1892        566          0          0          0       4224   hand.o
        90          0          0         12          0     278492   main.o
       172         22          0          0          0       1937   misc.o
      5240        454          0        108        172      10269   moto.o
       474          8          0        334       2785       5692   move.o
      1540         38       7170       2944        352       9570   oled.o
      1488         60      12533          0       2148      10218   oled2.o
      3432        318         32         90         32       5185   st178.o
        64         26        304          0       1536        772   startup_stm32f10x_hd.o
       508         24          0          0          0       8667   stm32f10x_adc.o
       416          8          0          0          0       3302   stm32f10x_dma.o
       274         30          0          0          0       3214   stm32f10x_flash.o
       430          6          0          0          0       3706   stm32f10x_gpio.o
        26          0          0          0          0       3442   stm32f10x_it.o
       396         56          0         20          0       6419   stm32f10x_rcc.o
      2414        264          0          0          0      18984   stm32f10x_tim.o
       442          6          0          0          0       5881   stm32f10x_usart.o
       310         10          0          0       2048       3217   stmflash.o
         0          0          0          0          0         32   sys.o
       328         28          0         20          0       1937   system_stm32f10x.o
       852         38          0          0          0       1599   timer.o
     23652       2170          0       7254         34      28929   ui.o
      1244        134          0         18        600       7922   usart.o

    ----------------------------------------------------------------------
     47750       4466      20078      10832       9720     433600   Object Totals
         0          0         32          0          0          0   (incl. Generated)
        28          0          7          7          1          0   (incl. Padding)

    ----------------------------------------------------------------------

      Code (inc. data)   RO Data    RW Data    ZI Data      Debug   Library Member Name

       100          0          0          0          0          0   __dclz77c.o
         8          0          0          0          0         68   __main.o
       284          0          0          0          0        156   __printf_wp.o
         0          0          0          0          0          0   __rtentry.o
        12          0          0          0          0          0   __rtentry2.o
         6          0          0          0          0          0   __rtentry4.o
        52          8          0          0          0          0   __scatter.o
        28          0          0          0          0          0   __scatter_zi.o
        48          6          0          0          0         96   _printf_char_common.o
        36          4          0          0          0         80   _printf_char_file.o
         6          0          0          0          0          0   _printf_d.o
       120         16          0          0          0         92   _printf_dec.o
         6          0          0          0          0          0   _printf_f.o
      1050          0          0          0          0        216   _printf_fp_dec.o
       128         16          0          0          0         84   _printf_fp_infnan.o
       178          0          0          0          0         88   _printf_intcommon.o
        78          0          0          0          0        108   _printf_pad.o
         0          0          0          0          0          0   _printf_percent.o
         4          0          0          0          0          0   _printf_percent_end.o
        22          0          0          0          0        100   _rserrno.o
        10          0          0          0          0         68   _sputc.o
       220          4        148          0          0         96   bigflt0.o
      1910        128          0          0          0        672   btod.o
        12          0          0          0          0         72   exit.o
         8          0          0          0          0         68   ferror.o
         6          0          0          0          0        152   heapauxi.o
        44         10         28          0          0         76   lc_numeric_c.o
         2          0          0          0          0          0   libinit.o
        18          0          0          0          0          0   libinit2.o
         2          0          0          0          0          0   libshutdown.o
         2          0          0          0          0          0   libshutdown2.o
         8          4          0          0         96         68   libspace.o
       138          0          0          0          0         80   lludiv10.o
        24          4          0          0          0         84   noretval__2printf.o
        40          6          0          0          0         84   noretval__2sprintf.o
         8          4          0          0          0         68   rt_errno_addr_intlibspace.o
         8          4          0          0          0         68   rt_locale_intlibspace.o
        68          0          0          0          0         68   rt_memclr.o
        78          0          0          0          0         80   rt_memclr_w.o
       100          0          0          0          0         80   rt_memcpy_w.o
         2          0          0          0          0          0   rtexit.o
        10          0          0          0          0          0   rtexit2.o
       128          0          0          0          0         68   strcmpv7m.o
        74          0          0          0          0         80   sys_stackheap_outer.o
         2          0          0          0          0         68   use_no_semi.o
         2          0          0          0          0         68   use_no_semi_2.o
        98          4          0          0          0         92   d2f.o
       826         16          0          0          0        348   daddsub_clz.o
        16          4          0          0          0         68   dcheck1.o
        24          0          0          0          0         68   dcmpi.o
       688        140          0          0          0        208   ddiv.o
        94          4          0          0          0         92   dfix.o
        84          0          0          0          0        136   dflt_clz.o
       120          4          0          0          0         92   dleqf.o
       340         12          0          0          0        104   dmul.o
       156          4          0          0          0         92   dnaninf.o
        12          0          0          0          0         68   dretinf.o
       108          0          0          0          0         80   drleqf.o
       460         56          0          0          0        120   dsqrt_noumaal.o
        86          4          0          0          0         84   f2d.o
       450          8          0          0          0        236   faddsub_clz.o
        24          0          0          0          0         68   fcmpi.o
        54          4          0          0          0         84   ffix.o
        86          0          0          0          0        136   fflt_clz.o
       104          4          0          0          0         84   fleqf.o
       258          4          0          0          0         84   fmul.o
       140          4          0          0          0         84   fnaninf.o
        10          0          0          0          0         68   fretinf.o
        98          0          0          0          0         68   frleqf.o
         4          0          0          0          0         68   printf1.o
       100          0          0          0          0         68   retnan.o
        92          0          0          0          0         68   scalbn.o
        48          0          0          0          0         68   trapv.o
         0          0          0          0          0          0   usenofp.o
        62         10          0          0          0        340   dunder.o
        40          0          0          0          0         68   fpclassify.o
       170          0          0          0          0         96   poly.o
      2488        190        136          0          0        300   pow.o
         0          0          8          0          0          0   qnan.o
        76          0          0          0          0         84   sqrt.o

    ----------------------------------------------------------------------
     12540        686        320          0         96       6980   Library Totals
        34          0          0          0          0          0   (incl. Padding)

    ----------------------------------------------------------------------

      Code (inc. data)   RO Data    RW Data    ZI Data      Debug   Library Name

      5090        214        176          0         96       3256   c_w.l
      4580        272          0          0          0       2836   fz_ws.l
      2836        200        144          0          0        888   m_ws.l

    ----------------------------------------------------------------------
     12540        686        320          0         96       6980   Library Totals

    ----------------------------------------------------------------------

==============================================================================


      Code (inc. data)   RO Data    RW Data    ZI Data      Debug   

     60290       5152      20398      10832       9816     426432   Grand Totals
     60290       5152      20398       1868       9816     426432   ELF Image Totals (compressed)
     60290       5152      20398       1868          0          0   ROM Totals

==============================================================================

    Total RO  Size (Code + RO Data)                80688 (  78.80kB)
    Total RW  Size (RW Data + ZI Data)             20648 (  20.16kB)
    Total ROM Size (Code + RO Data + RW Data)      82556 (  80.62kB)

==============================================================================

