Component: ARM Compiler 5.05 update 1 (build 106) Tool: armlink [4d0efa]

==============================================================================

Section Cross References

    startup_stm32f10x_hd.o(RESET) refers to startup_stm32f10x_hd.o(STACK) for __initial_sp
    startup_stm32f10x_hd.o(RESET) refers to startup_stm32f10x_hd.o(.text) for Reset_Handler
    startup_stm32f10x_hd.o(RESET) refers to stm32f10x_it.o(i.NMI_Handler) for NMI_Handler
    startup_stm32f10x_hd.o(RESET) refers to stm32f10x_it.o(i.HardFault_Handler) for HardFault_Handler
    startup_stm32f10x_hd.o(RESET) refers to stm32f10x_it.o(i.MemManage_Handler) for MemManage_Handler
    startup_stm32f10x_hd.o(RESET) refers to stm32f10x_it.o(i.BusFault_Handler) for BusFault_Handler
    startup_stm32f10x_hd.o(RESET) refers to stm32f10x_it.o(i.UsageFault_Handler) for UsageFault_Handler
    startup_stm32f10x_hd.o(RESET) refers to stm32f10x_it.o(i.SVC_Handler) for SVC_Handler
    startup_stm32f10x_hd.o(RESET) refers to stm32f10x_it.o(i.DebugMon_Handler) for DebugMon_Handler
    startup_stm32f10x_hd.o(RESET) refers to stm32f10x_it.o(i.PendSV_Handler) for PendSV_Handler
    startup_stm32f10x_hd.o(RESET) refers to stm32f10x_it.o(i.SysTick_Handler) for SysTick_Handler
    startup_stm32f10x_hd.o(RESET) refers to usart.o(i.USART1_IRQHandler) for USART1_IRQHandler
    startup_stm32f10x_hd.o(RESET) refers to usart.o(i.USART2_IRQHandler) for USART2_IRQHandler
    startup_stm32f10x_hd.o(RESET) refers to usart.o(i.USART3_IRQHandler) for USART3_IRQHandler
    startup_stm32f10x_hd.o(RESET) refers to exti.o(i.TIM6_IRQHandler) for TIM6_IRQHandler
    startup_stm32f10x_hd.o(RESET) refers to moto.o(i.TIM7_IRQHandler) for TIM7_IRQHandler
    startup_stm32f10x_hd.o(.text) refers to system_stm32f10x.o(i.SystemInit) for SystemInit
    startup_stm32f10x_hd.o(.text) refers to entry.o(.ARM.Collect$$$$00000000) for __main
    ADC_Config.o(i.ADC_DMAInit) refers to stm32f10x_rcc.o(i.RCC_AHBPeriphClockCmd) for RCC_AHBPeriphClockCmd
    ADC_Config.o(i.ADC_DMAInit) refers to stm32f10x_dma.o(i.DMA_DeInit) for DMA_DeInit
    ADC_Config.o(i.ADC_DMAInit) refers to stm32f10x_dma.o(i.DMA_Init) for DMA_Init
    ADC_Config.o(i.ADC_DMAInit) refers to stm32f10x_dma.o(i.DMA_Cmd) for DMA_Cmd
    ADC_Config.o(i.ADC_DMAInit) refers to ADC_Config.o(.bss) for ADC_DMA_ConvertedValue
    ADC_Config.o(i.ADC_DMA_Configuration) refers to ADC_Config.o(i.ADC_DMAInit) for ADC_DMAInit
    ADC_Config.o(i.ADC_DMA_Configuration) refers to stm32f10x_rcc.o(i.RCC_APB2PeriphClockCmd) for RCC_APB2PeriphClockCmd
    ADC_Config.o(i.ADC_DMA_Configuration) refers to stm32f10x_rcc.o(i.RCC_ADCCLKConfig) for RCC_ADCCLKConfig
    ADC_Config.o(i.ADC_DMA_Configuration) refers to stm32f10x_gpio.o(i.GPIO_Init) for GPIO_Init
    ADC_Config.o(i.ADC_DMA_Configuration) refers to stm32f10x_adc.o(i.ADC_Init) for ADC_Init
    ADC_Config.o(i.ADC_DMA_Configuration) refers to stm32f10x_adc.o(i.ADC_RegularChannelConfig) for ADC_RegularChannelConfig
    ADC_Config.o(i.ADC_DMA_Configuration) refers to stm32f10x_adc.o(i.ADC_DMACmd) for ADC_DMACmd
    ADC_Config.o(i.ADC_DMA_Configuration) refers to stm32f10x_adc.o(i.ADC_Cmd) for ADC_Cmd
    ADC_Config.o(i.ADC_DMA_Configuration) refers to stm32f10x_adc.o(i.ADC_ResetCalibration) for ADC_ResetCalibration
    ADC_Config.o(i.ADC_DMA_Configuration) refers to stm32f10x_adc.o(i.ADC_GetResetCalibrationStatus) for ADC_GetResetCalibrationStatus
    ADC_Config.o(i.ADC_DMA_Configuration) refers to stm32f10x_adc.o(i.ADC_StartCalibration) for ADC_StartCalibration
    ADC_Config.o(i.ADC_DMA_Configuration) refers to stm32f10x_adc.o(i.ADC_GetCalibrationStatus) for ADC_GetCalibrationStatus
    ADC_Config.o(i.ADC_DMA_Configuration) refers to stm32f10x_adc.o(i.ADC_SoftwareStartConvCmd) for ADC_SoftwareStartConvCmd
    ADC_Config.o(i.ADKey_Init) refers to stm32f10x_rcc.o(i.RCC_APB2PeriphClockCmd) for RCC_APB2PeriphClockCmd
    ADC_Config.o(i.ADKey_Init) refers to stm32f10x_rcc.o(i.RCC_ADCCLKConfig) for RCC_ADCCLKConfig
    ADC_Config.o(i.ADKey_Init) refers to stm32f10x_gpio.o(i.GPIO_Init) for GPIO_Init
    ADC_Config.o(i.ADKey_Init) refers to stm32f10x_adc.o(i.ADC_DeInit) for ADC_DeInit
    ADC_Config.o(i.ADKey_Init) refers to stm32f10x_adc.o(i.ADC_Init) for ADC_Init
    ADC_Config.o(i.ADKey_Init) refers to stm32f10x_adc.o(i.ADC_Cmd) for ADC_Cmd
    ADC_Config.o(i.ADKey_Init) refers to stm32f10x_adc.o(i.ADC_ResetCalibration) for ADC_ResetCalibration
    ADC_Config.o(i.ADKey_Init) refers to stm32f10x_adc.o(i.ADC_GetResetCalibrationStatus) for ADC_GetResetCalibrationStatus
    ADC_Config.o(i.ADKey_Init) refers to stm32f10x_adc.o(i.ADC_StartCalibration) for ADC_StartCalibration
    ADC_Config.o(i.ADKey_Init) refers to stm32f10x_adc.o(i.ADC_GetCalibrationStatus) for ADC_GetCalibrationStatus
    ADC_Config.o(i.AD_AnJian) refers to ADC_Config.o(i.Get_Key_Adc_Average) for Get_Key_Adc_Average
    ADC_Config.o(i.AD_AnJian) refers to ADC_Config.o(i.ADKey_Deal) for ADKey_Deal
[...]
    L                                        0x080116c0   Data          48  pow.o(.constdata)
    P                                        0x080116f0   Data          40  pow.o(.constdata)
    .constdata                               0x08011718   Section        8  qnan.o(.constdata)
    .data                                    0x20000000   Section       10  ADC_Config.o(.data)
    ADKey_State                              0x20000003   Data           1  ADC_Config.o(.data)
    AD_Time                                  0x20000004   Data           2  ADC_Config.o(.data)
    Long_count                               0x20000006   Data           2  ADC_Config.o(.data)
    Long_flag                                0x20000008   Data           2  ADC_Config.o(.data)
    .data                                    0x2000000a   Section       11  exti.o(.data)
    .data                                    0x20000018   Section      108  moto.o(.data)
    Encoder_Least                            0x2000007c   Data           4  moto.o(.data)
    Encoder                                  0x20000080   Data           4  moto.o(.data)
    .data                                    0x20000084   Section      334  move.o(.data)
    .data                                    0x200001d2   Section     2944  oled.o(.data)
    .data                                    0x20000d54   Section       90  st178.o(.data)
    baixian                                  0x20000dac   Data           1  st178.o(.data)
    tem                                      0x20000dad   Data           1  st178.o(.data)
    .data                                    0x20000db0   Section     1218  ui.o(.data)
    a                                        0x20001270   Data           1  ui.o(.data)
    dj                                       0x20001271   Data           1  ui.o(.data)
    .data                                    0x20001272   Section       20  stm32f10x_rcc.o(.data)
    APBAHBPrescTable                         0x20001272   Data          16  stm32f10x_rcc.o(.data)
    ADCPrescTable                            0x20001282   Data           4  stm32f10x_rcc.o(.data)
    .data                                    0x20001286   Section        4  delay.o(.data)
    fac_us                                   0x20001286   Data           1  delay.o(.data)
    fac_ms                                   0x20001288   Data           2  delay.o(.data)
    .data                                    0x2000128c   Section       24  usart.o(.data)
    Lcnt                                     0x200012a2   Data           1  usart.o(.data)
    Rcnt                                     0x200012a3   Data           1  usart.o(.data)
    .data                                    0x200012a4   Section       12  main.o(.data)
    .data                                    0x200012b0   Section       20  system_stm32f10x.o(.data)
    .data                                    0x200012c4   Section        4  errno.o(.data)
    _errno                                   0x200012c4   Data           4  errno.o(.data)
    .bss                                     0x200012c8   Section       12  ADC_Config.o(.bss)
    .bss                                     0x200012d4   Section      172  moto.o(.bss)
    .bss                                     0x20001380   Section     2785  move.o(.bss)
    .bss                                     0x20001e61   Section      352  oled.o(.bss)
    .bss                                     0x20001fc1   Section     2148  oled2.o(.bss)
    .bss                                     0x20002825   Section       32  st178.o(.bss)
    .bss                                     0x20002846   Section     2048  stmflash.o(.bss)
    .bss                                     0x20003046   Section       34  ui.o(.bss)
    .bss                                     0x20003068   Section      600  usart.o(.bss)
    STACK                                    0x200032c0   Section     1024  startup_stm32f10x_hd.o(STACK)

    Global Symbols

    Symbol Name                              Value     Ov Type        Size  Object(Section)

    BuildAttributes$$THM_ISAv4$P$D$K$B$S$PE$A:L22UL41UL21$X:L11$S22US41US21$IEEE1$IW$USESV6$~STKCKD$USESV7$~SHL$OTIME$ROPI$IEEEX$EBA8$MICROLIB$REQ8$PRES8$EABIv2 0x00000000   Number         0  anon$$obj.o ABSOLUTE
    __ARM_use_no_argv                        0x00000000   Number         0  main.o ABSOLUTE
    __use_no_errno                           0x00000000   Number         0  useno.o ABSOLUTE
    __use_no_exception_handling              0x00000000   Number         0  useno.o ABSOLUTE
    __use_no_fp                              0x00000000   Number         0  useno.o ABSOLUTE
    __use_no_heap                            0x00000000   Number         0  useno.o ABSOLUTE
    __use_no_heap_region                     0x00000000   Number         0  useno.o ABSOLUTE
    __use_no_semihosting                     0x00000000   Number         0  useno.o ABSOLUTE
    __use_no_semihosting_swi                 0x00000000   Number         0  useno.o ABSOLUTE
    __use_no_signal_handling                 0x00000000   Number         0  useno.o ABSOLUTE
    _printf_a                                0x00000000   Number         0  stubs.o ABSOLUTE
    _printf_c                                0x00000000   Number         0  stubs.o ABSOLUTE
    _printf_charcount                        0x00000000   Number         0  stubs.o ABSOLUTE
    _printf_d                                0x00000000   Number         0  stubs.o ABSOLUTE
    _printf_e                                0x00000000   Number         0  stubs.o ABSOLUTE
    _printf_f                                0x00000000   Number         0  stubs.o ABSOLUTE
    _printf_flags                            0x00000000   Number         0  stubs.o ABSOLUTE
    _printf_fp_dec                           0x00000000   Number         0  stubs.o ABSOLUTE
    _printf_fp_hex                           0x00000000   Number         0  stubs.o ABSOLUTE
    _printf_g                                0x00000000   Number         0  stubs.o ABSOLUTE
    _printf_i                                0x00000000   Number         0  stubs.o ABSOLUTE
    _printf_int_dec                          0x00000000   Number         0  stubs.o ABSOLUTE
    _printf_l                                0x00000000   Number         0  stubs.o ABSOLUTE
    _printf_lc                               0x00000000   Number         0  stubs.o ABSOLUTE
    _printf_ll                               0x00000000   Number         0  stubs.o ABSOLUTE
    _printf_lld                              0x00000000   Number         0  stubs.o ABSOLUTE
    _printf_lli                              0x00000000   Number         0  stubs.o ABSOLUTE
    _printf_llo                              0x00000000   Number         0  stubs.o ABSOLUTE
    _printf_llu                              0x00000000   Number         0  stubs.o ABSOLUTE
    _printf_llx                              0x00000000   Number         0  stubs.o ABSOLUTE
    _printf_longlong_dec                     0x00000000   Number         0  stubs.o ABSOLUTE
    _printf_longlong_hex                     0x00000000   Number         0  stubs.o ABSOLUTE
    _printf_longlong_oct                     0x00000000   Number         0  stubs.o ABSOLUTE
    _printf_ls                               0x00000000   Number         0  stubs.o ABSOLUTE
    _printf_mbtowc                           0x00000000   Number         0  stubs.o ABSOLUTE
    _printf_n                                0x00000000   Number         0  stubs.o ABSOLUTE
    _printf_o                                0x00000000   Number         0  stubs.o ABSOLUTE
    _printf_p                                0x00000000   Number         0  stubs.o ABSOLUTE
    _printf_percent                          0x00000000   Number         0  stubs.o ABSOLUTE
    _printf_pre_padding                      0x00000000   Number         0  stubs.o ABSOLUTE
    _printf_return_value                     0x00000000   Number         0  stubs.o ABSOLUTE
    _printf_s                                0x00000000   Number         0  stubs.o ABSOLUTE
    _printf_sizespec                         0x00000000   Number         0  stubs.o ABSOLUTE
    _printf_str                              0x00000000   Number         0  stubs.o ABSOLUTE
    _printf_truncate_signed                  0x00000000   Number         0  stubs.o ABSOLUTE
    _printf_truncate_unsigned                0x00000000   Number         0  stubs.o ABSOLUTE
    _printf_u                                0x00000000   Number         0  stubs.o ABSOLUTE
    _printf_wc                               0x00000000   Number         0  stubs.o ABSOLUTE
    _printf_wctomb                           0x00000000   Number         0  stubs.o ABSOLUTE
    _printf_widthprec                        0x00000000   Number         0  stubs.o ABSOLUTE
    _printf_x                                0x00000000   Number         0  stubs.o ABSOLUTE
    __cpp_initialize__aeabi_                  - Undefined Weak Reference
    __cxa_finalize                            - Undefined Weak Reference
    _clock_init                               - Undefined Weak Reference
    _microlib_exit                            - Undefined Weak Reference
    __Vectors_Size                           0x00000130   Number         0  startup_stm32f10x_hd.o ABSOLUTE
    __Vectors                                0x08000000   Data           4  startup_stm32f10x_hd.o(RESET)
    __Vectors_End                            0x08000130   Data           0  startup_stm32f10x_hd.o(RESET)
    __main                                   0x08000131   Thumb Code     0  entry.o(.ARM.Collect$$$$00000000)
    _main_stk                                0x08000131   Thumb Code     0  entry2.o(.ARM.Collect$$$$00000001)
    _main_scatterload                        0x08000135   Thumb Code     0  entry5.o(.ARM.Collect$$$$00000004)
    __main_after_scatterload                 0x08000139   Thumb Code     0  entry5.o(.ARM.Collect$$$$00000004)
    _main_clock                              0x08000139   Thumb Code     0  entry7b.o(.ARM.Collect$$$$00000008)
    _main_cpp_init                           0x08000139   Thumb Code     0  entry8b.o(.ARM.Collect$$$$0000000A)
    _main_init                               0x08000139   Thumb Code     0  entry9a.o(.ARM.Collect$$$$0000000B)
    __rt_final_cpp                           0x08000141   Thumb Code     0  entry10a.o(.ARM.Collect$$$$0000000D)
    __rt_final_exit                          0x08000141   Thumb Code     0  entry11a.o(.ARM.Collect$$$$0000000F)
    Reset_Handler                            0x08000145   Thumb Code     8  startup_stm32f10x_hd.o(.text)
    ADC1_2_IRQHandler                        0x0800015f   Thumb Code     0  startup_stm32f10x_hd.o(.text)
    ADC3_IRQHandler                          0x0800015f   Thumb Code     0  startup_stm32f10x_hd.o(.text)
    CAN1_RX1_IRQHandler                      0x0800015f   Thumb Code     0  startup_stm32f10x_hd.o(.text)
    CAN1_SCE_IRQHandler                      0x0800015f   Thumb Code     0  startup_stm32f10x_hd.o(.text)
    DMA1_Channel1_IRQHandler                 0x0800015f   Thumb Code     0  startup_stm32f10x_hd.o(.text)
    DMA1_Channel2_IRQHandler                 0x0800015f   Thumb Code     0  startup_stm32f10x_hd.o(.text)
    DMA1_Channel3_IRQHandler                 0x0800015f   Thumb Code     0  startup_stm32f10x_hd.o(.text)
    DMA1_Channel4_IRQHandler                 0x0800015f   Thumb Code     0  startup_stm32f10x_hd.o(.text)
    DMA1_Channel5_IRQHandler                 0x0800015f   Thumb Code     0  startup_stm32f10x_hd.o(.text)
    DMA1_Channel6_IRQHandler                 0x0800015f   Thumb Code     0  startup_stm32f10x_hd.o(.text)
    DMA1_Channel7_IRQHandler                 0x0800015f   Thumb Code     0  startup_stm32f10x_hd.o(.text)
    DMA2_Channel1_IRQHandler                 0x0800015f   Thumb Code     0  startup_stm32f10x_hd.o(.text)
    DMA2_Channel2_IRQHandler                 0x0800015f   Thumb Code     0  startup_stm32f10x_hd.o(.text)
    DMA2_Channel3_IRQHandler                 0x0800015f   Thumb Code     0  startup_stm32f10x_hd.o(.text)
    DMA2_Channel4_5_IRQHandler               0x0800015f   Thumb Code     0  startup_stm32f10x_hd.o(.text)
    EXTI0_IRQHandler                         0x0800015f   Thumb Code     0  startup_stm32f10x_hd.o(.text)
    EXTI15_10_IRQHandler                     0x0800015f   Thumb Code     0  startup_stm32f10x_hd.o(.text)
    EXTI1_IRQHandler                         0x0800015f   Thumb Code     0  startup_stm32f10x_hd.o(.text)
    EXTI2_IRQHandler                         0x0800015f   Thumb Code     0  startup_stm32f10x_hd.o(.text)
    EXTI3_IRQHandler                         0x0800015f   Thumb Code     0  startup_stm32f10x_hd.o(.text)
    EXTI4_IRQHandler                         0x0800015f   Thumb Code     0  startup_stm32f10x_hd.o(.text)
    EXTI9_5_IRQHandler                       0x0800015f   Thumb Code     0  startup_stm32f10x_hd.o(.text)
    FLASH_IRQHandler                         0x0800015f   Thumb Code     0  startup_stm32f10x_hd.o(.text)
    FSMC_IRQHandler                          0x0800015f   Thumb Code     0  startup_stm32f10x_hd.o(.text)
    I2C1_ER_IRQHandler                       0x0800015f   Thumb Code     0  startup_stm32f10x_hd.o(.text)
    I2C1_EV_IRQHandler                       0x0800015f   Thumb Code     0  startup_stm32f10x_hd.o(.text)
    I2C2_ER_IRQHandler                       0x0800015f   Thumb Code     0  startup_stm32f10x_hd.o(.text)
    I2C2_EV_IRQHandler                       0x0800015f   Thumb Code     0  startup_stm32f10x_hd.o(.text)
    PVD_IRQHandler                           0x0800015f   Thumb Code     0  startup_stm32f10x_hd.o(.text)
    RCC_IRQHandler                           0x0800015f   Thumb Code     0  startup_stm32f10x_hd.o(.text)
    RTCAlarm_IRQHandler                      0x0800015f   Thumb Code     0  startup_stm32f10x_hd.o(.text)
    RTC_IRQHandler                           0x0800015f   Thumb Code     0  startup_stm32f10x_hd.o(.text)
    SDIO_IRQHandler                          0x0800015f   Thumb Code     0  startup_stm32f10x_hd.o(.text)
    SPI1_IRQHandler                          0x0800015f   Thumb Code     0  startup_stm32f10x_hd.o(.text)
    SPI2_IRQHandler                          0x0800015f   Thumb Code     0  startup_stm32f10x_hd.o(.text)
    SPI3_IRQHandler                          0x0800015f   Thumb Code     0  startup_stm32f10x_hd.o(.text)
    TAMPER_IRQHandler                        0x0800015f   Thumb Code     0  startup_stm32f10x_hd.o(.text)
    TIM1_BRK_IRQHandler                      0x0800015f   Thumb Code     0  startup_stm32f10x_hd.o(.text)
    TIM1_CC_IRQHandler                       0x0800015f   Thumb Code     0  startup_stm32f10x_hd.o(.text)
    TIM1_TRG_COM_IRQHandler                  0x0800015f   Thumb Code     0  startup_stm32f10x_hd.o(.text)
    TIM1_UP_IRQHandler                       0x0800015f   Thumb Code     0  startup_stm32f10x_hd.o(.text)
    TIM2_IRQHandler                          0x0800015f   Thumb Code     0  startup_stm32f10x_hd.o(.text)
    TIM3_IRQHandler                          0x0800015f   Thumb Code     0  startup_stm32f10x_hd.o(.text)
    TIM4_IRQHandler                          0x0800015f   Thumb Code     0  startup_stm32f10x_hd.o(.text)
    TIM5_IRQHandler                          0x0800015f   Thumb Code     0  startup_stm32f10x_hd.o(.text)
    TIM8_BRK_IRQHandler                      0x0800015f   Thumb Code     0  startup_stm32f10x_hd.o(.text)
    TIM8_CC_IRQHandler                       0x0800015f   Thumb Code     0  startup_stm32f10x_hd.o(.text)
    TIM8_TRG_COM_IRQHandler                  0x0800015f   Thumb Code     0  startup_stm32f10x_hd.o(.text)
    TIM8_UP_IRQHandler                       0x0800015f   Thumb Code     0  startup_stm32f10x_hd.o(.text)
    UART4_IRQHandler                         0x0800015f   Thumb Code     0  startup_stm32f10x_hd.o(.text)
    UART5_IRQHandler                         0x0800015f   Thumb Code     0  startup_stm32f10x_hd.o(.text)
    USBWakeUp_IRQHandler                     0x0800015f   Thumb Code     0  startup_stm32f10x_hd.o(.text)
    USB_HP_CAN1_TX_IRQHandler                0x0800015f   Thumb Code     0  startup_stm32f10x_hd.o(.text)
    USB_LP_CAN1_RX0_IRQHandler               0x0800015f   Thumb Code     0  startup_stm32f10x_hd.o(.text)
    WWDG_IRQHandler                          0x0800015f   Thumb Code     0  startup_stm32f10x_hd.o(.text)
    __aeabi_memcpy                           0x08000169   Thumb Code    36  memcpya.o(.text)
    __aeabi_memcpy4                          0x08000169   Thumb Code     0  memcpya.o(.text)
    __aeabi_memcpy8                          0x08000169   Thumb Code     0  memcpya.o(.text)
    __aeabi_memset                           0x0800018d   Thumb Code    14  memseta.o(.text)
    __aeabi_memset4                          0x0800018d   Thumb Code     0  memseta.o(.text)
    __aeabi_memset8                          0x0800018d   Thumb Code     0  memseta.o(.text)
    __aeabi_memclr                           0x0800019b   Thumb Code     4  memseta.o(.text)
    __aeabi_memclr4                          0x0800019b   Thumb Code     0  memseta.o(.text)
    __aeabi_memclr8                          0x0800019b   Thumb Code     0  memseta.o(.text)
    _memset$wrapper                          0x0800019f   Thumb Code    18  memseta.o(.text)
    __aeabi_fadd                             0x080001b1   Thumb Code   164  fadd.o(.text)
    __aeabi_fsub                             0x08000255   Thumb Code     6  fadd.o(.text)
    __aeabi_frsub                            0x0800025b   Thumb Code     6  fadd.o(.text)
    __aeabi_fmul                             0x08000261   Thumb Code   100  fmul.o(.text)
    __aeabi_dadd                             0x080002c5   Thumb Code   322  dadd.o(.text)
    __aeabi_dsub                             0x08000407   Thumb Code     6  dadd.o(.text)
    __aeabi_drsub                            0x0800040d   Thumb Code     6  dadd.o(.text)
    __aeabi_dmul                             0x08000413   Thumb Code   228  dmul.o(.text)
    __aeabi_ddiv                             0x080004f7   Thumb Code   222  ddiv.o(.text)
    __aeabi_i2f                              0x080005d5   Thumb Code    18  fflti.o(.text)
    __aeabi_ui2f                             0x080005e7   Thumb Code    10  ffltui.o(.text)
    __aeabi_i2d                              0x080005f1   Thumb Code    34  dflti.o(.text)
    __aeabi_ui2d                             0x08000613   Thumb Code    26  dfltui.o(.text)
    __aeabi_f2iz                             0x0800062d   Thumb Code    50  ffixi.o(.text)
    __aeabi_d2iz                             0x0800065f   Thumb Code    62  dfixi.o(.text)
    __aeabi_f2d                              0x0800069d   Thumb Code    38  f2d.o(.text)
    __aeabi_cdrcmple                         0x080006c5   Thumb Code    48  cdrcmple.o(.text)
    __aeabi_d2f                              0x080006f5   Thumb Code    56  d2f.o(.text)
    __aeabi_cfcmpeq                          0x0800072d   Thumb Code     0  cfcmple.o(.text)
    __aeabi_cfcmple                          0x0800072d   Thumb Code    20  cfcmple.o(.text)
    __aeabi_cfrcmple                         0x08000741   Thumb Code    20  cfrcmple.o(.text)
    __aeabi_uidiv                            0x08000755   Thumb Code     0  uidiv.o(.text)
    __aeabi_uidivmod                         0x08000755   Thumb Code    44  uidiv.o(.text)
    __aeabi_llsl                             0x08000781   Thumb Code    30  llshl.o(.text)
    _ll_shift_l                              0x08000781   Thumb Code     0  llshl.o(.text)
    __aeabi_llsr                             0x0800079f   Thumb Code    32  llushr.o(.text)
    _ll_ushift_r                             0x0800079f   Thumb Code     0  llushr.o(.text)
    __aeabi_lasr                             0x080007bf   Thumb Code    36  llsshr.o(.text)
    _ll_sshift_r                             0x080007bf   Thumb Code     0  llsshr.o(.text)
    __I$use$fp                               0x080007e3   Thumb Code     0  iusefp.o(.text)
    _float_round                             0x080007e3   Thumb Code    18  fepilogue.o(.text)
    _float_epilogue                          0x080007f5   Thumb Code    92  fepilogue.o(.text)
    _double_round                            0x08000851   Thumb Code    30  depilogue.o(.text)
    _double_epilogue                         0x0800086f   Thumb Code   156  depilogue.o(.text)
    __ARM_scalbn                             0x0800090b   Thumb Code    46  dscalb.o(.text)
    scalbn                                   0x0800090b   Thumb Code     0  dscalb.o(.text)
    __scatterload                            0x08000939   Thumb Code    28  init.o(.text)
    __scatterload_rt2                        0x08000939   Thumb Code     0  init.o(.text)
    _dsqrt                                   0x0800095d   Thumb Code   162  dsqrt.o(.text)
    __decompress                             0x080009ff   Thumb Code     0  __dczerorl2.o(.text)
    __decompress1                            0x080009ff   Thumb Code    86  __dczerorl2.o(.text)
    ADC_Cmd                                  0x08000a55   Thumb Code    22  stm32f10x_adc.o(i.ADC_Cmd)
    ADC_DMACmd                               0x08000a6b   Thumb Code    22  stm32f10x_adc.o(i.ADC_DMACmd)
    ADC_DMAInit                              0x08000a81   Thumb Code    82  ADC_Config.o(i.ADC_DMAInit)
    ADC_DMA_Configuration                    0x08000ae1   Thumb Code   166  ADC_Config.o(i.ADC_DMA_Configuration)
    ADC_DeInit                               0x08000b91   Thumb Code    78  stm32f10x_adc.o(i.ADC_DeInit)
    ADC_GetCalibrationStatus                 0x08000bed   Thumb Code    20  stm32f10x_adc.o(i.ADC_GetCalibrationStatus)
    ADC_GetConversionValue                   0x08000c01   Thumb Code     8  stm32f10x_adc.o(i.ADC_GetConversionValue)
    ADC_GetFlagStatus                        0x08000c09   Thumb Code    18  stm32f10x_adc.o(i.ADC_GetFlagStatus)
    ADC_GetResetCalibrationStatus            0x08000c1b   Thumb Code    20  stm32f10x_adc.o(i.ADC_GetResetCalibrationStatus)
    ADC_Init                                 0x08000c31   Thumb Code    70  stm32f10x_adc.o(i.ADC_Init)
    ADC_RegularChannelConfig                 0x08000c81   Thumb Code   184  stm32f10x_adc.o(i.ADC_RegularChannelConfig)
    ADC_ResetCalibration                     0x08000d39   Thumb Code    10  stm32f10x_adc.o(i.ADC_ResetCalibration)
    ADC_SoftwareStartConvCmd                 0x08000d43   Thumb Code    22  stm32f10x_adc.o(i.ADC_SoftwareStartConvCmd)
    ADC_StartCalibration                     0x08000d59   Thumb Code    10  stm32f10x_adc.o(i.ADC_StartCalibration)
    ADKey_Deal                               0x08000d63   Thumb Code   330  ADC_Config.o(i.ADKey_Deal)
    ADKey_Init                               0x08000ead   Thumb Code   132  ADC_Config.o(i.ADKey_Init)
    AD_AnJian                                0x08000f39   Thumb Code   152  ADC_Config.o(i.AD_AnJian)
    All_GPIO_Init                            0x08000fed   Thumb Code   238  gpio.o(i.All_GPIO_Init)
    BMQ_MOVE                                 0x080010ed   Thumb Code   484  moto.o(i.BMQ_MOVE)
    BuJin_GPIO_Init                          0x080012ed   Thumb Code    84  hand.o(i.BuJin_GPIO_Init)
    BusFault_Handler                         0x08001345   Thumb Code     4  stm32f10x_it.o(i.BusFault_Handler)
    Clock                                    0x08001349   Thumb Code   160  ui.o(i.Clock)
    Clock_a                                  0x0800140d   Thumb Code  6810  ui.o(i.Clock_a)
    Clock_b                                  0x08002eb5   Thumb Code   612  ui.o(i.Clock_b)
    Clock_c                                  0x08003165   Thumb Code   614  ui.o(i.Clock_c)
    Clock_d                                  0x08003419   Thumb Code   614  ui.o(i.Clock_d)
    Clock_e                                  0x080036cd   Thumb Code  1846  ui.o(i.Clock_e)
    DJ_MOVE                                  0x08003e31   Thumb Code   602  moto.o(i.DJ_MOVE)
    DJ_MOVE_BUFF_SET                         0x080040a1   Thumb Code   100  move.o(i.DJ_MOVE_BUFF_SET)
    DJ_MOVE_BUFF_shuzu                       0x08004105   Thumb Code    46  move.o(i.DJ_MOVE_BUFF_shuzu)
    DJ_MOVE_PingYi                           0x08004135   Thumb Code   256  moto.o(i.DJ_MOVE_PingYi)
    DJ_MOVE_YS                               0x08004241   Thumb Code   188  moto.o(i.DJ_MOVE_YS)
    DJ_MOVE_ZHUAN                            0x08004315   Thumb Code   624  moto.o(i.DJ_MOVE_ZHUAN)
    DJ_MOVE_ZONG                             0x080045a9   Thumb Code   104  move.o(i.DJ_MOVE_ZONG)
    DMA_Cmd                                  0x08004611   Thumb Code    24  stm32f10x_dma.o(i.DMA_Cmd)
    DMA_DeInit                               0x08004629   Thumb Code   324  stm32f10x_dma.o(i.DMA_DeInit)
    DMA_Init                                 0x08004775   Thumb Code    60  stm32f10x_dma.o(i.DMA_Init)
    Debug                                    0x080047b1   Thumb Code   160  ui.o(i.Debug)
    DebugMon_Handler                         0x08004871   Thumb Code     2  stm32f10x_it.o(i.DebugMon_Handler)
    Debug_Set                                0x08004875   Thumb Code   288  ui.o(i.Debug_Set)
    Draw_BMP                                 0x080049d1   Thumb Code   106  oled.o(i.Draw_BMP)
    Draw_Power                               0x08004a3d   Thumb Code   208  oled.o(i.Draw_Power)
    Drive                                    0x08004b11   Thumb Code   160  ui.o(i.Drive)
    Drive_a                                  0x08004bd5   Thumb Code   228  ui.o(i.Drive_a)
    FLASH_ErasePage                          0x08004d05   Thumb Code    72  stm32f10x_flash.o(i.FLASH_ErasePage)
    FLASH_GetBank1Status                     0x08004d51   Thumb Code    48  stm32f10x_flash.o(i.FLASH_GetBank1Status)
    FLASH_Lock                               0x08004d85   Thumb Code    14  stm32f10x_flash.o(i.FLASH_Lock)
    FLASH_ProgramHalfWord                    0x08004d99   Thumb Code    60  stm32f10x_flash.o(i.FLASH_ProgramHalfWord)
    FLASH_Unlock                             0x08004dd9   Thumb Code    12  stm32f10x_flash.o(i.FLASH_Unlock)
    FLASH_WaitForLastOperation               0x08004df1   Thumb Code    38  stm32f10x_flash.o(i.FLASH_WaitForLastOperation)
    GPIO_Init                                0x08004e17   Thumb Code   278  stm32f10x_gpio.o(i.GPIO_Init)
    GPIO_PinRemapConfig                      0x08004f2d   Thumb Code   138  stm32f10x_gpio.o(i.GPIO_PinRemapConfig)
    GPIO_ResetBits                           0x08004fbd   Thumb Code     4  stm32f10x_gpio.o(i.GPIO_ResetBits)
    GPIO_SetBits                             0x08004fc1   Thumb Code     4  stm32f10x_gpio.o(i.GPIO_SetBits)
    Get_Key_Adc                              0x08004fc5   Thumb Code    46  ADC_Config.o(i.Get_Key_Adc)
    Get_Key_Adc_Average                      0x08004ff9   Thumb Code    40  ADC_Config.o(i.Get_Key_Adc_Average)
    HardFault_Handler                        0x08005021   Thumb Code     4  stm32f10x_it.o(i.HardFault_Handler)
    Init_BMQ                                 0x08005025   Thumb Code   564  timer.o(i.Init_BMQ)
    Init_TIM1_PWM                            0x08005275   Thumb Code   218  timer.o(i.Init_TIM1_PWM)
    Init_TIM8_PWM                            0x0800535d   Thumb Code   250  timer.o(i.Init_TIM8_PWM)
    Internet_Set                             0x08005461   Thumb Code   166  ui.o(i.Internet_Set)
    LCD_16_HanZi_ASCII                       0x08005531   Thumb Code   128  oled.o(i.LCD_16_HanZi_ASCII)
    LCD_CLS                                  0x080055b1   Thumb Code    56  oled.o(i.LCD_CLS)
    LCD_CLS_06                               0x080055e9   Thumb Code    56  oled.o(i.LCD_CLS_06)
    LCD_DLY_ms                               0x08005621   Thumb Code    28  oled.o(i.LCD_DLY_ms)
    LCD_P16x16Str                            0x0800563d   Thumb Code   246  oled.o(i.LCD_P16x16Str)
    LCD_P8x16Str                             0x0800573d   Thumb Code   130  oled.o(i.LCD_P8x16Str)
    LCD_Set_Pos                              0x080057c5   Thumb Code    36  oled.o(i.LCD_Set_Pos)
    LCD_WrCmd                                0x080057e9   Thumb Code    90  oled.o(i.LCD_WrCmd)
    LCD_WrDat                                0x08005849   Thumb Code    94  oled.o(i.LCD_WrDat)
    MemManage_Handler                        0x080058ad   Thumb Code     4  stm32f10x_it.o(i.MemManage_Handler)
    MenuOperate                              0x080058b1   Thumb Code   200  ui.o(i.MenuOperate)
    NMI_Handler                              0x08005989   Thumb Code     2  stm32f10x_it.o(i.NMI_Handler)
    NVIC_Init                                0x0800598d   Thumb Code   100  misc.o(i.NVIC_Init)
    Net_a                                    0x080059fd   Thumb Code   210  ui.o(i.Net_a)
    Net_b                                    0x08005b05   Thumb Code   210  ui.o(i.Net_b)
    Net_c                                    0x08005c0d   Thumb Code   210  ui.o(i.Net_c)
    Net_d                                    0x08005d15   Thumb Code  1532  ui.o(i.Net_d)
    Net_e                                    0x08006315   Thumb Code  1544  ui.o(i.Net_e)
    Net_f                                    0x08006921   Thumb Code  1376  ui.o(i.Net_f)
    OLCD_Fill                                0x08006e85   Thumb Code    58  oled.o(i.OLCD_Fill)
    OLED_CLS                                 0x08006ec1   Thumb Code    86  oled2.o(i.OLED_CLS)
    OLED_CLS_67                              0x08006f21   Thumb Code    86  oled2.o(i.OLED_CLS_67)
    OLED_DrawHanzi                           0x08006f81   Thumb Code   238  oled2.o(i.OLED_DrawHanzi)
    OLED_DrawPicture                         0x08007079   Thumb Code   142  oled2.o(i.OLED_DrawPicture)
    OLED_DrawPoint                           0x08007109   Thumb Code    92  oled2.o(i.OLED_DrawPoint)
    OLED_Init                                0x08007169   Thumb Code   266  oled.o(i.OLED_Init)
    OLED_Refresh                             0x08007279   Thumb Code   120  oled2.o(i.OLED_Refresh)
    OLED_ShowxcChar                          0x080072f9   Thumb Code   254  oled2.o(i.OLED_ShowxcChar)
    OLED_ShowxcNum                           0x08007405   Thumb Code   168  oled2.o(i.OLED_ShowxcNum)
    OLED_ShowxcString                        0x080074ad   Thumb Code   112  oled2.o(i.OLED_ShowxcString)
    OLED_WR_Byte                             0x0800751d   Thumb Code   108  oled2.o(i.OLED_WR_Byte)
    OLED_tou                                 0x0800758d   Thumb Code   312  ui.o(i.OLED_tou)
    PWM_PID                                  0x08007715   Thumb Code   166  moto.o(i.PWM_PID)
    PWM_SET                                  0x080077c1   Thumb Code   196  moto.o(i.PWM_SET)
    PendSV_Handler                           0x080078b9   Thumb Code     2  stm32f10x_it.o(i.PendSV_Handler)
    RCC_ADCCLKConfig                         0x080078bd   Thumb Code    18  stm32f10x_rcc.o(i.RCC_ADCCLKConfig)
    RCC_AHBPeriphClockCmd                    0x080078d5   Thumb Code    26  stm32f10x_rcc.o(i.RCC_AHBPeriphClockCmd)
    RCC_APB1PeriphClockCmd                   0x080078f5   Thumb Code    26  stm32f10x_rcc.o(i.RCC_APB1PeriphClockCmd)
    RCC_APB1PeriphResetCmd                   0x08007915   Thumb Code    26  stm32f10x_rcc.o(i.RCC_APB1PeriphResetCmd)
    RCC_APB2PeriphClockCmd                   0x08007935   Thumb Code    26  stm32f10x_rcc.o(i.RCC_APB2PeriphClockCmd)
    RCC_APB2PeriphResetCmd                   0x08007955   Thumb Code    26  stm32f10x_rcc.o(i.RCC_APB2PeriphResetCmd)
    RCC_GetClocksFreq                        0x08007975   Thumb Code   192  stm32f10x_rcc.o(i.RCC_GetClocksFreq)
    SHOP_GPIO_init                           0x08007a49   Thumb Code    98  gpio.o(i.SHOP_GPIO_init)
    STMFLASH_Read                            0x08007ab9   Thumb Code    34  stmflash.o(i.STMFLASH_Read)
    STMFLASH_ReadHalfWord                    0x08007adb   Thumb Code     6  stmflash.o(i.STMFLASH_ReadHalfWord)
    STMFLASH_Write                           0x08007ae1   Thumb Code   222  stmflash.o(i.STMFLASH_Write)
    STMFLASH_Write_NoCheck                   0x08007bc9   Thumb Code    38  stmflash.o(i.STMFLASH_Write_NoCheck)
    SVC_Handler                              0x08007bef   Thumb Code     2  stm32f10x_it.o(i.SVC_Handler)
    Set_188                                  0x08007cd9   Thumb Code   184  ui.o(i.Set_188)
    Set_188_a                                0x08007dc1   Thumb Code    64  ui.o(i.Set_188_a)
    Set_a                                    0x08007e09   Thumb Code   296  ui.o(i.Set_a)
    Set_b                                    0x08007f6d   Thumb Code   216  ui.o(i.Set_b)
    Set_c                                    0x08008085   Thumb Code   214  ui.o(i.Set_c)
    Set_d                                    0x0800819d   Thumb Code   216  ui.o(i.Set_d)
    Set_e                                    0x080082b5   Thumb Code   480  ui.o(i.Set_e)
    Set_f                                    0x080084d5   Thumb Code   368  ui.o(i.Set_f)
    Set_g                                    0x08008685   Thumb Code   370  ui.o(i.Set_g)
    St178_Scanf                              0x08008839   Thumb Code  1520  st178.o(i.St178_Scanf)
    St188_Scanf                              0x08008e49   Thumb Code  1774  st178.o(i.St188_Scanf)
    SysTick_CLKSourceConfig                  0x08009595   Thumb Code    40  misc.o(i.SysTick_CLKSourceConfig)
    SysTick_Handler                          0x080095bd   Thumb Code     2  stm32f10x_it.o(i.SysTick_Handler)
    SystemInit                               0x080095c1   Thumb Code    78  system_stm32f10x.o(i.SystemInit)
    TIM6_IRQHandler                          0x08009861   Thumb Code   246  exti.o(i.TIM6_IRQHandler)
    TIM7_BaseTime_Init                       0x08009989   Thumb Code    88  moto.o(i.TIM7_BaseTime_Init)
    TIM7_IRQHandler                          0x080099e5   Thumb Code  1884  moto.o(i.TIM7_IRQHandler)
    TIM_ARRPreloadConfig                     0x0800a179   Thumb Code    24  stm32f10x_tim.o(i.TIM_ARRPreloadConfig)
    TIM_ClearITPendingBit                    0x0800a191   Thumb Code     6  stm32f10x_tim.o(i.TIM_ClearITPendingBit)
    TIM_Cmd                                  0x0800a197   Thumb Code    24  stm32f10x_tim.o(i.TIM_Cmd)
    TIM_CtrlPWMOutputs                       0x0800a1af   Thumb Code    30  stm32f10x_tim.o(i.TIM_CtrlPWMOutputs)
    TIM_DeInit                               0x0800a1cd   Thumb Code   424  stm32f10x_tim.o(i.TIM_DeInit)
    TIM_EncoderInterfaceConfig               0x0800a3b5   Thumb Code    66  stm32f10x_tim.o(i.TIM_EncoderInterfaceConfig)
    TIM_GetITStatus                          0x0800a3f7   Thumb Code    34  stm32f10x_tim.o(i.TIM_GetITStatus)
    TIM_ICInit                               0x0800a419   Thumb Code   150  stm32f10x_tim.o(i.TIM_ICInit)
    TIM_ICStructInit                         0x0800a4c5   Thumb Code    18  stm32f10x_tim.o(i.TIM_ICStructInit)
    TIM_ITConfig                             0x0800a4d7   Thumb Code    18  stm32f10x_tim.o(i.TIM_ITConfig)
    TIM_OC1Init                              0x0800a4e9   Thumb Code   132  stm32f10x_tim.o(i.TIM_OC1Init)
    TIM_OC1PreloadConfig                     0x0800a581   Thumb Code    18  stm32f10x_tim.o(i.TIM_OC1PreloadConfig)
    TIM_OC2Init                              0x0800a595   Thumb Code   154  stm32f10x_tim.o(i.TIM_OC2Init)
    TIM_OC2PreloadConfig                     0x0800a639   Thumb Code    26  stm32f10x_tim.o(i.TIM_OC2PreloadConfig)
    TIM_OC3Init                              0x0800a655   Thumb Code   150  stm32f10x_tim.o(i.TIM_OC3Init)
    TIM_OC3PreloadConfig                     0x0800a6f5   Thumb Code    18  stm32f10x_tim.o(i.TIM_OC3PreloadConfig)
    TIM_OC4Init                              0x0800a709   Thumb Code   114  stm32f10x_tim.o(i.TIM_OC4Init)
    TIM_OC4PreloadConfig                     0x0800a785   Thumb Code    26  stm32f10x_tim.o(i.TIM_OC4PreloadConfig)
    TIM_SetCompare1                          0x0800a79f   Thumb Code     4  stm32f10x_tim.o(i.TIM_SetCompare1)
    TIM_SetCompare2                          0x0800a7a3   Thumb Code     4  stm32f10x_tim.o(i.TIM_SetCompare2)
    TIM_SetCompare3                          0x0800a7a7   Thumb Code     4  stm32f10x_tim.o(i.TIM_SetCompare3)
    TIM_SetCompare4                          0x0800a7ab   Thumb Code     6  stm32f10x_tim.o(i.TIM_SetCompare4)
    TIM_SetIC1Prescaler                      0x0800a7b1   Thumb Code    18  stm32f10x_tim.o(i.TIM_SetIC1Prescaler)
    TIM_SetIC2Prescaler                      0x0800a7c3   Thumb Code    26  stm32f10x_tim.o(i.TIM_SetIC2Prescaler)
    TIM_SetIC3Prescaler                      0x0800a7dd   Thumb Code    18  stm32f10x_tim.o(i.TIM_SetIC3Prescaler)
    TIM_SetIC4Prescaler                      0x0800a7ef   Thumb Code    26  stm32f10x_tim.o(i.TIM_SetIC4Prescaler)
    TIM_TimeBaseInit                         0x0800a809   Thumb Code   122  stm32f10x_tim.o(i.TIM_TimeBaseInit)
    Temp_Set                                 0x0800a8ad   Thumb Code   160  ui.o(i.Temp_Set)
    USART1_IRQHandler                        0x0800a96d   Thumb Code   204  usart.o(i.USART1_IRQHandler)
    USART2_IRQHandler                        0x0800aa55   Thumb Code   122  usart.o(i.USART2_IRQHandler)
    USART3_IRQHandler                        0x0800aae1   Thumb Code   242  usart.o(i.USART3_IRQHandler)
    USART3_Putc                              0x0800ac05   Thumb Code    22  usart.o(i.USART3_Putc)
    USART3_Puts                              0x0800ac21   Thumb Code    38  usart.o(i.USART3_Puts)
    USART_Cmd                                0x0800ac4d   Thumb Code    24  stm32f10x_usart.o(i.USART_Cmd)
    USART_GetFlagStatus                      0x0800ac65   Thumb Code    26  stm32f10x_usart.o(i.USART_GetFlagStatus)
    USART_GetITStatus                        0x0800ac7f   Thumb Code    84  stm32f10x_usart.o(i.USART_GetITStatus)
    USART_ITConfig                           0x0800acd3   Thumb Code    74  stm32f10x_usart.o(i.USART_ITConfig)
    USART_Init                               0x0800ad1d   Thumb Code   210  stm32f10x_usart.o(i.USART_Init)
    USART_ReceiveData                        0x0800adf5   Thumb Code    10  stm32f10x_usart.o(i.USART_ReceiveData)
    USART_SendData                           0x0800adff   Thumb Code     8  stm32f10x_usart.o(i.USART_SendData)
    UsageFault_Handler                       0x0800ae07   Thumb Code     4  stm32f10x_it.o(i.UsageFault_Handler)
    WEI_PID                                  0x0800ae0d   Thumb Code   604  moto.o(i.WEI_PID)
    XIANFU                                   0x0800b0b9   Thumb Code    34  moto.o(i.XIANFU)
    Zhua                                     0x0800b0e1   Thumb Code     2  hand.o(i.Zhua)
    __0printf$6                              0x0800b0e5   Thumb Code    22  printf6.o(i.__0printf$6)
    __1printf$6                              0x0800b0e5   Thumb Code     0  printf6.o(i.__0printf$6)
    __2printf                                0x0800b0e5   Thumb Code     0  printf6.o(i.__0printf$6)
    __0sprintf$6                             0x0800b105   Thumb Code    34  printf6.o(i.__0sprintf$6)
    __1sprintf$6                             0x0800b105   Thumb Code     0  printf6.o(i.__0sprintf$6)
    __2sprintf                               0x0800b105   Thumb Code     0  printf6.o(i.__0sprintf$6)
    __ARM_fpclassify                         0x0800b12d   Thumb Code    40  fpclassify.o(i.__ARM_fpclassify)
    __kernel_poly                            0x0800b155   Thumb Code   170  poly.o(i.__kernel_poly)
    __mathlib_dbl_divzero                    0x0800b201   Thumb Code    12  dunder.o(i.__mathlib_dbl_divzero)
    __mathlib_dbl_infnan2                    0x0800b211   Thumb Code     4  dunder.o(i.__mathlib_dbl_infnan2)
    __mathlib_dbl_invalid                    0x0800b215   Thumb Code    12  dunder.o(i.__mathlib_dbl_invalid)
    __mathlib_dbl_overflow                   0x0800b221   Thumb Code    14  dunder.o(i.__mathlib_dbl_overflow)
    __mathlib_dbl_underflow                  0x0800b231   Thumb Code    10  dunder.o(i.__mathlib_dbl_underflow)
    __scatterload_copy                       0x0800b241   Thumb Code    14  handlers.o(i.__scatterload_copy)
    __scatterload_null                       0x0800b24f   Thumb Code     2  handlers.o(i.__scatterload_null)
    __scatterload_zeroinit                   0x0800b251   Thumb Code    14  handlers.o(i.__scatterload_zeroinit)
    __set_errno                              0x0800b261   Thumb Code     6  errno.o(i.__set_errno)
    bxcls                                    0x0800b5b9   Thumb Code     8  st178.o(i.bxcls)
    ce_1                                     0x0800b5c5   Thumb Code    12  move.o(i.ce_1)
    ce_2                                     0x0800b5d5   Thumb Code    12  move.o(i.ce_2)
    change                                   0x0800b5e5   Thumb Code   776  ui.o(i.change)
    change_uart                              0x0800b911   Thumb Code     2  ui.o(i.change_uart)
    delay_init                               0x0800b915   Thumb Code    50  delay.o(i.delay_init)
    delay_ms                                 0x0800b959   Thumb Code    72  delay.o(i.delay_ms)
    fputc                                    0x0800b9a5   Thumb Code   100  usart.o(i.fputc)
    fzclose                                  0x0800ba19   Thumb Code     2  exti.o(i.fzclose)
    fzopen                                   0x0800ba1b   Thumb Code     2  exti.o(i.fzopen)
    main                                     0x0800ba1d   Thumb Code   106  main.o(i.main)
    oled_pow                                 0x0800ba87   Thumb Code    22  oled2.o(i.oled_pow)
    pow                                      0x0800ba9d   Thumb Code  2478  pow.o(i.pow)
    read_from_flash                          0x0800c455   Thumb Code   136  ui.o(i.read_from_flash)
    save_to_flash                            0x0800c4f5   Thumb Code   192  ui.o(i.save_to_flash)
    shuzu                                    0x0800c5cd   Thumb Code   230  move.o(i.shuzu)
    sqrt                                     0x0800c6b3   Thumb Code    76  sqrt.o(i.sqrt)
    stop                                     0x0800c701   Thumb Code    90  moto.o(i.stop)
    uart1_init                               0x0800c789   Thumb Code   152  usart.o(i.uart1_init)
    uart2_init                               0x0800c829   Thumb Code   154  usart.o(i.uart2_init)
    uart3_init                               0x0800c8cd   Thumb Code   160  usart.o(i.uart3_init)
    F6x8                                     0x0800c974   Data         552  oled.o(.constdata)
    ST16x16_Idx                              0x0800cb9c   Data         269  oled.o(.constdata)
    ST16x16                                  0x0800cca9   Data        4288  oled.o(.constdata)
    F14x16_Idx                               0x0800dd69   Data          37  oled.o(.constdata)
    F14x16                                   0x0800dd8e   Data         504  oled.o(.constdata)
    F8X16                                    0x0800df86   Data        1520  oled.o(.constdata)
    F6x88                                    0x0800e576   Data         552  oled2.o(.constdata)
    F88X16                                   0x0800e79e   Data        1520  oled2.o(.constdata)
    asc2_1206                                0x0800ed8e   Data        1140  oled2.o(.constdata)
    asc2_1608                                0x0800f202   Data        1520  oled2.o(.constdata)
    asc2_2412                                0x0800f7f2   Data        3420  oled2.o(.constdata)
    gImage_set                               0x0801054e   Data          72  oled2.o(.constdata)
    gImage_music_l                           0x08010596   Data          72  oled2.o(.constdata)
    gImage_Record                            0x080105de   Data          72  oled2.o(.constdata)
    gImage_Game                              0x08010626   Data          72  oled2.o(.constdata)
    gImage_txt                               0x0801066e   Data          72  oled2.o(.constdata)
    gImage_Internet                          0x080106b6   Data          72  oled2.o(.constdata)
    gImage_Nrf                               0x080106fe   Data          72  oled2.o(.constdata)
    gImage_Tem                               0x08010746   Data          72  oled2.o(.constdata)
    gImage_timer                             0x0801078e   Data          72  oled2.o(.constdata)
    gImage_benz                              0x080107d6   Data          72  oled2.o(.constdata)
    hanzi                                    0x0801081e   Data         768  oled2.o(.constdata)
    miaobiao                                 0x08010b1e   Data        1584  oled2.o(.constdata)
    OLED_ST16x16_Idx                         0x0801114e   Data          77  oled2.o(.constdata)
    OLED_ST16x16                             0x0801119b   Data        1216  oled2.o(.constdata)
    xiaohanzi                                0x0801165b   Data          16  oled2.o(.constdata)
    __mathlib_zero                           0x08011718   Data           8  qnan.o(.constdata)
    Region$$Table$$Base                      0x08011720   Number         0  anon$$obj.o(Region$$Table)
    Region$$Table$$Limit                     0x08011740   Number         0  anon$$obj.o(Region$$Table)
    Key_Num                                  0x20000000   Data           1  ADC_Config.o(.data)
    Keykey_Flag                              0x20000001   Data           1  ADC_Config.o(.data)
    KEY_TYPE                                 0x20000002   Data           1  ADC_Config.o(.data)
    cunchu                                   0x2000000a   Data           4  exti.o(.data)
    z_cha                                    0x2000000e   Data           1  exti.o(.data)
    y_cha                                    0x2000000f   Data           1  exti.o(.data)
    q_cha                                    0x20000010   Data           1  exti.o(.data)
    h_cha                                    0x20000011   Data           1  exti.o(.data)
    count_fz                                 0x20000012   Data           2  exti.o(.data)
    fz_flag                                  0x20000014   Data           1  exti.o(.data)
    ii                                       0x20000018   Data           4  moto.o(.data)
    tt                                       0x2000001c   Data           2  moto.o(.data)
    aa                                       0x2000001e   Data           1  moto.o(.data)
    FX                                       0x2000001f   Data           1  moto.o(.data)
    pwm_time                                 0x20000020   Data           4  moto.o(.data)
    sum_flag                                 0x20000024   Data           2  moto.o(.data)
    sum_value                                0x20000026   Data           2  moto.o(.data)
    pidflag                                  0x20000028   Data           1  moto.o(.data)
    sum_value1                               0x2000002a   Data           2  moto.o(.data)
    sum_value2                               0x2000002c   Data           2  moto.o(.data)
    sum_cha                                  0x2000002e   Data           2  moto.o(.data)
    KP                                       0x20000030   Data           4  moto.o(.data)
    KI                                       0x20000034   Data           4  moto.o(.data)
    KD                                       0x20000038   Data           4  moto.o(.data)
    stop_TIM                                 0x2000003c   Data           1  moto.o(.data)
    tim7_start                               0x2000003d   Data           1  moto.o(.data)
    velocity_PID_KP_qh                       0x2000003e   Data           5  moto.o(.data)
    velocity_PID_KD_qh                       0x20000043   Data           5  moto.o(.data)
    g_nInterrupt_Count                       0x20000048   Data           1  moto.o(.data)
    velocity_KP                              0x2000004c   Data           4  moto.o(.data)
    velocity_KI                              0x20000050   Data           4  moto.o(.data)
    velocity_KD                              0x20000054   Data           4  moto.o(.data)
    Encoder_Integral                         0x20000058   Data           4  moto.o(.data)
    ll_PWM                                   0x2000005c   Data           4  moto.o(.data)
    lr_PWM                                   0x20000060   Data           4  moto.o(.data)
    bl_PWM                                   0x20000064   Data           4  moto.o(.data)
    br_PWM                                   0x20000068   Data           4  moto.o(.data)
    speed                                    0x2000006c   Data           4  moto.o(.data)
    speed_carrage                            0x20000070   Data          10  moto.o(.data)
    FX_flag                                  0x20000084   Data           1  move.o(.data)
    move_BUFF_SET_hang                       0x20000085   Data           1  move.o(.data)
    move_BUFF_SET2_hang                      0x20000086   Data           1  move.o(.data)
    move_BUFF_SET3_hang                      0x20000087   Data           1  move.o(.data)
    ce_move1_BUFF                            0x20000088   Data         110  move.o(.data)
    ce_move2_BUFF                            0x200000f6   Data         110  move.o(.data)
    chu_1                                    0x20000164   Data          66  move.o(.data)
    chu_2                                    0x200001a6   Data          44  move.o(.data)
    DZXYlogo                                 0x200001d2   Data        1024  oled.o(.data)
    TZXYlogo                                 0x200005d2   Data         512  oled.o(.data)
    weizhi                                   0x200007d2   Data         256  oled.o(.data)
    dianchi                                  0x200008d2   Data          64  oled.o(.data)
    xinghao                                  0x20000912   Data          64  oled.o(.data)
    xinghao2                                 0x20000952   Data          64  oled.o(.data)
    xinghao3                                 0x20000992   Data          64  oled.o(.data)
    xinghao4                                 0x200009d2   Data          32  oled.o(.data)
    shitou                                   0x200009f2   Data         288  oled.o(.data)
    jiandao                                  0x20000b12   Data         288  oled.o(.data)
    bu                                       0x20000c32   Data         288  oled.o(.data)
    oled_st188                               0x20000d54   Data           1  st178.o(.data)
    DEF_FLAGE                                0x20000d55   Data           1  st178.o(.data)
    chazhi_qh                                0x20000d58   Data           4  st178.o(.data)
    chazhi_zy                                0x20000d5c   Data           4  st178.o(.data)
    q_q                                      0x20000d60   Data           1  st178.o(.data)
    h_h                                      0x20000d61   Data           1  st178.o(.data)
    q_q_q                                    0x20000d62   Data           1  st178.o(.data)
    h_h_h                                    0x20000d63   Data           1  st178.o(.data)
    z_z                                      0x20000d64   Data           1  st178.o(.data)
    y_y                                      0x20000d65   Data           1  st178.o(.data)
    z_z_z                                    0x20000d66   Data           1  st178.o(.data)
    y_y_y                                    0x20000d67   Data           1  st178.o(.data)
    BX_FLAGE                                 0x20000d68   Data           1  st178.o(.data)
    st188_date1sum                           0x20000d6c   Data           8  st178.o(.data)
    st188_date2sum                           0x20000d74   Data           8  st178.o(.data)
    st188_date3sum                           0x20000d7c   Data           8  st178.o(.data)
    st188_date4sum                           0x20000d84   Data           8  st178.o(.data)
    qian_sum                                 0x20000d8c   Data           4  st178.o(.data)
    hou_sum                                  0x20000d90   Data           4  st178.o(.data)
    zuo_sum                                  0x20000d94   Data           4  st178.o(.data)
    you_sum                                  0x20000d98   Data           4  st178.o(.data)
    shu_z                                    0x20000d9c   Data           8  st178.o(.data)
    shu_y                                    0x20000da4   Data           8  st178.o(.data)
    j                                        0x20000db0   Data           1  ui.o(.data)
    Infoflag                                 0x20000db1   Data           1  ui.o(.data)
    hou                                      0x20000db2   Data         150  ui.o(.data)
    qian                                     0x20000e48   Data         150  ui.o(.data)
    xiacsd                                   0x20000ede   Data          15  ui.o(.data)
    zhiling                                  0x20000eed   Data         240  ui.o(.data)
    a                                        0x20000fdd   Data         100  ui.o(.data)
    b                                        0x20001041   Data           5  ui.o(.data)
    c                                        0x20001046   Data           5  ui.o(.data)
    d                                        0x2000104b   Data           5  ui.o(.data)
    e                                        0x20001050   Data           5  ui.o(.data)
    a1                                       0x20001055   Data           5  ui.o(.data)
    b1                                       0x2000105a   Data           5  ui.o(.data)
    c1                                       0x2000105f   Data           5  ui.o(.data)
    d1                                       0x20001064   Data           5  ui.o(.data)
    e1                                       0x20001069   Data           5  ui.o(.data)
    a2                                       0x2000106e   Data           5  ui.o(.data)
    c2                                       0x20001073   Data           5  ui.o(.data)
    d2                                       0x20001078   Data           5  ui.o(.data)
    e2                                       0x2000107d   Data           5  ui.o(.data)
    paizhao                                  0x20001082   Data           5  ui.o(.data)
    move_flag                                0x20001087   Data           1  ui.o(.data)
    move_flag1                               0x20001088   Data           1  ui.o(.data)
    move_flag2                               0x20001089   Data           1  ui.o(.data)
    move_flag3                               0x2000108a   Data           1  ui.o(.data)
    KeyFuncIndex                             0x2000108b   Data           1  ui.o(.data)
    KeyFuncPtr                               0x2000108c   Data           4  ui.o(.data)
    KeyTab                                   0x20001090   Data         480  ui.o(.data)
    USART_PRINTF_FLAG                        0x2000128c   Data           4  usart.o(.data)
    __stdout                                 0x20001290   Data           4  usart.o(.data)
    USART1_RX_STA                            0x20001294   Data           2  usart.o(.data)
    flag_6                                   0x20001296   Data           1  usart.o(.data)
    angle_6                                  0x20001298   Data           4  usart.o(.data)
    USART2_RX_STA                            0x2000129c   Data           2  usart.o(.data)
    USART3_RX_STA                            0x2000129e   Data           2  usart.o(.data)
    RX3_count                                0x200012a0   Data           2  usart.o(.data)
    AD_test                                  0x200012a4   Data           4  main.o(.data)
    tx_qian                                  0x200012a8   Data           4  main.o(.data)
    tx_hou                                   0x200012ac   Data           4  main.o(.data)
    SystemCoreClock                          0x200012b0   Data           4  system_stm32f10x.o(.data)
    AHBPrescTable                            0x200012b4   Data          16  system_stm32f10x.o(.data)
    ADC_DMA_ConvertedValue                   0x200012c8   Data          12  ADC_Config.o(.bss)
    Pid_fl                                   0x200012d4   Data          40  moto.o(.bss)
    Pid_fr                                   0x200012fc   Data          40  moto.o(.bss)
    Pid_br                                   0x20001324   Data          40  moto.o(.bss)
    Pid_bl                                   0x2000134c   Data          40  moto.o(.bss)
    a_pwm                                    0x20001374   Data          12  moto.o(.bss)
    move_BUFF_SET                            0x20001380   Data          30  move.o(.bss)
    move_BUFF_SET2                           0x2000139e   Data          30  move.o(.bss)
    move_BUFF_SET3                           0x200013bc   Data          30  move.o(.bss)
    chu_3                                    0x200013da   Data          66  move.o(.bss)
    chu_4                                    0x2000141c   Data          77  move.o(.bss)
    chu_5                                    0x20001469   Data          33  move.o(.bss)
    sb                                       0x2000148a   Data          44  move.o(.bss)
    zou_1                                    0x200014b6   Data         242  move.o(.bss)
    zou_2                                    0x200015a8   Data         198  move.o(.bss)
    zou_3                                    0x2000166e   Data         110  move.o(.bss)
    fa_1                                     0x200016dc   Data         297  move.o(.bss)
    fa_2                                     0x20001805   Data         330  move.o(.bss)
    fa_3                                     0x2000194f   Data         132  move.o(.bss)
    fangfa                                   0x200019d3   Data         154  move.o(.bss)
    fangfa_1                                 0x20001a6d   Data         143  move.o(.bss)
    fangfa_2                                 0x20001afc   Data          33  move.o(.bss)
    fangfa_3                                 0x20001b1d   Data         187  move.o(.bss)
    wujie                                    0x20001bd8   Data         132  move.o(.bss)
    tou                                      0x20001c5c   Data         231  move.o(.bss)
    LUXIAN1                                  0x20001d43   Data         286  move.o(.bss)
    write                                    0x20001e61   Data         288  oled.o(.bss)
    OLED_BUF                                 0x20001f81   Data          64  oled.o(.bss)
    OLED2_BUF                                0x20001fc1   Data         100  oled2.o(.bss)
    OLED_GRAM                                0x20002025   Data        1024  oled2.o(.bss)
    OLED_BCK_GRAM                            0x20002425   Data        1024  oled2.o(.bss)
    shu_q                                    0x20002825   Data          16  st178.o(.bss)
    shu_h                                    0x20002835   Data          16  st178.o(.bss)
    STMFLASH_BUF                             0x20002846   Data        2048  stmflash.o(.bss)
    Speed_buffer                             0x20003046   Data          34  ui.o(.bss)
    USART1_RX_BUF                            0x20003068   Data         200  usart.o(.bss)
    USART2_RX_BUF                            0x20003130   Data         200  usart.o(.bss)
    USART3_RX_BUF                            0x200031f8   Data         200  usart.o(.bss)
    __initial_sp                             0x200036c0   Data           0  startup_stm32f10x_hd.o(STACK)



==============================================================================

Memory Map of the image

  Image Entry point : 0x08000145

  Load Region LR_1 (Base: 0x08000000, Size: 0x00012a08, Max: 0xffffffff, ABSOLUTE, COMPRESSED[0x00011d30])

    Execution Region ER_RO (Base: 0x08000000, Size: 0x00011740, Max: 0xffffffff, ABSOLUTE)

    Base Addr    Size         Type   Attr      Idx    E Section Name        Object

    0x08000000   0x00000130   Data   RO           19    RESET               startup_stm32f10x_hd.o
    0x08000130   0x00000000   Code   RO         4550  * .ARM.Collect$$$$00000000  mc_w.l(entry.o)
    0x08000130   0x00000004   Code   RO         4883    .ARM.Collect$$$$00000001  mc_w.l(entry2.o)
    0x08000134   0x00000004   Code   RO         4886    .ARM.Collect$$$$00000004  mc_w.l(entry5.o)
    0x08000138   0x00000000   Code   RO         4888    .ARM.Collect$$$$00000008  mc_w.l(entry7b.o)
    0x08000138   0x00000000   Code   RO         4890    .ARM.Collect$$$$0000000A  mc_w.l(entry8b.o)
    0x08000138   0x00000008   Code   RO         4891    .ARM.Collect$$$$0000000B  mc_w.l(entry9a.o)
    0x08000140   0x00000000   Code   RO         4893    .ARM.Collect$$$$0000000D  mc_w.l(entry10a.o)
    0x08000140   0x00000000   Code   RO         4895    .ARM.Collect$$$$0000000F  mc_w.l(entry11a.o)
    0x08000140   0x00000004   Code   RO         4884    .ARM.Collect$$$$00002712  mc_w.l(entry2.o)
    0x08000144   0x00000024   Code   RO           20  * .text               startup_stm32f10x_hd.o
    0x08000168   0x00000024   Code   RO         4553    .text               mc_w.l(memcpya.o)
    0x0800018c   0x00000024   Code   RO         4555    .text               mc_w.l(memseta.o)
    0x080001b0   0x000000b0   Code   RO         4820    .text               mf_w.l(fadd.o)
    0x08000260   0x00000064   Code   RO         4822    .text               mf_w.l(fmul.o)
    0x080002c4   0x0000014e   Code   RO         4824    .text               mf_w.l(dadd.o)
    0x08000412   0x000000e4   Code   RO         4826    .text               mf_w.l(dmul.o)
    0x080004f6   0x000000de   Code   RO         4828    .text               mf_w.l(ddiv.o)
    0x080005d4   0x00000012   Code   RO         4830    .text               mf_w.l(fflti.o)
    0x080005e6   0x0000000a   Code   RO         4832    .text               mf_w.l(ffltui.o)
    0x080005f0   0x00000022   Code   RO         4834    .text               mf_w.l(dflti.o)
    0x08000612   0x0000001a   Code   RO         4836    .text               mf_w.l(dfltui.o)
    0x0800062c   0x00000032   Code   RO         4838    .text               mf_w.l(ffixi.o)
    0x0800065e   0x0000003e   Code   RO         4842    .text               mf_w.l(dfixi.o)
    0x0800069c   0x00000026   Code   RO         4844    .text               mf_w.l(f2d.o)
    0x080006c2   0x00000002   PAD
    0x080006c4   0x00000030   Code   RO         4848    .text               mf_w.l(cdrcmple.o)
    0x080006f4   0x00000038   Code   RO         4850    .text               mf_w.l(d2f.o)
    0x0800072c   0x00000014   Code   RO         4852    .text               mf_w.l(cfcmple.o)
    0x08000740   0x00000014   Code   RO         4854    .text               mf_w.l(cfrcmple.o)
    0x08000754   0x0000002c   Code   RO         4897    .text               mc_w.l(uidiv.o)
    0x08000780   0x0000001e   Code   RO         4901    .text               mc_w.l(llshl.o)
    0x0800079e   0x00000020   Code   RO         4903    .text               mc_w.l(llushr.o)
    0x080007be   0x00000024   Code   RO         4905    .text               mc_w.l(llsshr.o)
    0x080007e2   0x00000000   Code   RO         4914    .text               mc_w.l(iusefp.o)
    0x080007e2   0x0000006e   Code   RO         4915    .text               mf_w.l(fepilogue.o)
    0x08000850   0x000000ba   Code   RO         4917    .text               mf_w.l(depilogue.o)
    0x0800090a   0x0000002e   Code   RO         4919    .text               mf_w.l(dscalb.o)
    0x08000938   0x00000024   Code   RO         4923    .text               mc_w.l(init.o)
    0x0800095c   0x000000a2   Code   RO         4925    .text               mf_w.l(dsqrt.o)
    0x080009fe   0x00000056   Code   RO         4935    .text               mc_w.l(__dczerorl2.o)
    0x08000a54   0x00000016   Code   RO         1315    i.ADC_Cmd           stm32f10x_adc.o
    0x08000a6a   0x00000016   Code   RO         1316    i.ADC_DMACmd        stm32f10x_adc.o
    0x08000a80   0x00000060   Code   RO           24    i.ADC_DMAInit       ADC_Config.o
    0x08000ae0   0x000000b0   Code   RO           25    i.ADC_DMA_Configuration  ADC_Config.o
    0x08000b90   0x0000005c   Code   RO         1317    i.ADC_DeInit        stm32f10x_adc.o
    0x08000bec   0x00000014   Code   RO         1323    i.ADC_GetCalibrationStatus  stm32f10x_adc.o
    0x08000c00   0x00000008   Code   RO         1324    i.ADC_GetConversionValue  stm32f10x_adc.o
    0x08000c08   0x00000012   Code   RO         1326    i.ADC_GetFlagStatus  stm32f10x_adc.o
    0x08000c1a   0x00000014   Code   RO         1329    i.ADC_GetResetCalibrationStatus  stm32f10x_adc.o
    0x08000c2e   0x00000002   PAD
    0x08000c30   0x00000050   Code   RO         1333    i.ADC_Init          stm32f10x_adc.o
    0x08000c80   0x000000b8   Code   RO         1337    i.ADC_RegularChannelConfig  stm32f10x_adc.o
    0x08000d38   0x0000000a   Code   RO         1338    i.ADC_ResetCalibration  stm32f10x_adc.o
    0x08000d42   0x00000016   Code   RO         1340    i.ADC_SoftwareStartConvCmd  stm32f10x_adc.o
    0x08000d58   0x0000000a   Code   RO         1342    i.ADC_StartCalibration  stm32f10x_adc.o
    0x08000d62   0x0000014a   Code   RO           26    i.ADKey_Deal        ADC_Config.o
    0x08000eac   0x0000008c   Code   RO           27    i.ADKey_Init        ADC_Config.o
    0x08000f38   0x000000b4   Code   RO           28    i.AD_AnJian         ADC_Config.o
    0x08000fec   0x00000100   Code   RO          278    i.All_GPIO_Init     gpio.o
    0x080010ec   0x00000200   Code   RO          326    i.BMQ_MOVE          moto.o
    0x080012ec   0x00000058   Code   RO          296    i.BuJin_GPIO_Init   hand.o
    0x08001344   0x00000004   Code   RO         4417    i.BusFault_Handler  stm32f10x_it.o
    0x08001348   0x000000c4   Code   RO         1018    i.Clock             ui.o
    0x0800140c   0x00001aa8   Code   RO         1019    i.Clock_a           ui.o
    0x08002eb4   0x000002b0   Code   RO         1020    i.Clock_b           ui.o
    0x08003164   0x000002b4   Code   RO         1021    i.Clock_c           ui.o
    0x08003418   0x000002b4   Code   RO         1022    i.Clock_d           ui.o
    0x080036cc   0x00000764   Code   RO         1023    i.Clock_e           ui.o
    0x08003e30   0x00000270   Code   RO          327    i.DJ_MOVE           moto.o
    0x080040a0   0x00000064   Code   RO          422    i.DJ_MOVE_BUFF_SET  move.o
    0x08004104   0x0000002e   Code   RO          423    i.DJ_MOVE_BUFF_shuzu  move.o
    0x08004132   0x00000002   PAD
    0x08004134   0x0000010c   Code   RO          328    i.DJ_MOVE_PingYi    moto.o
    0x08004240   0x000000d4   Code   RO          329    i.DJ_MOVE_YS        moto.o
    0x08004314   0x00000294   Code   RO          330    i.DJ_MOVE_ZHUAN     moto.o
    0x080045a8   0x00000068   Code   RO          424    i.DJ_MOVE_ZONG      move.o
    0x08004610   0x00000018   Code   RO         2000    i.DMA_Cmd           stm32f10x_dma.o
    0x08004628   0x0000014c   Code   RO         2001    i.DMA_DeInit        stm32f10x_dma.o
    0x08004774   0x0000003c   Code   RO         2006    i.DMA_Init          stm32f10x_dma.o
    0x080047b0   0x000000c0   Code   RO         1024    i.Debug             ui.o
    0x08004870   0x00000002   Code   RO         4418    i.DebugMon_Handler  stm32f10x_it.o
    0x08004872   0x00000002   PAD
    0x08004874   0x0000015c   Code   RO         1025    i.Debug_Set         ui.o
    0x080049d0   0x0000006a   Code   RO          602    i.Draw_BMP          oled.o
    0x08004a3a   0x00000002   PAD
    0x08004a3c   0x000000d4   Code   RO          604    i.Draw_Power        oled.o
    0x08004b10   0x000000c4   Code   RO         1026    i.Drive             ui.o
    0x08004bd4   0x00000130   Code   RO         1027    i.Drive_a           ui.o
    0x08004d04   0x0000004c   Code   RO         2129    i.FLASH_ErasePage   stm32f10x_flash.o
    0x08004d50   0x00000034   Code   RO         2130    i.FLASH_GetBank1Status  stm32f10x_flash.o
    0x08004d84   0x00000014   Code   RO         2139    i.FLASH_Lock        stm32f10x_flash.o
    0x08004d98   0x00000040   Code   RO         2142    i.FLASH_ProgramHalfWord  stm32f10x_flash.o
    0x08004dd8   0x00000018   Code   RO         2147    i.FLASH_Unlock      stm32f10x_flash.o
    0x08004df0   0x00000026   Code   RO         2151    i.FLASH_WaitForLastOperation  stm32f10x_flash.o
    0x08004e16   0x00000116   Code   RO         2424    i.GPIO_Init         stm32f10x_gpio.o
    0x08004f2c   0x00000090   Code   RO         2426    i.GPIO_PinRemapConfig  stm32f10x_gpio.o
    0x08004fbc   0x00000004   Code   RO         2431    i.GPIO_ResetBits    stm32f10x_gpio.o
    0x08004fc0   0x00000004   Code   RO         2432    i.GPIO_SetBits      stm32f10x_gpio.o
    0x08004fc4   0x00000034   Code   RO           30    i.Get_Key_Adc       ADC_Config.o
    0x08004ff8   0x00000028   Code   RO           31    i.Get_Key_Adc_Average  ADC_Config.o
    0x08005020   0x00000004   Code   RO         4419    i.HardFault_Handler  stm32f10x_it.o
    0x08005024   0x00000250   Code   RO          988    i.Init_BMQ          timer.o
    0x08005274   0x000000e8   Code   RO          989    i.Init_TIM1_PWM     timer.o
    0x0800535c   0x00000104   Code   RO          991    i.Init_TIM8_PWM     timer.o
    0x08005460   0x000000d0   Code   RO         1031    i.Internet_Set      ui.o
    0x08005530   0x00000080   Code   RO          607    i.LCD_16_HanZi_ASCII  oled.o
    0x080055b0   0x00000038   Code   RO          608    i.LCD_CLS           oled.o
    0x080055e8   0x00000038   Code   RO          609    i.LCD_CLS_06        oled.o
    0x08005620   0x0000001c   Code   RO          610    i.LCD_DLY_ms        oled.o
    0x0800563c   0x00000100   Code   RO          612    i.LCD_P16x16Str     oled.o
    0x0800573c   0x00000088   Code   RO          614    i.LCD_P8x16Str      oled.o
    0x080057c4   0x00000024   Code   RO          618    i.LCD_Set_Pos       oled.o
    0x080057e8   0x00000060   Code   RO          619    i.LCD_WrCmd         oled.o
    0x08005848   0x00000064   Code   RO          620    i.LCD_WrDat         oled.o
    0x080058ac   0x00000004   Code   RO         4420    i.MemManage_Handler  stm32f10x_it.o
    0x080058b0   0x000000d8   Code   RO         1032    i.MenuOperate       ui.o
    0x08005988   0x00000002   Code   RO         4421    i.NMI_Handler       stm32f10x_it.o
    0x0800598a   0x00000002   PAD
    0x0800598c   0x00000070   Code   RO         1273    i.NVIC_Init         misc.o
    0x080059fc   0x00000108   Code   RO         1033    i.Net_a             ui.o
    0x08005b04   0x00000108   Code   RO         1034    i.Net_b             ui.o
    0x08005c0c   0x00000108   Code   RO         1035    i.Net_c             ui.o
    0x08005d14   0x00000600   Code   RO         1036    i.Net_d             ui.o
    0x08006314   0x0000060c   Code   RO         1037    i.Net_e             ui.o
    0x08006920   0x00000564   Code   RO         1038    i.Net_f             ui.o
    0x08006e84   0x0000003a   Code   RO          623    i.OLCD_Fill         oled.o
    0x08006ebe   0x00000002   PAD
    0x08006ec0   0x00000060   Code   RO          783    i.OLED_CLS          oled2.o
    0x08006f20   0x00000060   Code   RO          784    i.OLED_CLS_67       oled2.o
    0x08006f80   0x000000f8   Code   RO          789    i.OLED_DrawHanzi    oled2.o
    0x08007078   0x0000008e   Code   RO          790    i.OLED_DrawPicture  oled2.o
    0x08007106   0x00000002   PAD
    0x08007108   0x00000060   Code   RO          791    i.OLED_DrawPoint    oled2.o
    0x08007168   0x00000110   Code   RO          624    i.OLED_Init         oled.o
    0x08007278   0x00000080   Code   RO          792    i.OLED_Refresh      oled2.o
    0x080072f8   0x0000010c   Code   RO          797    i.OLED_ShowxcChar   oled2.o
    0x08007404   0x000000a8   Code   RO          798    i.OLED_ShowxcNum    oled2.o
    0x080074ac   0x00000070   Code   RO          799    i.OLED_ShowxcString  oled2.o
    0x0800751c   0x00000070   Code   RO          800    i.OLED_WR_Byte      oled2.o
    0x0800758c   0x00000188   Code   RO         1041    i.OLED_tou          ui.o
    0x08007714   0x000000ac   Code   RO          331    i.PWM_PID           moto.o
    0x080077c0   0x000000f8   Code   RO          332    i.PWM_SET           moto.o
    0x080078b8   0x00000002   Code   RO         4422    i.PendSV_Handler    stm32f10x_it.o
    0x080078ba   0x00000002   PAD
    0x080078bc   0x00000018   Code   RO         2838    i.RCC_ADCCLKConfig  stm32f10x_rcc.o
    0x080078d4   0x00000020   Code   RO         2839    i.RCC_AHBPeriphClockCmd  stm32f10x_rcc.o
    0x080078f4   0x00000020   Code   RO         2840    i.RCC_APB1PeriphClockCmd  stm32f10x_rcc.o
    0x08007914   0x00000020   Code   RO         2841    i.RCC_APB1PeriphResetCmd  stm32f10x_rcc.o
    0x08007934   0x00000020   Code   RO         2842    i.RCC_APB2PeriphClockCmd  stm32f10x_rcc.o
    0x08007954   0x00000020   Code   RO         2843    i.RCC_APB2PeriphResetCmd  stm32f10x_rcc.o
    0x08007974   0x000000d4   Code   RO         2850    i.RCC_GetClocksFreq  stm32f10x_rcc.o
    0x08007a48   0x00000070   Code   RO          279    i.SHOP_GPIO_init    gpio.o
    0x08007ab8   0x00000022   Code   RO          949    i.STMFLASH_Read     stmflash.o
    0x08007ada   0x00000006   Code   RO          950    i.STMFLASH_ReadHalfWord  stmflash.o
    0x08007ae0   0x000000e8   Code   RO          951    i.STMFLASH_Write    stmflash.o
    0x08007bc8   0x00000026   Code   RO          952    i.STMFLASH_Write_NoCheck  stmflash.o
    0x08007bee   0x00000002   Code   RO         4423    i.SVC_Handler       stm32f10x_it.o
    0x08007bf0   0x00000008   Code   RO         4506    i.SetSysClock       system_stm32f10x.o
    0x08007bf8   0x000000e0   Code   RO         4507    i.SetSysClockTo72   system_stm32f10x.o
    0x08007cd8   0x000000e8   Code   RO         1042    i.Set_188           ui.o
    0x08007dc0   0x00000048   Code   RO         1043    i.Set_188_a         ui.o
    0x08007e08   0x00000164   Code   RO         1044    i.Set_a             ui.o
    0x08007f6c   0x00000118   Code   RO         1045    i.Set_b             ui.o
    0x08008084   0x00000118   Code   RO         1046    i.Set_c             ui.o
    0x0800819c   0x00000118   Code   RO         1047    i.Set_d             ui.o
    0x080082b4   0x00000220   Code   RO         1048    i.Set_e             ui.o
    0x080084d4   0x000001b0   Code   RO         1049    i.Set_f             ui.o
    0x08008684   0x000001b4   Code   RO         1050    i.Set_g             ui.o
    0x08008838   0x00000610   Code   RO          917    i.St178_Scanf       st178.o
    0x08008e48   0x0000074c   Code   RO          918    i.St188_Scanf       st178.o
    0x08009594   0x00000028   Code   RO         1277    i.SysTick_CLKSourceConfig  misc.o
    0x080095bc   0x00000002   Code   RO         4424    i.SysTick_Handler   stm32f10x_it.o
    0x080095be   0x00000002   PAD
    0x080095c0   0x00000060   Code   RO         4509    i.SystemInit        system_stm32f10x.o
    0x08009620   0x00000080   Code   RO         3458    i.TI1_Config        stm32f10x_tim.o
    0x080096a0   0x00000098   Code   RO         3459    i.TI2_Config        stm32f10x_tim.o
    0x08009738   0x00000090   Code   RO         3460    i.TI3_Config        stm32f10x_tim.o
    0x080097c8   0x00000098   Code   RO         3461    i.TI4_Config        stm32f10x_tim.o
    0x08009860   0x00000128   Code   RO          190    i.TIM6_IRQHandler   exti.o
    0x08009988   0x0000005c   Code   RO          334    i.TIM7_BaseTime_Init  moto.o
    0x080099e4   0x00000794   Code   RO          335    i.TIM7_IRQHandler   moto.o
    0x0800a178   0x00000018   Code   RO         3462    i.TIM_ARRPreloadConfig  stm32f10x_tim.o
    0x0800a190   0x00000006   Code   RO         3469    i.TIM_ClearITPendingBit  stm32f10x_tim.o
    0x0800a196   0x00000018   Code   RO         3474    i.TIM_Cmd           stm32f10x_tim.o
    0x0800a1ae   0x0000001e   Code   RO         3476    i.TIM_CtrlPWMOutputs  stm32f10x_tim.o
    0x0800a1cc   0x000001e8   Code   RO         3479    i.TIM_DeInit        stm32f10x_tim.o
    0x0800a3b4   0x00000042   Code   RO         3483    i.TIM_EncoderInterfaceConfig  stm32f10x_tim.o
    0x0800a3f6   0x00000022   Code   RO         3495    i.TIM_GetITStatus   stm32f10x_tim.o
    0x0800a418   0x000000ac   Code   RO         3497    i.TIM_ICInit        stm32f10x_tim.o
    0x0800a4c4   0x00000012   Code   RO         3498    i.TIM_ICStructInit  stm32f10x_tim.o
    0x0800a4d6   0x00000012   Code   RO         3499    i.TIM_ITConfig      stm32f10x_tim.o
    0x0800a4e8   0x00000098   Code   RO         3503    i.TIM_OC1Init       stm32f10x_tim.o
    0x0800a580   0x00000012   Code   RO         3506    i.TIM_OC1PreloadConfig  stm32f10x_tim.o
    0x0800a592   0x00000002   PAD
    0x0800a594   0x000000a4   Code   RO         3508    i.TIM_OC2Init       stm32f10x_tim.o
    0x0800a638   0x0000001a   Code   RO         3511    i.TIM_OC2PreloadConfig  stm32f10x_tim.o
    0x0800a652   0x00000002   PAD
    0x0800a654   0x000000a0   Code   RO         3513    i.TIM_OC3Init       stm32f10x_tim.o
    0x0800a6f4   0x00000012   Code   RO         3516    i.TIM_OC3PreloadConfig  stm32f10x_tim.o
    0x0800a706   0x00000002   PAD
    0x0800a708   0x0000007c   Code   RO         3518    i.TIM_OC4Init       stm32f10x_tim.o
    0x0800a784   0x0000001a   Code   RO         3520    i.TIM_OC4PreloadConfig  stm32f10x_tim.o
    0x0800a79e   0x00000004   Code   RO         3535    i.TIM_SetCompare1   stm32f10x_tim.o
    0x0800a7a2   0x00000004   Code   RO         3536    i.TIM_SetCompare2   stm32f10x_tim.o
    0x0800a7a6   0x00000004   Code   RO         3537    i.TIM_SetCompare3   stm32f10x_tim.o
    0x0800a7aa   0x00000006   Code   RO         3538    i.TIM_SetCompare4   stm32f10x_tim.o
    0x0800a7b0   0x00000012   Code   RO         3540    i.TIM_SetIC1Prescaler  stm32f10x_tim.o
    0x0800a7c2   0x0000001a   Code   RO         3541    i.TIM_SetIC2Prescaler  stm32f10x_tim.o
    0x0800a7dc   0x00000012   Code   RO         3542    i.TIM_SetIC3Prescaler  stm32f10x_tim.o
    0x0800a7ee   0x0000001a   Code   RO         3543    i.TIM_SetIC4Prescaler  stm32f10x_tim.o
    0x0800a808   0x000000a4   Code   RO         3545    i.TIM_TimeBaseInit  stm32f10x_tim.o
    0x0800a8ac   0x000000c0   Code   RO         1051    i.Temp_Set          ui.o
    0x0800a96c   0x000000e8   Code   RO         4300    i.USART1_IRQHandler  usart.o
    0x0800aa54   0x0000008c   Code   RO         4303    i.USART2_IRQHandler  usart.o
    0x0800aae0   0x00000124   Code   RO         4306    i.USART3_IRQHandler  usart.o
    0x0800ac04   0x0000001c   Code   RO         4307    i.USART3_Putc       usart.o
    0x0800ac20   0x0000002c   Code   RO         4308    i.USART3_Puts       usart.o
    0x0800ac4c   0x00000018   Code   RO         4010    i.USART_Cmd         stm32f10x_usart.o
    0x0800ac64   0x0000001a   Code   RO         4013    i.USART_GetFlagStatus  stm32f10x_usart.o
    0x0800ac7e   0x00000054   Code   RO         4014    i.USART_GetITStatus  stm32f10x_usart.o
    0x0800acd2   0x0000004a   Code   RO         4016    i.USART_ITConfig    stm32f10x_usart.o
    0x0800ad1c   0x000000d8   Code   RO         4017    i.USART_Init        stm32f10x_usart.o
    0x0800adf4   0x0000000a   Code   RO         4024    i.USART_ReceiveData  stm32f10x_usart.o
    0x0800adfe   0x00000008   Code   RO         4027    i.USART_SendData    stm32f10x_usart.o
    0x0800ae06   0x00000004   Code   RO         4425    i.UsageFault_Handler  stm32f10x_it.o
    0x0800ae0a   0x00000002   PAD
    0x0800ae0c   0x000002ac   Code   RO          336    i.WEI_PID           moto.o
    0x0800b0b8   0x00000028   Code   RO          337    i.XIANFU            moto.o
    0x0800b0e0   0x00000002   Code   RO          299    i.Zhua              hand.o
    0x0800b0e2   0x00000002   PAD
    0x0800b0e4   0x00000020   Code   RO         4714    i.__0printf$6       mc_w.l(printf6.o)
    0x0800b104   0x00000028   Code   RO         4716    i.__0sprintf$6      mc_w.l(printf6.o)
    0x0800b12c   0x00000028   Code   RO         4870    i.__ARM_fpclassify  m_ws.l(fpclassify.o)
    0x0800b154   0x000000aa   Code   RO         4872    i.__kernel_poly     m_ws.l(poly.o)
    0x0800b1fe   0x00000002   PAD
    0x0800b200   0x00000010   Code   RO         4856    i.__mathlib_dbl_divzero  m_ws.l(dunder.o)
    0x0800b210   0x00000004   Code   RO         4858    i.__mathlib_dbl_infnan2  m_ws.l(dunder.o)
    0x0800b214   0x0000000c   Code   RO         4859    i.__mathlib_dbl_invalid  m_ws.l(dunder.o)
    0x0800b220   0x0000000e   Code   RO         4860    i.__mathlib_dbl_overflow  m_ws.l(dunder.o)
    0x0800b22e   0x00000002   PAD
    0x0800b230   0x00000010   Code   RO         4862    i.__mathlib_dbl_underflow  m_ws.l(dunder.o)
    0x0800b240   0x0000000e   Code   RO         4929    i.__scatterload_copy  mc_w.l(handlers.o)
    0x0800b24e   0x00000002   Code   RO         4930    i.__scatterload_null  mc_w.l(handlers.o)
    0x0800b250   0x0000000e   Code   RO         4931    i.__scatterload_zeroinit  mc_w.l(handlers.o)
    0x0800b25e   0x00000002   PAD
    0x0800b260   0x0000000c   Code   RO         4909    i.__set_errno       mc_w.l(errno.o)
    0x0800b26c   0x000002f0   Code   RO         4721    i._printf_core      mc_w.l(printf6.o)
    0x0800b55c   0x00000024   Code   RO         4722    i._printf_post_padding  mc_w.l(printf6.o)
    0x0800b580   0x0000002e   Code   RO         4723    i._printf_pre_padding  mc_w.l(printf6.o)
    0x0800b5ae   0x0000000a   Code   RO         4725    i._sputc            mc_w.l(printf6.o)
    0x0800b5b8   0x0000000c   Code   RO          919    i.bxcls             st178.o
    0x0800b5c4   0x00000010   Code   RO          434    i.ce_1              move.o
    0x0800b5d4   0x00000010   Code   RO          435    i.ce_2              move.o
    0x0800b5e4   0x0000032c   Code   RO         1052    i.change            ui.o
    0x0800b910   0x00000002   Code   RO         1053    i.change_uart       ui.o
    0x0800b912   0x00000002   PAD
    0x0800b914   0x00000044   Code   RO         4240    i.delay_init        delay.o
    0x0800b958   0x0000004c   Code   RO         4241    i.delay_ms          delay.o
    0x0800b9a4   0x00000074   Code   RO         4310    i.fputc             usart.o
    0x0800ba18   0x00000002   Code   RO          191    i.fzclose           exti.o
    0x0800ba1a   0x00000002   Code   RO          192    i.fzopen            exti.o
    0x0800ba1c   0x0000006a   Code   RO         4402    i.main              main.o
    0x0800ba86   0x00000016   Code   RO          801    i.oled_pow          oled2.o
    0x0800ba9c   0x000009b8   Code   RO         4541    i.pow               m_ws.l(pow.o)
    0x0800c454   0x000000a0   Code   RO         1054    i.read_from_flash   ui.o
    0x0800c4f4   0x000000d8   Code   RO         1055    i.save_to_flash     ui.o
    0x0800c5cc   0x000000e6   Code   RO          444    i.shuzu             move.o
    0x0800c6b2   0x0000004c   Code   RO         4876    i.sqrt              m_ws.l(sqrt.o)
    0x0800c6fe   0x00000002   PAD
    0x0800c700   0x00000088   Code   RO          338    i.stop              moto.o
    0x0800c788   0x000000a0   Code   RO         4311    i.uart1_init        usart.o
    0x0800c828   0x000000a4   Code   RO         4312    i.uart2_init        usart.o
    0x0800c8cc   0x000000a8   Code   RO         4313    i.uart3_init        usart.o
    0x0800c974   0x00001c02   Data   RO          627    .constdata          oled.o
    0x0800e576   0x000030f5   Data   RO          803    .constdata          oled2.o
    0x0801166b   0x00000001   PAD
    0x0801166c   0x00000020   Data   RO          921    .constdata          st178.o
    0x0801168c   0x00000004   PAD
    0x08011690   0x00000088   Data   RO         4542    .constdata          m_ws.l(pow.o)
    0x08011718   0x00000008   Data   RO         4874    .constdata          m_ws.l(qnan.o)
    0x08011720   0x00000020   Data   RO         4927    Region$$Table       anon$$obj.o


    Execution Region ER_RW (Base: 0x20000000, Size: 0x000012c8, Max: 0xffffffff, ABSOLUTE, COMPRESSED[0x000005f0])

    Base Addr    Size         Type   Attr      Idx    E Section Name        Object

    0x20000000   0x0000000a   Data   RW           33    .data               ADC_Config.o
    0x2000000a   0x0000000b   Data   RW          193    .data               exti.o
    0x20000015   0x00000003   PAD
    0x20000018   0x0000006c   Data   RW          340    .data               moto.o
    0x20000084   0x0000014e   Data   RW          450    .data               move.o
    0x200001d2   0x00000b80   Data   RW          628    .data               oled.o
    0x20000d52   0x00000002   PAD
    0x20000d54   0x0000005a   Data   RW          922    .data               st178.o
    0x20000dae   0x00000002   PAD
    0x20000db0   0x000004c2   Data   RW         1057    .data               ui.o
    0x20001272   0x00000014   Data   RW         2870    .data               stm32f10x_rcc.o
    0x20001286   0x00000004   Data   RW         4243    .data               delay.o
    0x2000128a   0x00000002   PAD
    0x2000128c   0x00000018   Data   RW         4315    .data               usart.o
    0x200012a4   0x0000000c   Data   RW         4403    .data               main.o
    0x200012b0   0x00000014   Data   RW         4510    .data               system_stm32f10x.o
    0x200012c4   0x00000004   Data   RW         4910    .data               mc_w.l(errno.o)


    Execution Region ER_ZI (Base: 0x200012c8, Size: 0x000023f8, Max: 0xffffffff, ABSOLUTE)

    Base Addr    Size         Type   Attr      Idx    E Section Name        Object

    0x200012c8   0x0000000c   Zero   RW           32    .bss                ADC_Config.o
    0x200012d4   0x000000ac   Zero   RW          339    .bss                moto.o
    0x20001380   0x00000ae1   Zero   RW          449    .bss                move.o
    0x20001e61   0x00000160   Zero   RW          626    .bss                oled.o
    0x20001fc1   0x00000864   Zero   RW          802    .bss                oled2.o
    0x20002825   0x00000020   Zero   RW          920    .bss                st178.o
    0x20002845   0x00000001   PAD
    0x20002846   0x00000800   Zero   RW          954    .bss                stmflash.o
    0x20003046   0x00000022   Zero   RW         1056    .bss                ui.o
    0x20003068   0x00000258   Zero   RW         4314    .bss                usart.o
    0x200032c0   0x00000400   Zero   RW           17    STACK               startup_stm32f10x_hd.o


==============================================================================

Image component sizes


      Code (inc. data)   RO Data    RW Data    ZI Data      Debug   Object Name

      1014         66          0         10         12     278114   ADC_Config.o
         0          0          0          0          0       4536   core_cm3.o
       144         22          0          4          0       1080   delay.o
       300         50          0         11          0       2015   exti.o
       368         32          0          0          0       1061   gpio.o
        90          4          0          0          0        853   hand.o
       106          0          0         12          0        720   main.o
       152         12          0          0          0       1426   misc.o
      5588        460          0        108        172      10998   moto.o
       512          8          0        334       2785       5716   move.o
      1540         38       7170       2944        352       9418   oled.o
      1488         60      12533          0       2148      10078   oled2.o
      3432        318         32         90         32       5145   st178.o
        36          8        304          0       1024        764   startup_stm32f10x_hd.o
       508         24          0          0          0       8551   stm32f10x_adc.o
       416          8          0          0          0       3262   stm32f10x_dma.o
       274         30          0          0          0       3162   stm32f10x_flash.o
       430          6          0          0          0       3650   stm32f10x_gpio.o
        26          0          0          0          0       3534   stm32f10x_it.o
       396         56          0         20          0       6339   stm32f10x_rcc.o
      2414        264          0          0          0      18700   stm32f10x_tim.o
       442          6          0          0          0       5805   stm32f10x_usart.o
       310         10          0          0       2048       3149   stmflash.o
       328         28          0         20          0       1993   system_stm32f10x.o
      1084         52          0          0          0       2303   timer.o
     22390       2064          0       1218         34      26894   ui.o
      1344        150          0         24        600       7521   usart.o

    ----------------------------------------------------------------------
     45162       3776      20076       4804       9208     426787   Object Totals
         0          0         32          0          0          0   (incl. Generated)
        30          0          5          9          1          0   (incl. Padding)

    ----------------------------------------------------------------------

      Code (inc. data)   RO Data    RW Data    ZI Data      Debug   Library Member Name

        62         10          0          0          0        340   dunder.o
        40          0          0          0          0         68   fpclassify.o
       170          0          0          0          0         96   poly.o
      2488        190        136          0          0        300   pow.o
         0          0          8          0          0          0   qnan.o
        76          0          0          0          0         84   sqrt.o
        86          0          0          0          0          0   __dczerorl2.o
         0          0          0          0          0          0   entry.o
         0          0          0          0          0          0   entry10a.o
         0          0          0          0          0          0   entry11a.o
         8          4          0          0          0          0   entry2.o
         4          0          0          0          0          0   entry5.o
         0          0          0          0          0          0   entry7b.o
         0          0          0          0          0          0   entry8b.o
         8          4          0          0          0          0   entry9a.o
        12          6          0          4          0         68   errno.o
        30          0          0          0          0          0   handlers.o
        36          8          0          0          0         68   init.o
         0          0          0          0          0          0   iusefp.o
        30          0          0          0          0         68   llshl.o
        36          0          0          0          0         68   llsshr.o
        32          0          0          0          0         68   llushr.o
        36          0          0          0          0         68   memcpya.o
        36          0          0          0          0        108   memseta.o
       916         20          0          0          0        504   printf6.o
        44          0          0          0          0         80   uidiv.o
        48          0          0          0          0         68   cdrcmple.o
        20          0          0          0          0         68   cfcmple.o
        20          0          0          0          0         68   cfrcmple.o
        56          0          0          0          0         88   d2f.o
       334          0          0          0          0        148   dadd.o
       222          0          0          0          0        100   ddiv.o
       186          0          0          0          0        176   depilogue.o
        62          0          0          0          0         80   dfixi.o
        34          0          0          0          0         76   dflti.o
        26          0          0          0          0         76   dfltui.o
       228          0          0          0          0         96   dmul.o
        46          0          0          0          0         80   dscalb.o
       162          0          0          0          0        100   dsqrt.o
        38          0          0          0          0         68   f2d.o
       176          0          0          0          0        140   fadd.o
       110          0          0          0          0        168   fepilogue.o
        50          0          0          0          0         68   ffixi.o
        18          0          0          0          0         68   fflti.o
        10          0          0          0          0         68   ffltui.o
       100          0          0          0          0         76   fmul.o

    ----------------------------------------------------------------------
      6106        242        144          4          0       3868   Library Totals
        10          0          0          0          0          0   (incl. Padding)

    ----------------------------------------------------------------------

      Code (inc. data)   RO Data    RW Data    ZI Data      Debug   Library Name

      2836        200        144          0          0        888   m_ws.l
      1314         42          0          4          0       1100   mc_w.l
      1946          0          0          0          0       1880   mf_w.l

    ----------------------------------------------------------------------
      6106        242        144          4          0       3868   Library Totals

    ----------------------------------------------------------------------

==============================================================================


      Code (inc. data)   RO Data    RW Data    ZI Data      Debug   

     51268       4018      20220       4808       9208     418823   Grand Totals
     51268       4018      20220       1520       9208     418823   ELF Image Totals (compressed)
     51268       4018      20220       1520          0          0   ROM Totals

==============================================================================

    Total RO  Size (Code + RO Data)                71488 (  69.81kB)
    Total RW  Size (RW Data + ZI Data)             14016 (  13.69kB)
    Total ROM Size (Code + RO Data + RW Data)      73008 (  71.30kB)

==============================================================================

