Component: ARM Compiler 5.05 update 1 (build 106) Tool: armlink [4d0efa]

==============================================================================

Section Cross References

    startup_stm32f10x_hd.o(RESET) refers to startup_stm32f10x_hd.o(STACK) for __initial_sp
    startup_stm32f10x_hd.o(RESET) refers to startup_stm32f10x_hd.o(.text) for Reset_Handler
    startup_stm32f10x_hd.o(RESET) refers to stm32f10x_it.o(i.NMI_Handler) for NMI_Handler
    startup_stm32f10x_hd.o(RESET) refers to stm32f10x_it.o(i.HardFault_Handler) for HardFault_Handler
    startup_stm32f10x_hd.o(RESET) refers to stm32f10x_it.o(i.MemManage_Handler) for MemManage_Handler
    startup_stm32f10x_hd.o(RESET) refers to stm32f10x_it.o(i.BusFault_Handler) for BusFault_Handler
    startup_stm32f10x_hd.o(RESET) refers to stm32f10x_it.o(i.UsageFault_Handler) for UsageFault_Handler
    startup_stm32f10x_hd.o(RESET) refers to stm32f10x_it.o(i.SVC_Handler) for SVC_Handler
    startup_stm32f10x_hd.o(RESET) refers to stm32f10x_it.o(i.DebugMon_Handler) for DebugMon_Handler
    startup_stm32f10x_hd.o(RESET) refers to stm32f10x_it.o(i.PendSV_Handler) for PendSV_Handler
    startup_stm32f10x_hd.o(RESET) refers to stm32f10x_it.o(i.SysTick_Handler) for SysTick_Handler
    startup_stm32f10x_hd.o(RESET) refers to usart.o(i.USART1_IRQHandler) for USART1_IRQHandler
    startup_stm32f10x_hd.o(RESET) refers to usart.o(i.USART2_IRQHandler) for USART2_IRQHandler
    startup_stm32f10x_hd.o(RESET) refers to usart.o(i.USART3_IRQHandler) for USART3_IRQHandler
    startup_stm32f10x_hd.o(RESET) refers to exti.o(i.TIM6_IRQHandler) for TIM6_IRQHandler
    startup_stm32f10x_hd.o(RESET) refers to moto.o(i.TIM7_IRQHandler) for TIM7_IRQHandler
    startup_stm32f10x_hd.o(.text) refers to system_stm32f10x.o(i.SystemInit) for SystemInit
    startup_stm32f10x_hd.o(.text) refers to entry.o(.ARM.Collect$$$$00000000) for __main
    ADC_Config.o(i.ADC_DMAInit) refers to stm32f10x_rcc.o(i.RCC_AHBPeriphClockCmd) for RCC_AHBPeriphClockCmd
    ADC_Config.o(i.ADC_DMAInit) refers to stm32f10x_dma.o(i.DMA_DeInit) for DMA_DeInit
    ADC_Config.o(i.ADC_DMAInit) refers to stm32f10x_dma.o(i.DMA_Init) for DMA_Init
    ADC_Config.o(i.ADC_DMAInit) refers to stm32f10x_dma.o(i.DMA_Cmd) for DMA_Cmd
    ADC_Config.o(i.ADC_DMAInit) refers to ADC_Config.o(.bss) for ADC_DMA_ConvertedValue
    ADC_Config.o(i.ADC_DMA_Configuration) refers to ADC_Config.o(i.ADC_DMAInit) for ADC_DMAInit
    ADC_Config.o(i.ADC_DMA_Configuration) refers to stm32f10x_rcc.o(i.RCC_APB2PeriphClockCmd) for RCC_APB2PeriphClockCmd
    ADC_Config.o(i.ADC_DMA_Configuration) refers to stm32f10x_rcc.o(i.RCC_ADCCLKConfig) for RCC_ADCCLKConfig
    ADC_Config.o(i.ADC_DMA_Configuration) refers to stm32f10x_gpio.o(i.GPIO_Init) for GPIO_Init
    ADC_Config.o(i.ADC_DMA_Configuration) refers to stm32f10x_adc.o(i.ADC_Init) for ADC_Init
    ADC_Config.o(i.ADC_DMA_Configuration) refers to stm32f10x_adc.o(i.ADC_RegularChannelConfig) for ADC_RegularChannelConfig
    ADC_Config.o(i.ADC_DMA_Configuration) refers to stm32f10x_adc.o(i.ADC_DMACmd) for ADC_DMACmd
    ADC_Config.o(i.ADC_DMA_Configuration) refers to stm32f10x_adc.o(i.ADC_Cmd) for ADC_Cmd
    ADC_Config.o(i.ADC_DMA_Configuration) refers to stm32f10x_adc.o(i.ADC_ResetCalibration) for ADC_ResetCalibration
    ADC_Config.o(i.ADC_DMA_Configuration) refers to stm32f10x_adc.o(i.ADC_GetResetCalibrationStatus) for ADC_GetResetCalibrationStatus
    ADC_Config.o(i.ADC_DMA_Configuration) refers to stm32f10x_adc.o(i.ADC_StartCalibration) for ADC_StartCalibration
    ADC_Config.o(i.ADC_DMA_Configuration) refers to stm32f10x_adc.o(i.ADC_GetCalibrationStatus) for ADC_GetCalibrationStatus
    ADC_Config.o(i.ADC_DMA_Configuration) refers to stm32f10x_adc.o(i.ADC_SoftwareStartConvCmd) for ADC_SoftwareStartConvCmd
    ADC_Config.o(i.ADKey_Init) refers to stm32f10x_rcc.o(i.RCC_APB2PeriphClockCmd) for RCC_APB2PeriphClockCmd
    ADC_Config.o(i.ADKey_Init) refers to stm32f10x_rcc.o(i.RCC_ADCCLKConfig) for RCC_ADCCLKConfig
    ADC_Config.o(i.ADKey_Init) refers to stm32f10x_gpio.o(i.GPIO_Init) for GPIO_Init
    ADC_Config.o(i.ADKey_Init) refers to stm32f10x_adc.o(i.ADC_DeInit) for ADC_DeInit
    ADC_Config.o(i.ADKey_Init) refers to stm32f10x_adc.o(i.ADC_Init) for ADC_Init
    ADC_Config.o(i.ADKey_Init) refers to stm32f10x_adc.o(i.ADC_Cmd) for ADC_Cmd
    ADC_Config.o(i.ADKey_Init) refers to stm32f10x_adc.o(i.ADC_ResetCalibration) for ADC_ResetCalibration
    ADC_Config.o(i.ADKey_Init) refers to stm32f10x_adc.o(i.ADC_GetResetCalibrationStatus) for ADC_GetResetCalibrationStatus
    ADC_Config.o(i.ADKey_Init) refers to stm32f10x_adc.o(i.ADC_StartCalibration) for ADC_StartCalibration
    ADC_Config.o(i.ADKey_Init) refers to stm32f10x_adc.o(i.ADC_GetCalibrationStatus) for ADC_GetCalibrationStatus
    ADC_Config.o(i.AD_AnJian) refers to ADC_Config.o(i.Get_Key_Adc_Average) for Get_Key_Adc_Average
    ADC_Config.o(i.AD_AnJian) refers to ADC_Config.o(i.ADKey_Deal) for ADKey_Deal
[...]
    _printf_d                                0x00000000   Number         0  stubs.o ABSOLUTE
    _printf_e                                0x00000000   Number         0  stubs.o ABSOLUTE
    _printf_f                                0x00000000   Number         0  stubs.o ABSOLUTE
    _printf_flags                            0x00000000   Number         0  stubs.o ABSOLUTE
    _printf_fp_dec                           0x00000000   Number         0  stubs.o ABSOLUTE
    _printf_fp_hex                           0x00000000   Number         0  stubs.o ABSOLUTE
    _printf_g                                0x00000000   Number         0  stubs.o ABSOLUTE
    _printf_i                                0x00000000   Number         0  stubs.o ABSOLUTE
    _printf_int_dec                          0x00000000   Number         0  stubs.o ABSOLUTE
    _printf_l                                0x00000000   Number         0  stubs.o ABSOLUTE
    _printf_lc                               0x00000000   Number         0  stubs.o ABSOLUTE
    _printf_ll                               0x00000000   Number         0  stubs.o ABSOLUTE
    _printf_lld                              0x00000000   Number         0  stubs.o ABSOLUTE
    _printf_lli                              0x00000000   Number         0  stubs.o ABSOLUTE
    _printf_llo                              0x00000000   Number         0  stubs.o ABSOLUTE
    _printf_llu                              0x00000000   Number         0  stubs.o ABSOLUTE
    _printf_llx                              0x00000000   Number         0  stubs.o ABSOLUTE
    _printf_longlong_dec                     0x00000000   Number         0  stubs.o ABSOLUTE
    _printf_longlong_hex                     0x00000000   Number         0  stubs.o ABSOLUTE
    _printf_longlong_oct                     0x00000000   Number         0  stubs.o ABSOLUTE
    _printf_ls                               0x00000000   Number         0  stubs.o ABSOLUTE
    _printf_mbtowc                           0x00000000   Number         0  stubs.o ABSOLUTE
    _printf_n                                0x00000000   Number         0  stubs.o ABSOLUTE
    _printf_o                                0x00000000   Number         0  stubs.o ABSOLUTE
    _printf_p                                0x00000000   Number         0  stubs.o ABSOLUTE
    _printf_percent                          0x00000000   Number         0  stubs.o ABSOLUTE
    _printf_pre_padding                      0x00000000   Number         0  stubs.o ABSOLUTE
    _printf_return_value                     0x00000000   Number         0  stubs.o ABSOLUTE
    _printf_s                                0x00000000   Number         0  stubs.o ABSOLUTE
    _printf_sizespec                         0x00000000   Number         0  stubs.o ABSOLUTE
    _printf_str                              0x00000000   Number         0  stubs.o ABSOLUTE
    _printf_truncate_signed                  0x00000000   Number         0  stubs.o ABSOLUTE
    _printf_truncate_unsigned                0x00000000   Number         0  stubs.o ABSOLUTE
    _printf_u                                0x00000000   Number         0  stubs.o ABSOLUTE
    _printf_wc                               0x00000000   Number         0  stubs.o ABSOLUTE
    _printf_wctomb                           0x00000000   Number         0  stubs.o ABSOLUTE
    _printf_widthprec                        0x00000000   Number         0  stubs.o ABSOLUTE
    _printf_x                                0x00000000   Number         0  stubs.o ABSOLUTE
    __cpp_initialize__aeabi_                  - Undefined Weak Reference
    __cxa_finalize                            - Undefined Weak Reference
    _clock_init                               - Undefined Weak Reference
    _microlib_exit                            - Undefined Weak Reference
    __Vectors_Size                           0x00000130   Number         0  startup_stm32f10x_hd.o ABSOLUTE
    __Vectors                                0x08000000   Data           4  startup_stm32f10x_hd.o(RESET)
    __Vectors_End                            0x08000130   Data           0  startup_stm32f10x_hd.o(RESET)
    __main                                   0x08000131   Thumb Code     0  entry.o(.ARM.Collect$$$$00000000)
    _main_stk                                0x08000131   Thumb Code     0  entry2.o(.ARM.Collect$$$$00000001)
    _main_scatterload                        0x08000135   Thumb Code     0  entry5.o(.ARM.Collect$$$$00000004)
    __main_after_scatterload                 0x08000139   Thumb Code     0  entry5.o(.ARM.Collect$$$$00000004)
    _main_clock                              0x08000139   Thumb Code     0  entry7b.o(.ARM.Collect$$$$00000008)
    _main_cpp_init                           0x08000139   Thumb Code     0  entry8b.o(.ARM.Collect$$$$0000000A)
    _main_init                               0x08000139   Thumb Code     0  entry9a.o(.ARM.Collect$$$$0000000B)
    __rt_final_cpp                           0x08000141   Thumb Code     0  entry10a.o(.ARM.Collect$$$$0000000D)
    __rt_final_exit                          0x08000141   Thumb Code     0  entry11a.o(.ARM.Collect$$$$0000000F)
    Reset_Handler                            0x08000145   Thumb Code     8  startup_stm32f10x_hd.o(.text)
    ADC1_2_IRQHandler                        0x0800015f   Thumb Code     0  startup_stm32f10x_hd.o(.text)
    ADC3_IRQHandler                          0x0800015f   Thumb Code     0  startup_stm32f10x_hd.o(.text)
    CAN1_RX1_IRQHandler                      0x0800015f   Thumb Code     0  startup_stm32f10x_hd.o(.text)
    CAN1_SCE_IRQHandler                      0x0800015f   Thumb Code     0  startup_stm32f10x_hd.o(.text)
    DMA1_Channel1_IRQHandler                 0x0800015f   Thumb Code     0  startup_stm32f10x_hd.o(.text)
    DMA1_Channel2_IRQHandler                 0x0800015f   Thumb Code     0  startup_stm32f10x_hd.o(.text)
    DMA1_Channel3_IRQHandler                 0x0800015f   Thumb Code     0  startup_stm32f10x_hd.o(.text)
    DMA1_Channel4_IRQHandler                 0x0800015f   Thumb Code     0  startup_stm32f10x_hd.o(.text)
    DMA1_Channel5_IRQHandler                 0x0800015f   Thumb Code     0  startup_stm32f10x_hd.o(.text)
    DMA1_Channel6_IRQHandler                 0x0800015f   Thumb Code     0  startup_stm32f10x_hd.o(.text)
    DMA1_Channel7_IRQHandler                 0x0800015f   Thumb Code     0  startup_stm32f10x_hd.o(.text)
    DMA2_Channel1_IRQHandler                 0x0800015f   Thumb Code     0  startup_stm32f10x_hd.o(.text)
    DMA2_Channel2_IRQHandler                 0x0800015f   Thumb Code     0  startup_stm32f10x_hd.o(.text)
    DMA2_Channel3_IRQHandler                 0x0800015f   Thumb Code     0  startup_stm32f10x_hd.o(.text)
    DMA2_Channel4_5_IRQHandler               0x0800015f   Thumb Code     0  startup_stm32f10x_hd.o(.text)
    EXTI0_IRQHandler                         0x0800015f   Thumb Code     0  startup_stm32f10x_hd.o(.text)
    EXTI15_10_IRQHandler                     0x0800015f   Thumb Code     0  startup_stm32f10x_hd.o(.text)
    EXTI1_IRQHandler                         0x0800015f   Thumb Code     0  startup_stm32f10x_hd.o(.text)
    EXTI2_IRQHandler                         0x0800015f   Thumb Code     0  startup_stm32f10x_hd.o(.text)
    EXTI3_IRQHandler                         0x0800015f   Thumb Code     0  startup_stm32f10x_hd.o(.text)
    EXTI4_IRQHandler                         0x0800015f   Thumb Code     0  startup_stm32f10x_hd.o(.text)
    EXTI9_5_IRQHandler                       0x0800015f   Thumb Code     0  startup_stm32f10x_hd.o(.text)
    FLASH_IRQHandler                         0x0800015f   Thumb Code     0  startup_stm32f10x_hd.o(.text)
    FSMC_IRQHandler                          0x0800015f   Thumb Code     0  startup_stm32f10x_hd.o(.text)
    I2C1_ER_IRQHandler                       0x0800015f   Thumb Code     0  startup_stm32f10x_hd.o(.text)
    I2C1_EV_IRQHandler                       0x0800015f   Thumb Code     0  startup_stm32f10x_hd.o(.text)
    I2C2_ER_IRQHandler                       0x0800015f   Thumb Code     0  startup_stm32f10x_hd.o(.text)
    I2C2_EV_IRQHandler                       0x0800015f   Thumb Code     0  startup_stm32f10x_hd.o(.text)
    PVD_IRQHandler                           0x0800015f   Thumb Code     0  startup_stm32f10x_hd.o(.text)
    RCC_IRQHandler                           0x0800015f   Thumb Code     0  startup_stm32f10x_hd.o(.text)
    RTCAlarm_IRQHandler                      0x0800015f   Thumb Code     0  startup_stm32f10x_hd.o(.text)
    RTC_IRQHandler                           0x0800015f   Thumb Code     0  startup_stm32f10x_hd.o(.text)
    SDIO_IRQHandler                          0x0800015f   Thumb Code     0  startup_stm32f10x_hd.o(.text)
    SPI1_IRQHandler                          0x0800015f   Thumb Code     0  startup_stm32f10x_hd.o(.text)
    SPI2_IRQHandler                          0x0800015f   Thumb Code     0  startup_stm32f10x_hd.o(.text)
    SPI3_IRQHandler                          0x0800015f   Thumb Code     0  startup_stm32f10x_hd.o(.text)
    TAMPER_IRQHandler                        0x0800015f   Thumb Code     0  startup_stm32f10x_hd.o(.text)
    TIM1_BRK_IRQHandler                      0x0800015f   Thumb Code     0  startup_stm32f10x_hd.o(.text)
    TIM1_CC_IRQHandler                       0x0800015f   Thumb Code     0  startup_stm32f10x_hd.o(.text)
    TIM1_TRG_COM_IRQHandler                  0x0800015f   Thumb Code     0  startup_stm32f10x_hd.o(.text)
    TIM1_UP_IRQHandler                       0x0800015f   Thumb Code     0  startup_stm32f10x_hd.o(.text)
    TIM2_IRQHandler                          0x0800015f   Thumb Code     0  startup_stm32f10x_hd.o(.text)
    TIM3_IRQHandler                          0x0800015f   Thumb Code     0  startup_stm32f10x_hd.o(.text)
    TIM4_IRQHandler                          0x0800015f   Thumb Code     0  startup_stm32f10x_hd.o(.text)
    TIM5_IRQHandler                          0x0800015f   Thumb Code     0  startup_stm32f10x_hd.o(.text)
    TIM8_BRK_IRQHandler                      0x0800015f   Thumb Code     0  startup_stm32f10x_hd.o(.text)
    TIM8_CC_IRQHandler                       0x0800015f   Thumb Code     0  startup_stm32f10x_hd.o(.text)
    TIM8_TRG_COM_IRQHandler                  0x0800015f   Thumb Code     0  startup_stm32f10x_hd.o(.text)
    TIM8_UP_IRQHandler                       0x0800015f   Thumb Code     0  startup_stm32f10x_hd.o(.text)
    UART4_IRQHandler                         0x0800015f   Thumb Code     0  startup_stm32f10x_hd.o(.text)
    UART5_IRQHandler                         0x0800015f   Thumb Code     0  startup_stm32f10x_hd.o(.text)
    USBWakeUp_IRQHandler                     0x0800015f   Thumb Code     0  startup_stm32f10x_hd.o(.text)
    USB_HP_CAN1_TX_IRQHandler                0x0800015f   Thumb Code     0  startup_stm32f10x_hd.o(.text)
    USB_LP_CAN1_RX0_IRQHandler               0x0800015f   Thumb Code     0  startup_stm32f10x_hd.o(.text)
    WWDG_IRQHandler                          0x0800015f   Thumb Code     0  startup_stm32f10x_hd.o(.text)
    __aeabi_memcpy                           0x08000169   Thumb Code    36  memcpya.o(.text)
    __aeabi_memcpy4                          0x08000169   Thumb Code     0  memcpya.o(.text)
    __aeabi_memcpy8                          0x08000169   Thumb Code     0  memcpya.o(.text)
    __aeabi_memset                           0x0800018d   Thumb Code    14  memseta.o(.text)
    __aeabi_memset4                          0x0800018d   Thumb Code     0  memseta.o(.text)
    __aeabi_memset8                          0x0800018d   Thumb Code     0  memseta.o(.text)
    __aeabi_memclr                           0x0800019b   Thumb Code     4  memseta.o(.text)
    __aeabi_memclr4                          0x0800019b   Thumb Code     0  memseta.o(.text)
    __aeabi_memclr8                          0x0800019b   Thumb Code     0  memseta.o(.text)
    _memset$wrapper                          0x0800019f   Thumb Code    18  memseta.o(.text)
    __aeabi_fadd                             0x080001b1   Thumb Code   164  fadd.o(.text)
    __aeabi_fsub                             0x08000255   Thumb Code     6  fadd.o(.text)
    __aeabi_frsub                            0x0800025b   Thumb Code     6  fadd.o(.text)
    __aeabi_fmul                             0x08000261   Thumb Code   100  fmul.o(.text)
    __aeabi_dadd                             0x080002c5   Thumb Code   322  dadd.o(.text)
    __aeabi_dsub                             0x08000407   Thumb Code     6  dadd.o(.text)
    __aeabi_drsub                            0x0800040d   Thumb Code     6  dadd.o(.text)
    __aeabi_dmul                             0x08000413   Thumb Code   228  dmul.o(.text)
    __aeabi_ddiv                             0x080004f7   Thumb Code   222  ddiv.o(.text)
    __aeabi_i2f                              0x080005d5   Thumb Code    18  fflti.o(.text)
    __aeabi_ui2f                             0x080005e7   Thumb Code    10  ffltui.o(.text)
    __aeabi_i2d                              0x080005f1   Thumb Code    34  dflti.o(.text)
    __aeabi_ui2d                             0x08000613   Thumb Code    26  dfltui.o(.text)
    __aeabi_f2iz                             0x0800062d   Thumb Code    50  ffixi.o(.text)
    __aeabi_d2iz                             0x0800065f   Thumb Code    62  dfixi.o(.text)
    __aeabi_f2d                              0x0800069d   Thumb Code    38  f2d.o(.text)
    __aeabi_cdrcmple                         0x080006c5   Thumb Code    48  cdrcmple.o(.text)
    __aeabi_d2f                              0x080006f5   Thumb Code    56  d2f.o(.text)
    __aeabi_cfcmpeq                          0x0800072d   Thumb Code     0  cfcmple.o(.text)
    __aeabi_cfcmple                          0x0800072d   Thumb Code    20  cfcmple.o(.text)
    __aeabi_cfrcmple                         0x08000741   Thumb Code    20  cfrcmple.o(.text)
    __aeabi_uidiv                            0x08000755   Thumb Code     0  uidiv.o(.text)
    __aeabi_uidivmod                         0x08000755   Thumb Code    44  uidiv.o(.text)
    __aeabi_uldivmod                         0x08000781   Thumb Code    98  uldiv.o(.text)
    __aeabi_llsl                             0x080007e3   Thumb Code    30  llshl.o(.text)
    _ll_shift_l                              0x080007e3   Thumb Code     0  llshl.o(.text)
    __aeabi_llsr                             0x08000801   Thumb Code    32  llushr.o(.text)
    _ll_ushift_r                             0x08000801   Thumb Code     0  llushr.o(.text)
    __aeabi_lasr                             0x08000821   Thumb Code    36  llsshr.o(.text)
    _ll_sshift_r                             0x08000821   Thumb Code     0  llsshr.o(.text)
    __I$use$fp                               0x08000845   Thumb Code     0  iusefp.o(.text)
    _float_round                             0x08000845   Thumb Code    18  fepilogue.o(.text)
    _float_epilogue                          0x08000857   Thumb Code    92  fepilogue.o(.text)
    _double_round                            0x080008b3   Thumb Code    30  depilogue.o(.text)
    _double_epilogue                         0x080008d1   Thumb Code   156  depilogue.o(.text)
    __ARM_scalbn                             0x0800096d   Thumb Code    46  dscalb.o(.text)
    scalbn                                   0x0800096d   Thumb Code     0  dscalb.o(.text)
    __aeabi_d2ulz                            0x0800099b   Thumb Code    48  dfixul.o(.text)
    __scatterload                            0x080009cd   Thumb Code    28  init.o(.text)
    __scatterload_rt2                        0x080009cd   Thumb Code     0  init.o(.text)
    _dsqrt                                   0x080009f1   Thumb Code   162  dsqrt.o(.text)
    __decompress                             0x08000a93   Thumb Code     0  __dczerorl2.o(.text)
    __decompress1                            0x08000a93   Thumb Code    86  __dczerorl2.o(.text)
    ADC_Cmd                                  0x08000ae9   Thumb Code    22  stm32f10x_adc.o(i.ADC_Cmd)
    ADC_DMACmd                               0x08000aff   Thumb Code    22  stm32f10x_adc.o(i.ADC_DMACmd)
    ADC_DMAInit                              0x08000b15   Thumb Code    82  ADC_Config.o(i.ADC_DMAInit)
    ADC_DMA_Configuration                    0x08000b75   Thumb Code   166  ADC_Config.o(i.ADC_DMA_Configuration)
    ADC_DeInit                               0x08000c25   Thumb Code    78  stm32f10x_adc.o(i.ADC_DeInit)
    ADC_GetCalibrationStatus                 0x08000c81   Thumb Code    20  stm32f10x_adc.o(i.ADC_GetCalibrationStatus)
    ADC_GetConversionValue                   0x08000c95   Thumb Code     8  stm32f10x_adc.o(i.ADC_GetConversionValue)
    ADC_GetFlagStatus                        0x08000c9d   Thumb Code    18  stm32f10x_adc.o(i.ADC_GetFlagStatus)
    ADC_GetResetCalibrationStatus            0x08000caf   Thumb Code    20  stm32f10x_adc.o(i.ADC_GetResetCalibrationStatus)
    ADC_Init                                 0x08000cc5   Thumb Code    70  stm32f10x_adc.o(i.ADC_Init)
    ADC_RegularChannelConfig                 0x08000d15   Thumb Code   184  stm32f10x_adc.o(i.ADC_RegularChannelConfig)
    ADC_ResetCalibration                     0x08000dcd   Thumb Code    10  stm32f10x_adc.o(i.ADC_ResetCalibration)
    ADC_SoftwareStartConvCmd                 0x08000dd7   Thumb Code    22  stm32f10x_adc.o(i.ADC_SoftwareStartConvCmd)
    ADC_StartCalibration                     0x08000ded   Thumb Code    10  stm32f10x_adc.o(i.ADC_StartCalibration)
    ADKey_Deal                               0x08000df7   Thumb Code   334  ADC_Config.o(i.ADKey_Deal)
    ADKey_Init                               0x08000f45   Thumb Code   132  ADC_Config.o(i.ADKey_Init)
    AD_AnJian                                0x08000fd1   Thumb Code   152  ADC_Config.o(i.AD_AnJian)
    All_GPIO_Init                            0x08001085   Thumb Code   238  gpio.o(i.All_GPIO_Init)
    BMQ_MOVE                                 0x08001185   Thumb Code   484  moto.o(i.BMQ_MOVE)
    B_Tui                                    0x08001385   Thumb Code   314  hand.o(i.B_Tui)
    BuJin_GPIO_Init                          0x080014d9   Thumb Code    94  hand.o(i.BuJin_GPIO_Init)
    BuJin_Zhuan                              0x08001541   Thumb Code   430  hand.o(i.BuJin_Zhuan)
    BusFault_Handler                         0x08001701   Thumb Code     4  stm32f10x_it.o(i.BusFault_Handler)
    Clock                                    0x08001705   Thumb Code   160  ui.o(i.Clock)
    Clock_a                                  0x080017c9   Thumb Code  6810  ui.o(i.Clock_a)
    Clock_b                                  0x08003271   Thumb Code   612  ui.o(i.Clock_b)
    Clock_c                                  0x08003521   Thumb Code   614  ui.o(i.Clock_c)
    Clock_d                                  0x080037d5   Thumb Code   614  ui.o(i.Clock_d)
    Clock_e                                  0x08003a89   Thumb Code  1846  ui.o(i.Clock_e)
    DJ_MOVE                                  0x080041ed   Thumb Code   598  moto.o(i.DJ_MOVE)
    DJ_MOVE_BUFF_SET                         0x08004459   Thumb Code   136  move.o(i.DJ_MOVE_BUFF_SET)
    DJ_MOVE_BUFF_shuzu                       0x080044e1   Thumb Code    46  move.o(i.DJ_MOVE_BUFF_shuzu)
    DJ_MOVE_KaoBian                          0x08004511   Thumb Code   604  moto.o(i.DJ_MOVE_KaoBian)
    DJ_MOVE_PingYi                           0x0800478d   Thumb Code   278  moto.o(i.DJ_MOVE_PingYi)
    DJ_MOVE_XiuZheng                         0x080048b1   Thumb Code   214  moto.o(i.DJ_MOVE_XiuZheng)
    DJ_MOVE_YS                               0x08004999   Thumb Code   188  moto.o(i.DJ_MOVE_YS)
    DJ_MOVE_ZHUAN                            0x08004a6d   Thumb Code   618  moto.o(i.DJ_MOVE_ZHUAN)
    DJ_MOVE_ZONG                             0x08004cfd   Thumb Code   104  move.o(i.DJ_MOVE_ZONG)
    DMA_Cmd                                  0x08004d65   Thumb Code    24  stm32f10x_dma.o(i.DMA_Cmd)
    DMA_DeInit                               0x08004d7d   Thumb Code   324  stm32f10x_dma.o(i.DMA_DeInit)
    DMA_Init                                 0x08004ec9   Thumb Code    60  stm32f10x_dma.o(i.DMA_Init)
    Debug                                    0x08004f05   Thumb Code   160  ui.o(i.Debug)
    DebugMon_Handler                         0x08004fc5   Thumb Code     2  stm32f10x_it.o(i.DebugMon_Handler)
    Debug_Set                                0x08004fc9   Thumb Code   288  ui.o(i.Debug_Set)
    Draw_BMP                                 0x08005125   Thumb Code   106  oled.o(i.Draw_BMP)
    Draw_Power                               0x08005191   Thumb Code   208  oled.o(i.Draw_Power)
    Drive                                    0x08005265   Thumb Code   160  ui.o(i.Drive)
    Drive_a                                  0x08005329   Thumb Code   228  ui.o(i.Drive_a)
    FLASH_ErasePage                          0x08005459   Thumb Code    72  stm32f10x_flash.o(i.FLASH_ErasePage)
    FLASH_GetBank1Status                     0x080054a5   Thumb Code    48  stm32f10x_flash.o(i.FLASH_GetBank1Status)
    FLASH_Lock                               0x080054d9   Thumb Code    14  stm32f10x_flash.o(i.FLASH_Lock)
    FLASH_ProgramHalfWord                    0x080054ed   Thumb Code    60  stm32f10x_flash.o(i.FLASH_ProgramHalfWord)
    FLASH_Unlock                             0x0800552d   Thumb Code    12  stm32f10x_flash.o(i.FLASH_Unlock)
    FLASH_WaitForLastOperation               0x08005545   Thumb Code    38  stm32f10x_flash.o(i.FLASH_WaitForLastOperation)
    GPIO_Init                                0x0800556b   Thumb Code   278  stm32f10x_gpio.o(i.GPIO_Init)
    GPIO_PinRemapConfig                      0x08005681   Thumb Code   138  stm32f10x_gpio.o(i.GPIO_PinRemapConfig)
    GPIO_ResetBits                           0x08005711   Thumb Code     4  stm32f10x_gpio.o(i.GPIO_ResetBits)
    GPIO_SetBits                             0x08005715   Thumb Code     4  stm32f10x_gpio.o(i.GPIO_SetBits)
    Get_Key_Adc                              0x08005719   Thumb Code    46  ADC_Config.o(i.Get_Key_Adc)
    Get_Key_Adc_Average                      0x0800574d   Thumb Code    40  ADC_Config.o(i.Get_Key_Adc_Average)
    HandInit                                 0x08005775   Thumb Code    84  hand.o(i.HandInit)
    HardFault_Handler                        0x080057fd   Thumb Code     4  stm32f10x_it.o(i.HardFault_Handler)
    Init_BMQ                                 0x08005801   Thumb Code   564  timer.o(i.Init_BMQ)
    Init_TIM1_PWM                            0x08005a51   Thumb Code   218  timer.o(i.Init_TIM1_PWM)
    Init_TIM8_PWM                            0x08005b39   Thumb Code   250  timer.o(i.Init_TIM8_PWM)
    Internet_Set                             0x08005c3d   Thumb Code   166  ui.o(i.Internet_Set)
    KaoBian_Zhua                             0x08005d0d   Thumb Code   954  hand.o(i.KaoBian_Zhua)
    LCD_16_HanZi_ASCII                       0x080060f1   Thumb Code   128  oled.o(i.LCD_16_HanZi_ASCII)
    LCD_CLS                                  0x08006171   Thumb Code    56  oled.o(i.LCD_CLS)
    LCD_CLS_06                               0x080061a9   Thumb Code    56  oled.o(i.LCD_CLS_06)
    LCD_DLY_ms                               0x080061e1   Thumb Code    28  oled.o(i.LCD_DLY_ms)
    LCD_P16x16Str                            0x080061fd   Thumb Code   246  oled.o(i.LCD_P16x16Str)
    LCD_P8x16Str                             0x080062fd   Thumb Code   130  oled.o(i.LCD_P8x16Str)
    LCD_Set_Pos                              0x08006385   Thumb Code    36  oled.o(i.LCD_Set_Pos)
    LCD_WrCmd                                0x080063a9   Thumb Code    90  oled.o(i.LCD_WrCmd)
    LCD_WrDat                                0x08006409   Thumb Code    94  oled.o(i.LCD_WrDat)
    LunPan_Zhao_Tui                          0x0800646d   Thumb Code   288  hand.o(i.LunPan_Zhao_Tui)
    LunPan_Zhuan                             0x080065a1   Thumb Code    72  hand.o(i.LunPan_Zhuan)
    MemManage_Handler                        0x080065f1   Thumb Code     4  stm32f10x_it.o(i.MemManage_Handler)
    MenuOperate                              0x080065f5   Thumb Code   200  ui.o(i.MenuOperate)
    NMI_Handler                              0x080066cd   Thumb Code     2  stm32f10x_it.o(i.NMI_Handler)
    NVIC_Init                                0x080066d1   Thumb Code   100  misc.o(i.NVIC_Init)
    Nano_ChuLi                               0x08006741   Thumb Code   798  hand.o(i.Nano_ChuLi)
    Net_a                                    0x08006ab5   Thumb Code   210  ui.o(i.Net_a)
    Net_b                                    0x08006bbd   Thumb Code   210  ui.o(i.Net_b)
    Net_c                                    0x08006cc5   Thumb Code   210  ui.o(i.Net_c)
    Net_d                                    0x08006dcd   Thumb Code  1436  ui.o(i.Net_d)
    Net_e                                    0x0800736d   Thumb Code  1490  ui.o(i.Net_e)
    Net_f                                    0x08007945   Thumb Code  1376  ui.o(i.Net_f)
    OLCD_Fill                                0x08007ea9   Thumb Code    58  oled.o(i.OLCD_Fill)
    OLED_CLS                                 0x08007ee5   Thumb Code    86  oled2.o(i.OLED_CLS)
    OLED_CLS_67                              0x08007f45   Thumb Code    86  oled2.o(i.OLED_CLS_67)
    OLED_DrawHanzi                           0x08007fa5   Thumb Code   238  oled2.o(i.OLED_DrawHanzi)
    OLED_DrawPicture                         0x0800809d   Thumb Code   142  oled2.o(i.OLED_DrawPicture)
    OLED_DrawPoint                           0x0800812d   Thumb Code    92  oled2.o(i.OLED_DrawPoint)
    OLED_Init                                0x0800818d   Thumb Code   266  oled.o(i.OLED_Init)
    OLED_Refresh                             0x0800829d   Thumb Code   120  oled2.o(i.OLED_Refresh)
    OLED_ShowxcChar                          0x0800831d   Thumb Code   254  oled2.o(i.OLED_ShowxcChar)
    OLED_ShowxcNum                           0x08008429   Thumb Code   168  oled2.o(i.OLED_ShowxcNum)
    OLED_ShowxcString                        0x080084d1   Thumb Code   112  oled2.o(i.OLED_ShowxcString)
    OLED_WR_Byte                             0x08008541   Thumb Code   108  oled2.o(i.OLED_WR_Byte)
    OLED_tou                                 0x080085b1   Thumb Code   312  ui.o(i.OLED_tou)
    PWM_PID                                  0x08008739   Thumb Code   166  moto.o(i.PWM_PID)
    PWM_SET                                  0x080087e5   Thumb Code   196  moto.o(i.PWM_SET)
    PendSV_Handler                           0x080088dd   Thumb Code     2  stm32f10x_it.o(i.PendSV_Handler)
    Printf                                   0x080088e1   Thumb Code    74  usart.o(i.Printf)
    RCC_ADCCLKConfig                         0x08008931   Thumb Code    18  stm32f10x_rcc.o(i.RCC_ADCCLKConfig)
    RCC_AHBPeriphClockCmd                    0x08008949   Thumb Code    26  stm32f10x_rcc.o(i.RCC_AHBPeriphClockCmd)
    RCC_APB1PeriphClockCmd                   0x08008969   Thumb Code    26  stm32f10x_rcc.o(i.RCC_APB1PeriphClockCmd)
    RCC_APB1PeriphResetCmd                   0x08008989   Thumb Code    26  stm32f10x_rcc.o(i.RCC_APB1PeriphResetCmd)
    RCC_APB2PeriphClockCmd                   0x080089a9   Thumb Code    26  stm32f10x_rcc.o(i.RCC_APB2PeriphClockCmd)
    RCC_APB2PeriphResetCmd                   0x080089c9   Thumb Code    26  stm32f10x_rcc.o(i.RCC_APB2PeriphResetCmd)
    RCC_GetClocksFreq                        0x080089e9   Thumb Code   192  stm32f10x_rcc.o(i.RCC_GetClocksFreq)
    Routecpy                                 0x08008abd   Thumb Code    76  hand.o(i.Routecpy)
    SHOP_GPIO_init                           0x08008b11   Thumb Code    98  gpio.o(i.SHOP_GPIO_init)
    STMFLASH_Read                            0x08008b81   Thumb Code    34  stmflash.o(i.STMFLASH_Read)
    STMFLASH_ReadHalfWord                    0x08008ba3   Thumb Code     6  stmflash.o(i.STMFLASH_ReadHalfWord)
    STMFLASH_Write                           0x08008ba9   Thumb Code   222  stmflash.o(i.STMFLASH_Write)
    STMFLASH_Write_NoCheck                   0x08008c91   Thumb Code    38  stmflash.o(i.STMFLASH_Write_NoCheck)
    SVC_Handler                              0x08008cb7   Thumb Code     2  stm32f10x_it.o(i.SVC_Handler)
    Set_188                                  0x08008da1   Thumb Code   184  ui.o(i.Set_188)
    Set_188_a                                0x08008e89   Thumb Code    64  ui.o(i.Set_188_a)
    Set_a                                    0x08008ed1   Thumb Code   296  ui.o(i.Set_a)
    Set_b                                    0x08009035   Thumb Code   216  ui.o(i.Set_b)
    Set_c                                    0x0800914d   Thumb Code   214  ui.o(i.Set_c)
    Set_d                                    0x08009265   Thumb Code   216  ui.o(i.Set_d)
    Set_e                                    0x0800937d   Thumb Code   480  ui.o(i.Set_e)
    Set_f                                    0x0800959d   Thumb Code   368  ui.o(i.Set_f)
    Set_g                                    0x0800974d   Thumb Code   370  ui.o(i.Set_g)
    St178_Scanf                              0x08009901   Thumb Code  1582  st178.o(i.St178_Scanf)
    St188_Scanf                              0x08009f55   Thumb Code  1806  st178.o(i.St188_Scanf)
    SysTick_CLKSourceConfig                  0x0800a6c1   Thumb Code    40  misc.o(i.SysTick_CLKSourceConfig)
    SysTick_Handler                          0x0800a6e9   Thumb Code     2  stm32f10x_it.o(i.SysTick_Handler)
    SystemInit                               0x0800a6ed   Thumb Code    78  system_stm32f10x.o(i.SystemInit)
    TIM6_IRQHandler                          0x0800a98d   Thumb Code   246  exti.o(i.TIM6_IRQHandler)
    TIM7_BaseTime_Init                       0x0800aab5   Thumb Code    88  moto.o(i.TIM7_BaseTime_Init)
    TIM7_IRQHandler                          0x0800ab11   Thumb Code  1884  moto.o(i.TIM7_IRQHandler)
    TIM_ARRPreloadConfig                     0x0800b2a5   Thumb Code    24  stm32f10x_tim.o(i.TIM_ARRPreloadConfig)
    TIM_ClearITPendingBit                    0x0800b2bd   Thumb Code     6  stm32f10x_tim.o(i.TIM_ClearITPendingBit)
    TIM_Cmd                                  0x0800b2c3   Thumb Code    24  stm32f10x_tim.o(i.TIM_Cmd)
    TIM_CtrlPWMOutputs                       0x0800b2db   Thumb Code    30  stm32f10x_tim.o(i.TIM_CtrlPWMOutputs)
    TIM_DeInit                               0x0800b2f9   Thumb Code   424  stm32f10x_tim.o(i.TIM_DeInit)
    TIM_EncoderInterfaceConfig               0x0800b4e1   Thumb Code    66  stm32f10x_tim.o(i.TIM_EncoderInterfaceConfig)
    TIM_GetITStatus                          0x0800b523   Thumb Code    34  stm32f10x_tim.o(i.TIM_GetITStatus)
    TIM_ICInit                               0x0800b545   Thumb Code   150  stm32f10x_tim.o(i.TIM_ICInit)
    TIM_ICStructInit                         0x0800b5f1   Thumb Code    18  stm32f10x_tim.o(i.TIM_ICStructInit)
    TIM_ITConfig                             0x0800b603   Thumb Code    18  stm32f10x_tim.o(i.TIM_ITConfig)
    TIM_OC1Init                              0x0800b615   Thumb Code   132  stm32f10x_tim.o(i.TIM_OC1Init)
    TIM_OC1PreloadConfig                     0x0800b6ad   Thumb Code    18  stm32f10x_tim.o(i.TIM_OC1PreloadConfig)
    TIM_OC2Init                              0x0800b6c1   Thumb Code   154  stm32f10x_tim.o(i.TIM_OC2Init)
    TIM_OC2PreloadConfig                     0x0800b765   Thumb Code    26  stm32f10x_tim.o(i.TIM_OC2PreloadConfig)
    TIM_OC3Init                              0x0800b781   Thumb Code   150  stm32f10x_tim.o(i.TIM_OC3Init)
    TIM_OC3PreloadConfig                     0x0800b821   Thumb Code    18  stm32f10x_tim.o(i.TIM_OC3PreloadConfig)
    TIM_OC4Init                              0x0800b835   Thumb Code   114  stm32f10x_tim.o(i.TIM_OC4Init)
    TIM_OC4PreloadConfig                     0x0800b8b1   Thumb Code    26  stm32f10x_tim.o(i.TIM_OC4PreloadConfig)
    TIM_SetCompare1                          0x0800b8cb   Thumb Code     4  stm32f10x_tim.o(i.TIM_SetCompare1)
    TIM_SetCompare2                          0x0800b8cf   Thumb Code     4  stm32f10x_tim.o(i.TIM_SetCompare2)
    TIM_SetCompare3                          0x0800b8d3   Thumb Code     4  stm32f10x_tim.o(i.TIM_SetCompare3)
    TIM_SetCompare4                          0x0800b8d7   Thumb Code     6  stm32f10x_tim.o(i.TIM_SetCompare4)
    TIM_SetIC1Prescaler                      0x0800b8dd   Thumb Code    18  stm32f10x_tim.o(i.TIM_SetIC1Prescaler)
    TIM_SetIC2Prescaler                      0x0800b8ef   Thumb Code    26  stm32f10x_tim.o(i.TIM_SetIC2Prescaler)
    TIM_SetIC3Prescaler                      0x0800b909   Thumb Code    18  stm32f10x_tim.o(i.TIM_SetIC3Prescaler)
    TIM_SetIC4Prescaler                      0x0800b91b   Thumb Code    26  stm32f10x_tim.o(i.TIM_SetIC4Prescaler)
    TIM_TimeBaseInit                         0x0800b935   Thumb Code   122  stm32f10x_tim.o(i.TIM_TimeBaseInit)
    Temp_Set                                 0x0800b9d9   Thumb Code   160  ui.o(i.Temp_Set)
    USART1_IRQHandler                        0x0800ba99   Thumb Code   204  usart.o(i.USART1_IRQHandler)
    USART2_IRQHandler                        0x0800bb81   Thumb Code   122  usart.o(i.USART2_IRQHandler)
    USART3_IRQHandler                        0x0800bc0d   Thumb Code   122  usart.o(i.USART3_IRQHandler)
    USART3_Putc                              0x0800bc95   Thumb Code    22  usart.o(i.USART3_Putc)
    USART_Cmd                                0x0800bcb1   Thumb Code    24  stm32f10x_usart.o(i.USART_Cmd)
    USART_GetFlagStatus                      0x0800bcc9   Thumb Code    26  stm32f10x_usart.o(i.USART_GetFlagStatus)
    USART_GetITStatus                        0x0800bce3   Thumb Code    84  stm32f10x_usart.o(i.USART_GetITStatus)
    USART_ITConfig                           0x0800bd37   Thumb Code    74  stm32f10x_usart.o(i.USART_ITConfig)
    USART_Init                               0x0800bd81   Thumb Code   210  stm32f10x_usart.o(i.USART_Init)
    USART_ReceiveData                        0x0800be59   Thumb Code    10  stm32f10x_usart.o(i.USART_ReceiveData)
    USART_SendData                           0x0800be63   Thumb Code     8  stm32f10x_usart.o(i.USART_SendData)
    UsageFault_Handler                       0x0800be6b   Thumb Code     4  stm32f10x_it.o(i.UsageFault_Handler)
    WEI_PID                                  0x0800be71   Thumb Code   604  moto.o(i.WEI_PID)
    XIANFU                                   0x0800c11d   Thumb Code    34  moto.o(i.XIANFU)
    Zhua                                     0x0800c145   Thumb Code  2342  hand.o(i.Zhua)
    __0printf                                0x0800ca81   Thumb Code    22  printfa.o(i.__0printf)
    __1printf                                0x0800ca81   Thumb Code     0  printfa.o(i.__0printf)
    __2printf                                0x0800ca81   Thumb Code     0  printfa.o(i.__0printf)
    __c89printf                              0x0800ca81   Thumb Code     0  printfa.o(i.__0printf)
    printf                                   0x0800ca81   Thumb Code     0  printfa.o(i.__0printf)
    __0sprintf                               0x0800caa1   Thumb Code    34  printfa.o(i.__0sprintf)
    __1sprintf                               0x0800caa1   Thumb Code     0  printfa.o(i.__0sprintf)
    __2sprintf                               0x0800caa1   Thumb Code     0  printfa.o(i.__0sprintf)
    __c89sprintf                             0x0800caa1   Thumb Code     0  printfa.o(i.__0sprintf)
    sprintf                                  0x0800caa1   Thumb Code     0  printfa.o(i.__0sprintf)
    __0vsprintf                              0x0800cac9   Thumb Code    30  printfa.o(i.__0vsprintf)
    __1vsprintf                              0x0800cac9   Thumb Code     0  printfa.o(i.__0vsprintf)
    __2vsprintf                              0x0800cac9   Thumb Code     0  printfa.o(i.__0vsprintf)
    __c89vsprintf                            0x0800cac9   Thumb Code     0  printfa.o(i.__0vsprintf)
    vsprintf                                 0x0800cac9   Thumb Code     0  printfa.o(i.__0vsprintf)
    __ARM_fpclassify                         0x0800caed   Thumb Code    40  fpclassify.o(i.__ARM_fpclassify)
    __kernel_poly                            0x0800cb15   Thumb Code   170  poly.o(i.__kernel_poly)
    __mathlib_dbl_divzero                    0x0800cbc1   Thumb Code    12  dunder.o(i.__mathlib_dbl_divzero)
    __mathlib_dbl_infnan2                    0x0800cbd1   Thumb Code     4  dunder.o(i.__mathlib_dbl_infnan2)
    __mathlib_dbl_invalid                    0x0800cbd5   Thumb Code    12  dunder.o(i.__mathlib_dbl_invalid)
    __mathlib_dbl_overflow                   0x0800cbe1   Thumb Code    14  dunder.o(i.__mathlib_dbl_overflow)
    __mathlib_dbl_underflow                  0x0800cbf1   Thumb Code    10  dunder.o(i.__mathlib_dbl_underflow)
    __scatterload_copy                       0x0800cc01   Thumb Code    14  handlers.o(i.__scatterload_copy)
    __scatterload_null                       0x0800cc0f   Thumb Code     2  handlers.o(i.__scatterload_null)
    __scatterload_zeroinit                   0x0800cc11   Thumb Code    14  handlers.o(i.__scatterload_zeroinit)
    __set_errno                              0x0800cc21   Thumb Code     6  errno.o(i.__set_errno)
    bxcls                                    0x0800d4c9   Thumb Code     8  st178.o(i.bxcls)
    ce_1                                     0x0800d4d5   Thumb Code    12  move.o(i.ce_1)
    ce_2                                     0x0800d4e5   Thumb Code    12  move.o(i.ce_2)
    change                                   0x0800d4f5   Thumb Code   656  ui.o(i.change)
    change_DongTai                           0x0800d795   Thumb Code   918  ui.o(i.change_DongTai)
    delay_init                               0x0800db45   Thumb Code    50  delay.o(i.delay_init)
    delay_ms                                 0x0800db89   Thumb Code    72  delay.o(i.delay_ms)
    delay_us                                 0x0800dbd5   Thumb Code    72  delay.o(i.delay_us)
    fputc                                    0x0800dc21   Thumb Code   100  usart.o(i.fputc)
    fzclose                                  0x0800dc95   Thumb Code     2  exti.o(i.fzclose)
    fzopen                                   0x0800dc97   Thumb Code     2  exti.o(i.fzopen)
    main                                     0x0800dc99   Thumb Code   150  main.o(i.main)
    oled_pow                                 0x0800dd4d   Thumb Code    22  oled2.o(i.oled_pow)
    pow                                      0x0800dd65   Thumb Code  2478  pow.o(i.pow)
    read_from_flash                          0x0800e71d   Thumb Code   136  ui.o(i.read_from_flash)
    save_to_flash                            0x0800e7bd   Thumb Code   192  ui.o(i.save_to_flash)
    shuzu                                    0x0800e895   Thumb Code   230  move.o(i.shuzu)
    sqrt                                     0x0800e97b   Thumb Code    76  sqrt.o(i.sqrt)
    stop                                     0x0800e9c9   Thumb Code    90  moto.o(i.stop)
    uart1_init                               0x0800ea51   Thumb Code   150  usart.o(i.uart1_init)
    uart2_init                               0x0800eaf1   Thumb Code   154  usart.o(i.uart2_init)
    uart3_init                               0x0800eb95   Thumb Code   160  usart.o(i.uart3_init)
    F6x8                                     0x0800ec3c   Data         552  oled.o(.constdata)
    ST16x16_Idx                              0x0800ee64   Data         269  oled.o(.constdata)
    ST16x16                                  0x0800ef71   Data        4288  oled.o(.constdata)
    F14x16_Idx                               0x08010031   Data          37  oled.o(.constdata)
    F14x16                                   0x08010056   Data         504  oled.o(.constdata)
    F8X16                                    0x0801024e   Data        1520  oled.o(.constdata)
    F6x88                                    0x0801083e   Data         552  oled2.o(.constdata)
    F88X16                                   0x08010a66   Data        1520  oled2.o(.constdata)
    asc2_1206                                0x08011056   Data        1140  oled2.o(.constdata)
    asc2_1608                                0x080114ca   Data        1520  oled2.o(.constdata)
    asc2_2412                                0x08011aba   Data        3420  oled2.o(.constdata)
    gImage_set                               0x08012816   Data          72  oled2.o(.constdata)
    gImage_music_l                           0x0801285e   Data          72  oled2.o(.constdata)
    gImage_Record                            0x080128a6   Data          72  oled2.o(.constdata)
    gImage_Game                              0x080128ee   Data          72  oled2.o(.constdata)
    gImage_txt                               0x08012936   Data          72  oled2.o(.constdata)
    gImage_Internet                          0x0801297e   Data          72  oled2.o(.constdata)
    gImage_Nrf                               0x080129c6   Data          72  oled2.o(.constdata)
    gImage_Tem                               0x08012a0e   Data          72  oled2.o(.constdata)
    gImage_timer                             0x08012a56   Data          72  oled2.o(.constdata)
    gImage_benz                              0x08012a9e   Data          72  oled2.o(.constdata)
    hanzi                                    0x08012ae6   Data         768  oled2.o(.constdata)
    miaobiao                                 0x08012de6   Data        1584  oled2.o(.constdata)
    OLED_ST16x16_Idx                         0x08013416   Data          77  oled2.o(.constdata)
    OLED_ST16x16                             0x08013463   Data        1216  oled2.o(.constdata)
    xiaohanzi                                0x08013923   Data          16  oled2.o(.constdata)
    __mathlib_zero                           0x08013a00   Data           8  qnan.o(.constdata)
    Region$$Table$$Base                      0x08013a08   Number         0  anon$$obj.o(Region$$Table)
    Region$$Table$$Limit                     0x08013a28   Number         0  anon$$obj.o(Region$$Table)
    Key_Num                                  0x20000000   Data           1  ADC_Config.o(.data)
    Keykey_Flag                              0x20000001   Data           1  ADC_Config.o(.data)
    KEY_TYPE                                 0x20000002   Data           1  ADC_Config.o(.data)
    cunchu                                   0x2000000a   Data           4  exti.o(.data)
    z_cha                                    0x2000000e   Data           1  exti.o(.data)
    y_cha                                    0x2000000f   Data           1  exti.o(.data)
    q_cha                                    0x20000010   Data           1  exti.o(.data)
    h_cha                                    0x20000011   Data           1  exti.o(.data)
    count_fz                                 0x20000012   Data           2  exti.o(.data)
    fz_flag                                  0x20000014   Data           1  exti.o(.data)
    exFlag_HuoJia                            0x20000015   Data           1  hand.o(.data)
    Flag_HuoJia_ShangXia                     0x20000016   Data           1  hand.o(.data)
    LuXian_DongTaii                          0x20000017   Data           1  hand.o(.data)
    Sum_Qian                                 0x20000018   Data           1  hand.o(.data)
    LunPan                                   0x20000019   Data           7  hand.o(.data)
    LunPani                                  0x20000020   Data           1  hand.o(.data)
    Tuii                                     0x20000021   Data           1  hand.o(.data)
    A_S                                      0x20000022   Data           7  hand.o(.data)
    A_X                                      0x20000029   Data           7  hand.o(.data)
    A_i                                      0x20000030   Data           1  hand.o(.data)
    C_S                                      0x20000031   Data           7  hand.o(.data)
    C_X                                      0x20000038   Data           7  hand.o(.data)
    C_i                                      0x2000003f   Data           1  hand.o(.data)
    D_i                                      0x20000040   Data           1  hand.o(.data)
    ii                                       0x20000044   Data           4  moto.o(.data)
    Flag_XiuZheng                            0x20000048   Data           1  moto.o(.data)
    Flag_KaoBian                             0x20000049   Data           1  moto.o(.data)
    tt                                       0x2000004a   Data           2  moto.o(.data)
    aa                                       0x2000004c   Data           1  moto.o(.data)
    FX                                       0x2000004d   Data           1  moto.o(.data)
    pwm_time                                 0x20000050   Data           4  moto.o(.data)
    sum_flag                                 0x20000054   Data           2  moto.o(.data)
    sum_value                                0x20000056   Data           2  moto.o(.data)
    pidflag                                  0x20000058   Data           1  moto.o(.data)
    sum_value1                               0x2000005a   Data           2  moto.o(.data)
    sum_value2                               0x2000005c   Data           2  moto.o(.data)
    sum_cha                                  0x2000005e   Data           2  moto.o(.data)
    KP                                       0x20000060   Data           4  moto.o(.data)
    KI                                       0x20000064   Data           4  moto.o(.data)
    KD                                       0x20000068   Data           4  moto.o(.data)
    stop_TIM                                 0x2000006c   Data           1  moto.o(.data)
    tim7_start                               0x2000006d   Data           1  moto.o(.data)
    velocity_PID_KP_qh                       0x2000006e   Data           5  moto.o(.data)
    velocity_PID_KD_qh                       0x20000073   Data           5  moto.o(.data)
    g_nInterrupt_Count                       0x20000078   Data           1  moto.o(.data)
    velocity_KP                              0x2000007c   Data           4  moto.o(.data)
    velocity_KI                              0x20000080   Data           4  moto.o(.data)
    velocity_KD                              0x20000084   Data           4  moto.o(.data)
    Encoder_Integral                         0x20000088   Data           4  moto.o(.data)
    ll_PWM                                   0x2000008c   Data           4  moto.o(.data)
    lr_PWM                                   0x20000090   Data           4  moto.o(.data)
    bl_PWM                                   0x20000094   Data           4  moto.o(.data)
    br_PWM                                   0x20000098   Data           4  moto.o(.data)
    speed                                    0x2000009c   Data           4  moto.o(.data)
    speed_carrage                            0x200000a0   Data          10  moto.o(.data)
    FX_flag                                  0x200000b4   Data           1  move.o(.data)
    move_BUFF_SET_hang                       0x200000b5   Data           1  move.o(.data)
    move_BUFF_SET2_hang                      0x200000b6   Data           1  move.o(.data)
    move_BUFF_SET3_hang                      0x200000b7   Data           1  move.o(.data)
    ce_move1_BUFF                            0x200000b8   Data         110  move.o(.data)
    ce_move2_BUFF                            0x20000126   Data         110  move.o(.data)
    chu_1                                    0x20000194   Data          66  move.o(.data)
    chu_2                                    0x200001d6   Data          44  move.o(.data)
    DZXYlogo                                 0x20000202   Data        1024  oled.o(.data)
    TZXYlogo                                 0x20000602   Data         512  oled.o(.data)
    weizhi                                   0x20000802   Data         256  oled.o(.data)
    dianchi                                  0x20000902   Data          64  oled.o(.data)
    xinghao                                  0x20000942   Data          64  oled.o(.data)
    xinghao2                                 0x20000982   Data          64  oled.o(.data)
    xinghao3                                 0x200009c2   Data          64  oled.o(.data)
    xinghao4                                 0x20000a02   Data          32  oled.o(.data)
    shitou                                   0x20000a22   Data         288  oled.o(.data)
    jiandao                                  0x20000b42   Data         288  oled.o(.data)
    bu                                       0x20000c62   Data         288  oled.o(.data)
    oled_st188                               0x20000d84   Data           1  st178.o(.data)
    DEF_FLAGE                                0x20000d85   Data           1  st178.o(.data)
    chazhi_qh                                0x20000d88   Data           4  st178.o(.data)
    chazhi_zy                                0x20000d8c   Data           4  st178.o(.data)
    q_q                                      0x20000d90   Data           1  st178.o(.data)
    h_h                                      0x20000d91   Data           1  st178.o(.data)
    q_q_q                                    0x20000d92   Data           1  st178.o(.data)
    h_h_h                                    0x20000d93   Data           1  st178.o(.data)
    z_z                                      0x20000d94   Data           1  st178.o(.data)
    y_y                                      0x20000d95   Data           1  st178.o(.data)
    z_z_z                                    0x20000d96   Data           1  st178.o(.data)
    y_y_y                                    0x20000d97   Data           1  st178.o(.data)
    BX_FLAGE                                 0x20000d98   Data           1  st178.o(.data)
    st188_date1sum                           0x20000d9c   Data           8  st178.o(.data)
    st188_date2sum                           0x20000da4   Data           8  st178.o(.data)
    st188_date3sum                           0x20000dac   Data           8  st178.o(.data)
    st188_date4sum                           0x20000db4   Data           8  st178.o(.data)
    qian_sum                                 0x20000dbc   Data           4  st178.o(.data)
    hou_sum                                  0x20000dc0   Data           4  st178.o(.data)
    zuo_sum                                  0x20000dc4   Data           4  st178.o(.data)
    you_sum                                  0x20000dc8   Data           4  st178.o(.data)
    shu_z                                    0x20000dcc   Data           8  st178.o(.data)
    shu_y                                    0x20000dd4   Data           8  st178.o(.data)
    j                                        0x20000de0   Data           1  ui.o(.data)
    Infoflag                                 0x20000de1   Data           1  ui.o(.data)
    hou                                      0x20000de2   Data         150  ui.o(.data)
    qian                                     0x20000e78   Data         150  ui.o(.data)
    xiacsd                                   0x20000f0e   Data          15  ui.o(.data)
    zhiling                                  0x20000f1d   Data         280  ui.o(.data)
    a                                        0x20001035   Data         310  ui.o(.data)
    b                                        0x2000116b   Data         170  ui.o(.data)
    c                                        0x20001215   Data         310  ui.o(.data)
    d                                        0x2000134b   Data           5  ui.o(.data)
    e                                        0x20001350   Data           5  ui.o(.data)
    a1                                       0x20001355   Data           5  ui.o(.data)
    b1                                       0x2000135a   Data           5  ui.o(.data)
    c1                                       0x2000135f   Data           5  ui.o(.data)
    d1                                       0x20001364   Data           5  ui.o(.data)
    e1                                       0x20001369   Data           5  ui.o(.data)
    a2                                       0x2000136e   Data           5  ui.o(.data)
    c2                                       0x20001373   Data           5  ui.o(.data)
    d2                                       0x20001378   Data           5  ui.o(.data)
    e2                                       0x2000137d   Data           5  ui.o(.data)
    paizhao                                  0x20001382   Data           5  ui.o(.data)
    move_flag                                0x20001387   Data           1  ui.o(.data)
    move_flag1                               0x20001388   Data           1  ui.o(.data)
    move_flag2                               0x20001389   Data           1  ui.o(.data)
    move_flag3                               0x2000138a   Data           1  ui.o(.data)
    KeyFuncIndex                             0x2000138b   Data           1  ui.o(.data)
    KeyFuncPtr                               0x2000138c   Data           4  ui.o(.data)
    KeyTab                                   0x20001390   Data         480  ui.o(.data)
    USART_PRINTF_FLAG                        0x2000158c   Data           4  usart.o(.data)
    __stdout                                 0x20001590   Data           4  usart.o(.data)
    USART1_RX_STA                            0x20001594   Data           2  usart.o(.data)
    flag_6                                   0x20001596   Data           1  usart.o(.data)
    angle_6                                  0x20001598   Data           4  usart.o(.data)
    USART2_RX_STA                            0x2000159c   Data           2  usart.o(.data)
    USART3_RX_STA                            0x2000159e   Data           2  usart.o(.data)
    RX3_count                                0x200015a0   Data           2  usart.o(.data)
    SystemCoreClock                          0x200015a4   Data           4  system_stm32f10x.o(.data)
    AHBPrescTable                            0x200015a8   Data          16  system_stm32f10x.o(.data)
    ADC_DMA_ConvertedValue                   0x200015bc   Data          12  ADC_Config.o(.bss)
    LuXian_DongTai                           0x200015c8   Data         250  hand.o(.bss)
    Tui                                      0x200016c2   Data          14  hand.o(.bss)
    D_S                                      0x200016d0   Data          21  hand.o(.bss)
    D_X                                      0x200016e5   Data          21  hand.o(.bss)
    Pid_fl                                   0x200016fc   Data          40  moto.o(.bss)
    Pid_fr                                   0x20001724   Data          40  moto.o(.bss)
    Pid_br                                   0x2000174c   Data          40  moto.o(.bss)
    Pid_bl                                   0x20001774   Data          40  moto.o(.bss)
    a_pwm                                    0x2000179c   Data          12  moto.o(.bss)
    move_BUFF_SET                            0x200017a8   Data          30  move.o(.bss)
    move_BUFF_SET2                           0x200017c6   Data          30  move.o(.bss)
    move_BUFF_SET3                           0x200017e4   Data          30  move.o(.bss)
    chu_3                                    0x20001802   Data          66  move.o(.bss)
    chu_4                                    0x20001844   Data          77  move.o(.bss)
    chu_5                                    0x20001891   Data          33  move.o(.bss)
    sb                                       0x200018b2   Data          44  move.o(.bss)
    zou_1                                    0x200018de   Data         242  move.o(.bss)
    zou_2                                    0x200019d0   Data         198  move.o(.bss)
    zou_3                                    0x20001a96   Data         110  move.o(.bss)
    fa_1                                     0x20001b04   Data         297  move.o(.bss)
    fa_2                                     0x20001c2d   Data         330  move.o(.bss)
    fa_3                                     0x20001d77   Data         132  move.o(.bss)
    fangfa                                   0x20001dfb   Data         154  move.o(.bss)
    fangfa_1                                 0x20001e95   Data         143  move.o(.bss)
    fangfa_2                                 0x20001f24   Data          33  move.o(.bss)
    fangfa_3                                 0x20001f45   Data         187  move.o(.bss)
    wujie                                    0x20002000   Data         132  move.o(.bss)
    tou                                      0x20002084   Data         231  move.o(.bss)
    LUXIAN1                                  0x2000216b   Data         286  move.o(.bss)
    write                                    0x20002289   Data         288  oled.o(.bss)
    OLED_BUF                                 0x200023a9   Data          64  oled.o(.bss)
    OLED2_BUF                                0x200023e9   Data         100  oled2.o(.bss)
    OLED_GRAM                                0x2000244d   Data        1024  oled2.o(.bss)
    OLED_BCK_GRAM                            0x2000284d   Data        1024  oled2.o(.bss)
    shu_q                                    0x20002c4d   Data          16  st178.o(.bss)
    shu_h                                    0x20002c5d   Data          16  st178.o(.bss)
    STMFLASH_BUF                             0x20002c6e   Data        2048  stmflash.o(.bss)
    Speed_buffer                             0x2000346e   Data          34  ui.o(.bss)
    USART1_RX_BUF                            0x20003490   Data         200  usart.o(.bss)
    USART2_RX_BUF                            0x20003558   Data         200  usart.o(.bss)
    USART3_RX_BUF                            0x20003620   Data         200  usart.o(.bss)
    USARTx_SendBuff                          0x200036e8   Data         100  usart.o(.bss)
    __initial_sp                             0x20003b50   Data           0  startup_stm32f10x_hd.o(STACK)



==============================================================================

Memory Map of the image

  Image Entry point : 0x08000145

  Load Region LR_1 (Base: 0x08000000, Size: 0x00014fe4, Max: 0xffffffff, ABSOLUTE, COMPRESSED[0x0001410c])

    Execution Region ER_RO (Base: 0x08000000, Size: 0x00013a28, Max: 0xffffffff, ABSOLUTE)

    Base Addr    Size         Type   Attr      Idx    E Section Name        Object

    0x08000000   0x00000130   Data   RO           19    RESET               startup_stm32f10x_hd.o
    0x08000130   0x00000000   Code   RO         4615  * .ARM.Collect$$$$00000000  mc_w.l(entry.o)
    0x08000130   0x00000004   Code   RO         4948    .ARM.Collect$$$$00000001  mc_w.l(entry2.o)
    0x08000134   0x00000004   Code   RO         4951    .ARM.Collect$$$$00000004  mc_w.l(entry5.o)
    0x08000138   0x00000000   Code   RO         4953    .ARM.Collect$$$$00000008  mc_w.l(entry7b.o)
    0x08000138   0x00000000   Code   RO         4955    .ARM.Collect$$$$0000000A  mc_w.l(entry8b.o)
    0x08000138   0x00000008   Code   RO         4956    .ARM.Collect$$$$0000000B  mc_w.l(entry9a.o)
    0x08000140   0x00000000   Code   RO         4958    .ARM.Collect$$$$0000000D  mc_w.l(entry10a.o)
    0x08000140   0x00000000   Code   RO         4960    .ARM.Collect$$$$0000000F  mc_w.l(entry11a.o)
    0x08000140   0x00000004   Code   RO         4949    .ARM.Collect$$$$00002712  mc_w.l(entry2.o)
    0x08000144   0x00000024   Code   RO           20  * .text               startup_stm32f10x_hd.o
    0x08000168   0x00000024   Code   RO         4618    .text               mc_w.l(memcpya.o)
    0x0800018c   0x00000024   Code   RO         4620    .text               mc_w.l(memseta.o)
    0x080001b0   0x000000b0   Code   RO         4885    .text               mf_w.l(fadd.o)
    0x08000260   0x00000064   Code   RO         4887    .text               mf_w.l(fmul.o)
    0x080002c4   0x0000014e   Code   RO         4889    .text               mf_w.l(dadd.o)
    0x08000412   0x000000e4   Code   RO         4891    .text               mf_w.l(dmul.o)
    0x080004f6   0x000000de   Code   RO         4893    .text               mf_w.l(ddiv.o)
    0x080005d4   0x00000012   Code   RO         4895    .text               mf_w.l(fflti.o)
    0x080005e6   0x0000000a   Code   RO         4897    .text               mf_w.l(ffltui.o)
    0x080005f0   0x00000022   Code   RO         4899    .text               mf_w.l(dflti.o)
    0x08000612   0x0000001a   Code   RO         4901    .text               mf_w.l(dfltui.o)
    0x0800062c   0x00000032   Code   RO         4903    .text               mf_w.l(ffixi.o)
    0x0800065e   0x0000003e   Code   RO         4907    .text               mf_w.l(dfixi.o)
    0x0800069c   0x00000026   Code   RO         4909    .text               mf_w.l(f2d.o)
    0x080006c2   0x00000002   PAD
    0x080006c4   0x00000030   Code   RO         4913    .text               mf_w.l(cdrcmple.o)
    0x080006f4   0x00000038   Code   RO         4915    .text               mf_w.l(d2f.o)
    0x0800072c   0x00000014   Code   RO         4917    .text               mf_w.l(cfcmple.o)
    0x08000740   0x00000014   Code   RO         4919    .text               mf_w.l(cfrcmple.o)
    0x08000754   0x0000002c   Code   RO         4962    .text               mc_w.l(uidiv.o)
    0x08000780   0x00000062   Code   RO         4964    .text               mc_w.l(uldiv.o)
    0x080007e2   0x0000001e   Code   RO         4966    .text               mc_w.l(llshl.o)
    0x08000800   0x00000020   Code   RO         4968    .text               mc_w.l(llushr.o)
    0x08000820   0x00000024   Code   RO         4970    .text               mc_w.l(llsshr.o)
    0x08000844   0x00000000   Code   RO         4979    .text               mc_w.l(iusefp.o)
    0x08000844   0x0000006e   Code   RO         4980    .text               mf_w.l(fepilogue.o)
    0x080008b2   0x000000ba   Code   RO         4982    .text               mf_w.l(depilogue.o)
    0x0800096c   0x0000002e   Code   RO         4984    .text               mf_w.l(dscalb.o)
    0x0800099a   0x00000030   Code   RO         4986    .text               mf_w.l(dfixul.o)
    0x080009ca   0x00000002   PAD
    0x080009cc   0x00000024   Code   RO         4988    .text               mc_w.l(init.o)
    0x080009f0   0x000000a2   Code   RO         4990    .text               mf_w.l(dsqrt.o)
    0x08000a92   0x00000056   Code   RO         5000    .text               mc_w.l(__dczerorl2.o)
    0x08000ae8   0x00000016   Code   RO         1371    i.ADC_Cmd           stm32f10x_adc.o
    0x08000afe   0x00000016   Code   RO         1372    i.ADC_DMACmd        stm32f10x_adc.o
    0x08000b14   0x00000060   Code   RO           24    i.ADC_DMAInit       ADC_Config.o
    0x08000b74   0x000000b0   Code   RO           25    i.ADC_DMA_Configuration  ADC_Config.o
    0x08000c24   0x0000005c   Code   RO         1373    i.ADC_DeInit        stm32f10x_adc.o
    0x08000c80   0x00000014   Code   RO         1379    i.ADC_GetCalibrationStatus  stm32f10x_adc.o
    0x08000c94   0x00000008   Code   RO         1380    i.ADC_GetConversionValue  stm32f10x_adc.o
    0x08000c9c   0x00000012   Code   RO         1382    i.ADC_GetFlagStatus  stm32f10x_adc.o
    0x08000cae   0x00000014   Code   RO         1385    i.ADC_GetResetCalibrationStatus  stm32f10x_adc.o
    0x08000cc2   0x00000002   PAD
    0x08000cc4   0x00000050   Code   RO         1389    i.ADC_Init          stm32f10x_adc.o
    0x08000d14   0x000000b8   Code   RO         1393    i.ADC_RegularChannelConfig  stm32f10x_adc.o
    0x08000dcc   0x0000000a   Code   RO         1394    i.ADC_ResetCalibration  stm32f10x_adc.o
    0x08000dd6   0x00000016   Code   RO         1396    i.ADC_SoftwareStartConvCmd  stm32f10x_adc.o
    0x08000dec   0x0000000a   Code   RO         1398    i.ADC_StartCalibration  stm32f10x_adc.o
    0x08000df6   0x0000014e   Code   RO           26    i.ADKey_Deal        ADC_Config.o
    0x08000f44   0x0000008c   Code   RO           27    i.ADKey_Init        ADC_Config.o
    0x08000fd0   0x000000b4   Code   RO           28    i.AD_AnJian         ADC_Config.o
    0x08001084   0x00000100   Code   RO          279    i.All_GPIO_Init     gpio.o
    0x08001184   0x00000200   Code   RO          383    i.BMQ_MOVE          moto.o
    0x08001384   0x00000154   Code   RO          297    i.B_Tui             hand.o
    0x080014d8   0x00000068   Code   RO          298    i.BuJin_GPIO_Init   hand.o
    0x08001540   0x000001c0   Code   RO          299    i.BuJin_Zhuan       hand.o
    0x08001700   0x00000004   Code   RO         4482    i.BusFault_Handler  stm32f10x_it.o
    0x08001704   0x000000c4   Code   RO         1087    i.Clock             ui.o
    0x080017c8   0x00001aa8   Code   RO         1088    i.Clock_a           ui.o
    0x08003270   0x000002b0   Code   RO         1089    i.Clock_b           ui.o
    0x08003520   0x000002b4   Code   RO         1090    i.Clock_c           ui.o
    0x080037d4   0x000002b4   Code   RO         1091    i.Clock_d           ui.o
    0x08003a88   0x00000764   Code   RO         1092    i.Clock_e           ui.o
    0x080041ec   0x0000026c   Code   RO          384    i.DJ_MOVE           moto.o
    0x08004458   0x00000088   Code   RO          491    i.DJ_MOVE_BUFF_SET  move.o
    0x080044e0   0x0000002e   Code   RO          492    i.DJ_MOVE_BUFF_shuzu  move.o
    0x0800450e   0x00000002   PAD
    0x08004510   0x0000027c   Code   RO          385    i.DJ_MOVE_KaoBian   moto.o
    0x0800478c   0x00000124   Code   RO          386    i.DJ_MOVE_PingYi    moto.o
    0x080048b0   0x000000e8   Code   RO          387    i.DJ_MOVE_XiuZheng  moto.o
    0x08004998   0x000000d4   Code   RO          388    i.DJ_MOVE_YS        moto.o
    0x08004a6c   0x00000290   Code   RO          389    i.DJ_MOVE_ZHUAN     moto.o
    0x08004cfc   0x00000068   Code   RO          493    i.DJ_MOVE_ZONG      move.o
    0x08004d64   0x00000018   Code   RO         2056    i.DMA_Cmd           stm32f10x_dma.o
    0x08004d7c   0x0000014c   Code   RO         2057    i.DMA_DeInit        stm32f10x_dma.o
    0x08004ec8   0x0000003c   Code   RO         2062    i.DMA_Init          stm32f10x_dma.o
    0x08004f04   0x000000c0   Code   RO         1093    i.Debug             ui.o
    0x08004fc4   0x00000002   Code   RO         4483    i.DebugMon_Handler  stm32f10x_it.o
    0x08004fc6   0x00000002   PAD
    0x08004fc8   0x0000015c   Code   RO         1094    i.Debug_Set         ui.o
    0x08005124   0x0000006a   Code   RO          671    i.Draw_BMP          oled.o
    0x0800518e   0x00000002   PAD
    0x08005190   0x000000d4   Code   RO          673    i.Draw_Power        oled.o
    0x08005264   0x000000c4   Code   RO         1095    i.Drive             ui.o
    0x08005328   0x00000130   Code   RO         1096    i.Drive_a           ui.o
    0x08005458   0x0000004c   Code   RO         2185    i.FLASH_ErasePage   stm32f10x_flash.o
    0x080054a4   0x00000034   Code   RO         2186    i.FLASH_GetBank1Status  stm32f10x_flash.o
    0x080054d8   0x00000014   Code   RO         2195    i.FLASH_Lock        stm32f10x_flash.o
    0x080054ec   0x00000040   Code   RO         2198    i.FLASH_ProgramHalfWord  stm32f10x_flash.o
    0x0800552c   0x00000018   Code   RO         2203    i.FLASH_Unlock      stm32f10x_flash.o
    0x08005544   0x00000026   Code   RO         2207    i.FLASH_WaitForLastOperation  stm32f10x_flash.o
    0x0800556a   0x00000116   Code   RO         2480    i.GPIO_Init         stm32f10x_gpio.o
    0x08005680   0x00000090   Code   RO         2482    i.GPIO_PinRemapConfig  stm32f10x_gpio.o
    0x08005710   0x00000004   Code   RO         2487    i.GPIO_ResetBits    stm32f10x_gpio.o
    0x08005714   0x00000004   Code   RO         2488    i.GPIO_SetBits      stm32f10x_gpio.o
    0x08005718   0x00000034   Code   RO           30    i.Get_Key_Adc       ADC_Config.o
    0x0800574c   0x00000028   Code   RO           31    i.Get_Key_Adc_Average  ADC_Config.o
    0x08005774   0x00000088   Code   RO          300    i.HandInit          hand.o
    0x080057fc   0x00000004   Code   RO         4484    i.HardFault_Handler  stm32f10x_it.o
    0x08005800   0x00000250   Code   RO         1057    i.Init_BMQ          timer.o
    0x08005a50   0x000000e8   Code   RO         1058    i.Init_TIM1_PWM     timer.o
    0x08005b38   0x00000104   Code   RO         1060    i.Init_TIM8_PWM     timer.o
    0x08005c3c   0x000000d0   Code   RO         1100    i.Internet_Set      ui.o
    0x08005d0c   0x000003e4   Code   RO          301    i.KaoBian_Zhua      hand.o
    0x080060f0   0x00000080   Code   RO          676    i.LCD_16_HanZi_ASCII  oled.o
    0x08006170   0x00000038   Code   RO          677    i.LCD_CLS           oled.o
    0x080061a8   0x00000038   Code   RO          678    i.LCD_CLS_06        oled.o
    0x080061e0   0x0000001c   Code   RO          679    i.LCD_DLY_ms        oled.o
    0x080061fc   0x00000100   Code   RO          681    i.LCD_P16x16Str     oled.o
    0x080062fc   0x00000088   Code   RO          683    i.LCD_P8x16Str      oled.o
    0x08006384   0x00000024   Code   RO          687    i.LCD_Set_Pos       oled.o
    0x080063a8   0x00000060   Code   RO          688    i.LCD_WrCmd         oled.o
    0x08006408   0x00000064   Code   RO          689    i.LCD_WrDat         oled.o
    0x0800646c   0x00000134   Code   RO          302    i.LunPan_Zhao_Tui   hand.o
    0x080065a0   0x00000050   Code   RO          303    i.LunPan_Zhuan      hand.o
    0x080065f0   0x00000004   Code   RO         4485    i.MemManage_Handler  stm32f10x_it.o
    0x080065f4   0x000000d8   Code   RO         1101    i.MenuOperate       ui.o
    0x080066cc   0x00000002   Code   RO         4486    i.NMI_Handler       stm32f10x_it.o
    0x080066ce   0x00000002   PAD
    0x080066d0   0x00000070   Code   RO         1329    i.NVIC_Init         misc.o
    0x08006740   0x00000374   Code   RO          304    i.Nano_ChuLi        hand.o
    0x08006ab4   0x00000108   Code   RO         1102    i.Net_a             ui.o
    0x08006bbc   0x00000108   Code   RO         1103    i.Net_b             ui.o
    0x08006cc4   0x00000108   Code   RO         1104    i.Net_c             ui.o
    0x08006dcc   0x000005a0   Code   RO         1105    i.Net_d             ui.o
    0x0800736c   0x000005d8   Code   RO         1106    i.Net_e             ui.o
    0x08007944   0x00000564   Code   RO         1107    i.Net_f             ui.o
    0x08007ea8   0x0000003a   Code   RO          692    i.OLCD_Fill         oled.o
    0x08007ee2   0x00000002   PAD
    0x08007ee4   0x00000060   Code   RO          852    i.OLED_CLS          oled2.o
    0x08007f44   0x00000060   Code   RO          853    i.OLED_CLS_67       oled2.o
    0x08007fa4   0x000000f8   Code   RO          858    i.OLED_DrawHanzi    oled2.o
    0x0800809c   0x0000008e   Code   RO          859    i.OLED_DrawPicture  oled2.o
    0x0800812a   0x00000002   PAD
    0x0800812c   0x00000060   Code   RO          860    i.OLED_DrawPoint    oled2.o
    0x0800818c   0x00000110   Code   RO          693    i.OLED_Init         oled.o
    0x0800829c   0x00000080   Code   RO          861    i.OLED_Refresh      oled2.o
    0x0800831c   0x0000010c   Code   RO          866    i.OLED_ShowxcChar   oled2.o
    0x08008428   0x000000a8   Code   RO          867    i.OLED_ShowxcNum    oled2.o
    0x080084d0   0x00000070   Code   RO          868    i.OLED_ShowxcString  oled2.o
    0x08008540   0x00000070   Code   RO          869    i.OLED_WR_Byte      oled2.o
    0x080085b0   0x00000188   Code   RO         1110    i.OLED_tou          ui.o
    0x08008738   0x000000ac   Code   RO          390    i.PWM_PID           moto.o
    0x080087e4   0x000000f8   Code   RO          391    i.PWM_SET           moto.o
    0x080088dc   0x00000002   Code   RO         4487    i.PendSV_Handler    stm32f10x_it.o
    0x080088de   0x00000002   PAD
    0x080088e0   0x00000050   Code   RO         4356    i.Printf            usart.o
    0x08008930   0x00000018   Code   RO         2894    i.RCC_ADCCLKConfig  stm32f10x_rcc.o
    0x08008948   0x00000020   Code   RO         2895    i.RCC_AHBPeriphClockCmd  stm32f10x_rcc.o
    0x08008968   0x00000020   Code   RO         2896    i.RCC_APB1PeriphClockCmd  stm32f10x_rcc.o
    0x08008988   0x00000020   Code   RO         2897    i.RCC_APB1PeriphResetCmd  stm32f10x_rcc.o
    0x080089a8   0x00000020   Code   RO         2898    i.RCC_APB2PeriphClockCmd  stm32f10x_rcc.o
    0x080089c8   0x00000020   Code   RO         2899    i.RCC_APB2PeriphResetCmd  stm32f10x_rcc.o
    0x080089e8   0x000000d4   Code   RO         2906    i.RCC_GetClocksFreq  stm32f10x_rcc.o
    0x08008abc   0x00000054   Code   RO          305    i.Routecpy          hand.o
    0x08008b10   0x00000070   Code   RO          280    i.SHOP_GPIO_init    gpio.o
    0x08008b80   0x00000022   Code   RO         1018    i.STMFLASH_Read     stmflash.o
    0x08008ba2   0x00000006   Code   RO         1019    i.STMFLASH_ReadHalfWord  stmflash.o
    0x08008ba8   0x000000e8   Code   RO         1020    i.STMFLASH_Write    stmflash.o
    0x08008c90   0x00000026   Code   RO         1021    i.STMFLASH_Write_NoCheck  stmflash.o
    0x08008cb6   0x00000002   Code   RO         4488    i.SVC_Handler       stm32f10x_it.o
    0x08008cb8   0x00000008   Code   RO         4571    i.SetSysClock       system_stm32f10x.o
    0x08008cc0   0x000000e0   Code   RO         4572    i.SetSysClockTo72   system_stm32f10x.o
    0x08008da0   0x000000e8   Code   RO         1111    i.Set_188           ui.o
    0x08008e88   0x00000048   Code   RO         1112    i.Set_188_a         ui.o
    0x08008ed0   0x00000164   Code   RO         1113    i.Set_a             ui.o
    0x08009034   0x00000118   Code   RO         1114    i.Set_b             ui.o
    0x0800914c   0x00000118   Code   RO         1115    i.Set_c             ui.o
    0x08009264   0x00000118   Code   RO         1116    i.Set_d             ui.o
    0x0800937c   0x00000220   Code   RO         1117    i.Set_e             ui.o
    0x0800959c   0x000001b0   Code   RO         1118    i.Set_f             ui.o
    0x0800974c   0x000001b4   Code   RO         1119    i.Set_g             ui.o
    0x08009900   0x00000654   Code   RO          986    i.St178_Scanf       st178.o
    0x08009f54   0x0000076c   Code   RO          987    i.St188_Scanf       st178.o
    0x0800a6c0   0x00000028   Code   RO         1333    i.SysTick_CLKSourceConfig  misc.o
    0x0800a6e8   0x00000002   Code   RO         4489    i.SysTick_Handler   stm32f10x_it.o
    0x0800a6ea   0x00000002   PAD
    0x0800a6ec   0x00000060   Code   RO         4574    i.SystemInit        system_stm32f10x.o
    0x0800a74c   0x00000080   Code   RO         3514    i.TI1_Config        stm32f10x_tim.o
    0x0800a7cc   0x00000098   Code   RO         3515    i.TI2_Config        stm32f10x_tim.o
    0x0800a864   0x00000090   Code   RO         3516    i.TI3_Config        stm32f10x_tim.o
    0x0800a8f4   0x00000098   Code   RO         3517    i.TI4_Config        stm32f10x_tim.o
    0x0800a98c   0x00000128   Code   RO          190    i.TIM6_IRQHandler   exti.o
    0x0800aab4   0x0000005c   Code   RO          393    i.TIM7_BaseTime_Init  moto.o
    0x0800ab10   0x00000794   Code   RO          394    i.TIM7_IRQHandler   moto.o
    0x0800b2a4   0x00000018   Code   RO         3518    i.TIM_ARRPreloadConfig  stm32f10x_tim.o
    0x0800b2bc   0x00000006   Code   RO         3525    i.TIM_ClearITPendingBit  stm32f10x_tim.o
    0x0800b2c2   0x00000018   Code   RO         3530    i.TIM_Cmd           stm32f10x_tim.o
    0x0800b2da   0x0000001e   Code   RO         3532    i.TIM_CtrlPWMOutputs  stm32f10x_tim.o
    0x0800b2f8   0x000001e8   Code   RO         3535    i.TIM_DeInit        stm32f10x_tim.o
    0x0800b4e0   0x00000042   Code   RO         3539    i.TIM_EncoderInterfaceConfig  stm32f10x_tim.o
    0x0800b522   0x00000022   Code   RO         3551    i.TIM_GetITStatus   stm32f10x_tim.o
    0x0800b544   0x000000ac   Code   RO         3553    i.TIM_ICInit        stm32f10x_tim.o
    0x0800b5f0   0x00000012   Code   RO         3554    i.TIM_ICStructInit  stm32f10x_tim.o
    0x0800b602   0x00000012   Code   RO         3555    i.TIM_ITConfig      stm32f10x_tim.o
    0x0800b614   0x00000098   Code   RO         3559    i.TIM_OC1Init       stm32f10x_tim.o
    0x0800b6ac   0x00000012   Code   RO         3562    i.TIM_OC1PreloadConfig  stm32f10x_tim.o
    0x0800b6be   0x00000002   PAD
    0x0800b6c0   0x000000a4   Code   RO         3564    i.TIM_OC2Init       stm32f10x_tim.o
    0x0800b764   0x0000001a   Code   RO         3567    i.TIM_OC2PreloadConfig  stm32f10x_tim.o
    0x0800b77e   0x00000002   PAD
    0x0800b780   0x000000a0   Code   RO         3569    i.TIM_OC3Init       stm32f10x_tim.o
    0x0800b820   0x00000012   Code   RO         3572    i.TIM_OC3PreloadConfig  stm32f10x_tim.o
    0x0800b832   0x00000002   PAD
    0x0800b834   0x0000007c   Code   RO         3574    i.TIM_OC4Init       stm32f10x_tim.o
    0x0800b8b0   0x0000001a   Code   RO         3576    i.TIM_OC4PreloadConfig  stm32f10x_tim.o
    0x0800b8ca   0x00000004   Code   RO         3591    i.TIM_SetCompare1   stm32f10x_tim.o
    0x0800b8ce   0x00000004   Code   RO         3592    i.TIM_SetCompare2   stm32f10x_tim.o
    0x0800b8d2   0x00000004   Code   RO         3593    i.TIM_SetCompare3   stm32f10x_tim.o
    0x0800b8d6   0x00000006   Code   RO         3594    i.TIM_SetCompare4   stm32f10x_tim.o
    0x0800b8dc   0x00000012   Code   RO         3596    i.TIM_SetIC1Prescaler  stm32f10x_tim.o
    0x0800b8ee   0x0000001a   Code   RO         3597    i.TIM_SetIC2Prescaler  stm32f10x_tim.o
    0x0800b908   0x00000012   Code   RO         3598    i.TIM_SetIC3Prescaler  stm32f10x_tim.o
    0x0800b91a   0x0000001a   Code   RO         3599    i.TIM_SetIC4Prescaler  stm32f10x_tim.o
    0x0800b934   0x000000a4   Code   RO         3601    i.TIM_TimeBaseInit  stm32f10x_tim.o
    0x0800b9d8   0x000000c0   Code   RO         1120    i.Temp_Set          ui.o
    0x0800ba98   0x000000e8   Code   RO         4357    i.USART1_IRQHandler  usart.o
    0x0800bb80   0x0000008c   Code   RO         4360    i.USART2_IRQHandler  usart.o
    0x0800bc0c   0x00000088   Code   RO         4363    i.USART3_IRQHandler  usart.o
    0x0800bc94   0x0000001c   Code   RO         4364    i.USART3_Putc       usart.o
    0x0800bcb0   0x00000018   Code   RO         4066    i.USART_Cmd         stm32f10x_usart.o
    0x0800bcc8   0x0000001a   Code   RO         4069    i.USART_GetFlagStatus  stm32f10x_usart.o
    0x0800bce2   0x00000054   Code   RO         4070    i.USART_GetITStatus  stm32f10x_usart.o
    0x0800bd36   0x0000004a   Code   RO         4072    i.USART_ITConfig    stm32f10x_usart.o
    0x0800bd80   0x000000d8   Code   RO         4073    i.USART_Init        stm32f10x_usart.o
    0x0800be58   0x0000000a   Code   RO         4080    i.USART_ReceiveData  stm32f10x_usart.o
    0x0800be62   0x00000008   Code   RO         4083    i.USART_SendData    stm32f10x_usart.o
    0x0800be6a   0x00000004   Code   RO         4490    i.UsageFault_Handler  stm32f10x_it.o
    0x0800be6e   0x00000002   PAD
    0x0800be70   0x000002ac   Code   RO          395    i.WEI_PID           moto.o
    0x0800c11c   0x00000028   Code   RO          396    i.XIANFU            moto.o
    0x0800c144   0x0000093c   Code   RO          306    i.Zhua              hand.o
    0x0800ca80   0x00000020   Code   RO         4857    i.__0printf         mc_w.l(printfa.o)
    0x0800caa0   0x00000028   Code   RO         4859    i.__0sprintf        mc_w.l(printfa.o)
    0x0800cac8   0x00000024   Code   RO         4863    i.__0vsprintf       mc_w.l(printfa.o)
    0x0800caec   0x00000028   Code   RO         4935    i.__ARM_fpclassify  m_ws.l(fpclassify.o)
    0x0800cb14   0x000000aa   Code   RO         4937    i.__kernel_poly     m_ws.l(poly.o)
    0x0800cbbe   0x00000002   PAD
    0x0800cbc0   0x00000010   Code   RO         4921    i.__mathlib_dbl_divzero  m_ws.l(dunder.o)
    0x0800cbd0   0x00000004   Code   RO         4923    i.__mathlib_dbl_infnan2  m_ws.l(dunder.o)
    0x0800cbd4   0x0000000c   Code   RO         4924    i.__mathlib_dbl_invalid  m_ws.l(dunder.o)
    0x0800cbe0   0x0000000e   Code   RO         4925    i.__mathlib_dbl_overflow  m_ws.l(dunder.o)
    0x0800cbee   0x00000002   PAD
    0x0800cbf0   0x00000010   Code   RO         4927    i.__mathlib_dbl_underflow  m_ws.l(dunder.o)
    0x0800cc00   0x0000000e   Code   RO         4994    i.__scatterload_copy  mc_w.l(handlers.o)
    0x0800cc0e   0x00000002   Code   RO         4995    i.__scatterload_null  mc_w.l(handlers.o)
    0x0800cc10   0x0000000e   Code   RO         4996    i.__scatterload_zeroinit  mc_w.l(handlers.o)
    0x0800cc1e   0x00000002   PAD
    0x0800cc20   0x0000000c   Code   RO         4974    i.__set_errno       mc_w.l(errno.o)
    0x0800cc2c   0x00000164   Code   RO         4864    i._fp_digits        mc_w.l(printfa.o)
    0x0800cd90   0x000006dc   Code   RO         4865    i._printf_core      mc_w.l(printfa.o)
    0x0800d46c   0x00000024   Code   RO         4866    i._printf_post_padding  mc_w.l(printfa.o)
    0x0800d490   0x0000002e   Code   RO         4867    i._printf_pre_padding  mc_w.l(printfa.o)
    0x0800d4be   0x0000000a   Code   RO         4869    i._sputc            mc_w.l(printfa.o)
    0x0800d4c8   0x0000000c   Code   RO          988    i.bxcls             st178.o
    0x0800d4d4   0x00000010   Code   RO          503    i.ce_1              move.o
    0x0800d4e4   0x00000010   Code   RO          504    i.ce_2              move.o
    0x0800d4f4   0x000002a0   Code   RO         1121    i.change            ui.o
    0x0800d794   0x000003b0   Code   RO         1122    i.change_DongTai    ui.o
    0x0800db44   0x00000044   Code   RO         4296    i.delay_init        delay.o
    0x0800db88   0x0000004c   Code   RO         4297    i.delay_ms          delay.o
    0x0800dbd4   0x0000004c   Code   RO         4298    i.delay_us          delay.o
    0x0800dc20   0x00000074   Code   RO         4367    i.fputc             usart.o
    0x0800dc94   0x00000002   Code   RO          191    i.fzclose           exti.o
    0x0800dc96   0x00000002   Code   RO          192    i.fzopen            exti.o
    0x0800dc98   0x000000b4   Code   RO         4467    i.main              main.o
    0x0800dd4c   0x00000016   Code   RO          870    i.oled_pow          oled2.o
    0x0800dd62   0x00000002   PAD
    0x0800dd64   0x000009b8   Code   RO         4606    i.pow               m_ws.l(pow.o)
    0x0800e71c   0x000000a0   Code   RO         1123    i.read_from_flash   ui.o
    0x0800e7bc   0x000000d8   Code   RO         1124    i.save_to_flash     ui.o
    0x0800e894   0x000000e6   Code   RO          513    i.shuzu             move.o
    0x0800e97a   0x0000004c   Code   RO         4941    i.sqrt              m_ws.l(sqrt.o)
    0x0800e9c6   0x00000002   PAD
    0x0800e9c8   0x00000088   Code   RO          397    i.stop              moto.o
    0x0800ea50   0x000000a0   Code   RO         4368    i.uart1_init        usart.o
    0x0800eaf0   0x000000a4   Code   RO         4369    i.uart2_init        usart.o
    0x0800eb94   0x000000a8   Code   RO         4370    i.uart3_init        usart.o
    0x0800ec3c   0x00001c02   Data   RO          696    .constdata          oled.o
    0x0801083e   0x000030f5   Data   RO          872    .constdata          oled2.o
    0x08013933   0x00000001   PAD
    0x08013934   0x00000040   Data   RO          990    .constdata          st178.o
    0x08013974   0x00000004   PAD
    0x08013978   0x00000088   Data   RO         4607    .constdata          m_ws.l(pow.o)
    0x08013a00   0x00000008   Data   RO         4939    .constdata          m_ws.l(qnan.o)
    0x08013a08   0x00000020   Data   RO         4992    Region$$Table       anon$$obj.o


    Execution Region ER_RW (Base: 0x20000000, Size: 0x000015bc, Max: 0xffffffff, ABSOLUTE, COMPRESSED[0x000006e4])

    Base Addr    Size         Type   Attr      Idx    E Section Name        Object

    0x20000000   0x0000000a   Data   RW           33    .data               ADC_Config.o
    0x2000000a   0x0000000b   Data   RW          193    .data               exti.o
    0x20000015   0x0000002c   Data   RW          308    .data               hand.o
    0x20000041   0x00000003   PAD
    0x20000044   0x00000070   Data   RW          399    .data               moto.o
    0x200000b4   0x0000014e   Data   RW          519    .data               move.o
    0x20000202   0x00000b80   Data   RW          697    .data               oled.o
    0x20000d82   0x00000002   PAD
    0x20000d84   0x0000005a   Data   RW          991    .data               st178.o
    0x20000dde   0x00000002   PAD
    0x20000de0   0x00000792   Data   RW         1126    .data               ui.o
    0x20001572   0x00000014   Data   RW         2926    .data               stm32f10x_rcc.o
    0x20001586   0x00000004   Data   RW         4299    .data               delay.o
    0x2000158a   0x00000002   PAD
    0x2000158c   0x00000018   Data   RW         4372    .data               usart.o
    0x200015a4   0x00000014   Data   RW         4575    .data               system_stm32f10x.o
    0x200015b8   0x00000004   Data   RW         4975    .data               mc_w.l(errno.o)


    Execution Region ER_ZI (Base: 0x200015bc, Size: 0x00002594, Max: 0xffffffff, ABSOLUTE)

    Base Addr    Size         Type   Attr      Idx    E Section Name        Object

    0x200015bc   0x0000000c   Zero   RW           32    .bss                ADC_Config.o
    0x200015c8   0x00000132   Zero   RW          307    .bss                hand.o
    0x200016fa   0x00000002   PAD
    0x200016fc   0x000000ac   Zero   RW          398    .bss                moto.o
    0x200017a8   0x00000ae1   Zero   RW          518    .bss                move.o
    0x20002289   0x00000160   Zero   RW          695    .bss                oled.o
    0x200023e9   0x00000864   Zero   RW          871    .bss                oled2.o
    0x20002c4d   0x00000020   Zero   RW          989    .bss                st178.o
    0x20002c6d   0x00000001   PAD
    0x20002c6e   0x00000800   Zero   RW         1023    .bss                stmflash.o
    0x2000346e   0x00000022   Zero   RW         1125    .bss                ui.o
    0x20003490   0x000002bc   Zero   RW         4371    .bss                usart.o
    0x2000374c   0x00000004   PAD
    0x20003750   0x00000400   Zero   RW           17    STACK               startup_stm32f10x_hd.o


==============================================================================

Image component sizes


      Code (inc. data)   RO Data    RW Data    ZI Data      Debug   Object Name

      1018         66          0         10         12     278114   ADC_Config.o
         0          0          0          0          0       4536   core_cm3.o
       220         26          0          4          0       1555   delay.o
       300         50          0         11          0       2015   exti.o
       368         32          0          0          0       1061   gpio.o
      5744        360          0         44        306      10151   hand.o
       180         30          0          0          0        503   main.o
       152         12          0          0          0       1426   misc.o
      6472        514          0        112        172      12698   moto.o
       548          8          0        334       2785       5752   move.o
      1540         38       7170       2944        352       9418   oled.o
      1488         60      12533          0       2148      10078   oled2.o
      3532        328         64         90         32       5237   st178.o
        36          8        304          0       1024        764   startup_stm32f10x_hd.o
       508         24          0          0          0       8551   stm32f10x_adc.o
       416          8          0          0          0       3262   stm32f10x_dma.o
       274         30          0          0          0       3162   stm32f10x_flash.o
       430          6          0          0          0       3650   stm32f10x_gpio.o
        26          0          0          0          0       3534   stm32f10x_it.o
       396         56          0         20          0       6339   stm32f10x_rcc.o
      2414        264          0          0          0      18700   stm32f10x_tim.o
       442          6          0          0          0       5805   stm32f10x_usart.o
       310         10          0          0       2048       3149   stmflash.o
       328         28          0         20          0       1993   system_stm32f10x.o
      1084         52          0          0          0       2303   timer.o
     23044       2026          0       1938         34      27829   ui.o
      1224        116          0         24        700       8184   usart.o

    ----------------------------------------------------------------------
     52522       4158      20108       5560       9620     439769   Object Totals
         0          0         32          0          0          0   (incl. Generated)
        28          0          5          9          7          0   (incl. Padding)

    ----------------------------------------------------------------------

      Code (inc. data)   RO Data    RW Data    ZI Data      Debug   Library Member Name

        62         10          0          0          0        340   dunder.o
        40          0          0          0          0         68   fpclassify.o
       170          0          0          0          0         96   poly.o
      2488        190        136          0          0        300   pow.o
         0          0          8          0          0          0   qnan.o
        76          0          0          0          0         84   sqrt.o
        86          0          0          0          0          0   __dczerorl2.o
         0          0          0          0          0          0   entry.o
         0          0          0          0          0          0   entry10a.o
         0          0          0          0          0          0   entry11a.o
         8          4          0          0          0          0   entry2.o
         4          0          0          0          0          0   entry5.o
         0          0          0          0          0          0   entry7b.o
         0          0          0          0          0          0   entry8b.o
         8          4          0          0          0          0   entry9a.o
        12          6          0          4          0         68   errno.o
        30          0          0          0          0          0   handlers.o
        36          8          0          0          0         68   init.o
         0          0          0          0          0          0   iusefp.o
        30          0          0          0          0         68   llshl.o
        36          0          0          0          0         68   llsshr.o
        32          0          0          0          0         68   llushr.o
        36          0          0          0          0         68   memcpya.o
        36          0          0          0          0        108   memseta.o
      2312        102          0          0          0        676   printfa.o
        44          0          0          0          0         80   uidiv.o
        98          0          0          0          0         92   uldiv.o
        48          0          0          0          0         68   cdrcmple.o
        20          0          0          0          0         68   cfcmple.o
        20          0          0          0          0         68   cfrcmple.o
        56          0          0          0          0         88   d2f.o
       334          0          0          0          0        148   dadd.o
       222          0          0          0          0        100   ddiv.o
       186          0          0          0          0        176   depilogue.o
        62          0          0          0          0         80   dfixi.o
        48          0          0          0          0         68   dfixul.o
        34          0          0          0          0         76   dflti.o
        26          0          0          0          0         76   dfltui.o
       228          0          0          0          0         96   dmul.o
        46          0          0          0          0         80   dscalb.o
       162          0          0          0          0        100   dsqrt.o
        38          0          0          0          0         68   f2d.o
       176          0          0          0          0        140   fadd.o
       110          0          0          0          0        168   fepilogue.o
        50          0          0          0          0         68   ffixi.o
        18          0          0          0          0         68   fflti.o
        10          0          0          0          0         68   ffltui.o
       100          0          0          0          0         76   fmul.o

    ----------------------------------------------------------------------
      7650        324        144          4          0       4200   Library Totals
        12          0          0          0          0          0   (incl. Padding)

    ----------------------------------------------------------------------

      Code (inc. data)   RO Data    RW Data    ZI Data      Debug   Library Name

      2836        200        144          0          0        888   m_ws.l
      2808        124          0          4          0       1364   mc_w.l
      1994          0          0          0          0       1948   mf_w.l

    ----------------------------------------------------------------------
      7650        324        144          4          0       4200   Library Totals

    ----------------------------------------------------------------------

==============================================================================


      Code (inc. data)   RO Data    RW Data    ZI Data      Debug   

     60172       4482      20252       5564       9620     431357   Grand Totals
     60172       4482      20252       1764       9620     431357   ELF Image Totals (compressed)
     60172       4482      20252       1764          0          0   ROM Totals

==============================================================================

    Total RO  Size (Code + RO Data)                80424 (  78.54kB)
    Total RW  Size (RW Data + ZI Data)             15184 (  14.83kB)
    Total ROM Size (Code + RO Data + RW Data)      82188 (  80.26kB)

==============================================================================

