<html>
<body>
<pre>
<h1>礦ision Build Log</h1>
<h2>Tool Versions:</h2>
IDE-Version: μVision V5.38.0.0
Copyright (C) 2022 ARM Ltd and ARM Germany GmbH. All rights reserved.
License Information: 123 321, 123, LIC=PE7DL-0TJG2-AR1XW-QIGLL-KMD3L-009CB
 
Tool Versions:
Toolchain:       MDK-ARM Plus  Version: 5.38.0.0
Toolchain Path:  D:\Files\Keil\ARM\ARMCC\Bin
C Compiler:      Armcc.exe V5.05 update 1 (build 106)
Assembler:       Armasm.exe V5.05 update 1 (build 106)
Linker/Locator:  ArmLink.exe V5.05 update 1 (build 106)
Library Manager: ArmAr.exe V5.05 update 1 (build 106)
Hex Converter:   FromElf.exe V5.05 update 1 (build 106)
CPU DLL:         SARMCM3.DLL V5.38.0.0
Dialog DLL:      DARMSTM.DLL V1.69.1.0
Target DLL:      Segger\JL2CM3.dll V2.99.42.0
Dialog DLL:      TARMSTM.DLL V1.67.1.0
 
<h2>Project:</h2>
D:\Others\VsCode\EIDE\场地二\USER\Template.uvprojx
Project File Date:  04/06/2023

<h2>Output:</h2>
*** Using Compiler 'V5.05 update 1 (build 106)', folder: 'D:\Files\Keil\ARM\ARMCC\Bin'
Build target 'Template'
assembling startup_stm32f10x_hd.s...
compiling stm32f10x_it.c...
compiling core_cm3.c...
compiling stm32f10x_adc.c...
compiling sys.c...
compiling stm32f10x_bkp.c...
compiling delay.c...
compiling misc.c...
compiling system_stm32f10x.c...
compiling main.c...
main.c(23): warning:  #177-D: variable "tx_flag" was declared but never referenced
  		int tx_flag=0;
main.c: 1 warning, 0 errors
compiling usart.c...
..\SYSTEM\usart\usart.c(350): warning:  #177-D: variable "Lcnt" was declared but never referenced
  	static u8 Lcnt=0,Rcnt=0;
..\SYSTEM\usart\usart.c(350): warning:  #177-D: variable "Rcnt" was declared but never referenced
  	static u8 Lcnt=0,Rcnt=0;
..\SYSTEM\usart\usart.c: 2 warnings, 0 errors
compiling stm32f10x_can.c...
compiling stm32f10x_crc.c...
compiling stm32f10x_cec.c...
compiling stm32f10x_dac.c...
compiling stm32f10x_dbgmcu.c...
compiling stm32f10x_exti.c...
compiling stm32f10x_dma.c...
compiling stm32f10x_flash.c...
compiling stm32f10x_fsmc.c...
compiling stm32f10x_gpio.c...
compiling stm32f10x_iwdg.c...
compiling stm32f10x_i2c.c...
compiling stm32f10x_pwr.c...
compiling stm32f10x_rcc.c...
compiling stm32f10x_rtc.c...
compiling stm32f10x_sdio.c...
compiling stm32f10x_spi.c...
compiling stm32f10x_usart.c...
compiling stm32f10x_wwdg.c...
compiling timer.c...
compiling stm32f10x_tim.c...
compiling gpio.c...
compiling oled.c...
compiling oled2.c...
compiling ADC_Config.c...
compiling st178.c...
compiling moto.c...
..\HARDWARE\INC\exti.h(8): warning:  #1295-D: Deprecated declaration fzopen - give arg types
  void fzopen();
..\HARDWARE\INC\exti.h(9): warning:  #1295-D: Deprecated declaration fzclose - give arg types
  void fzclose();
..\HARDWARE\INC\exti.h(12): warning:  #1-D: last line of file ends without a newline
  #endif 
..\HARDWARE\SRC\moto.c(551): warning:  #550-D: variable "at" was set but never used
  	u8 at = 0;		
..\HARDWARE\SRC\moto.c(769): warning:  #940-D: missing return statement at end of non-void function "BMQ_MOVE"
  }
..\HARDWARE\SRC\moto.c: 5 warnings, 0 errors
compiling move.c...
..\HARDWARE\SRC\move.c(222): warning:  #550-D: variable "n" was set but never used
  	u8 n,m;
..\HARDWARE\SRC\move.c(222): warning:  #550-D: variable "m" was set but never used
  	u8 n,m;
..\HARDWARE\SRC\move.c: 2 warnings, 0 errors
compiling stmflash.c...
compiling hand.c...
..\HARDWARE\SRC\hand.c(31): warning:  #111-D: statement is unreachable
  			break;
..\HARDWARE\SRC\hand.c(61): warning:  #111-D: statement is unreachable
  			break;
..\HARDWARE\SRC\hand.c(91): warning:  #111-D: statement is unreachable
  			break;
..\HARDWARE\SRC\hand.c(121): warning:  #111-D: statement is unreachable
  			break;
..\HARDWARE\SRC\hand.c(134): warning:  #177-D: variable "pianyi" was declared but never referenced
  	int pianyi=0;//便宜x量
..\HARDWARE\SRC\hand.c(138): warning:  #177-D: variable "real_x" was declared but never referenced
  	int real_x=20;//舵机所在的位置(x位置)
..\HARDWARE\SRC\hand.c: 6 warnings, 0 errors
compiling exti.c...
..\HARDWARE\INC\exti.h(8): warning:  #1295-D: Deprecated declaration fzopen - give arg types
  void fzopen();
..\HARDWARE\INC\exti.h(9): warning:  #1295-D: Deprecated declaration fzclose - give arg types
  void fzclose();
..\HARDWARE\INC\exti.h(12): warning:  #1-D: last line of file ends without a newline
  #endif 
..\HARDWARE\SRC\exti.c(63): warning:  #186-D: pointless comparison of unsigned integer with zero
  		if(z_cha<0)
..\HARDWARE\SRC\exti.c(66): warning:  #186-D: pointless comparison of unsigned integer with zero
  		if(y_cha<0)
..\HARDWARE\SRC\exti.c(69): warning:  #186-D: pointless comparison of unsigned integer with zero
  		if(q_cha<0)
..\HARDWARE\SRC\exti.c(72): warning:  #186-D: pointless comparison of unsigned integer with zero
  		if(h_cha<0)
..\HARDWARE\SRC\exti.c: 7 warnings, 0 errors
compiling ui.c...
..\HARDWARE\SRC\ui.c(512): warning:  #177-D: variable "j" was declared but never referenced
  uchar i,j,pinf_qian=0,num=0,relen=0,index=0,ret=1;
..\HARDWARE\SRC\ui.c(512): warning:  #177-D: variable "pinf_qian" was declared but never referenced
  uchar i,j,pinf_qian=0,num=0,relen=0,index=0,ret=1;
..\HARDWARE\SRC\ui.c(512): warning:  #177-D: variable "num" was declared but never referenced
  uchar i,j,pinf_qian=0,num=0,relen=0,index=0,ret=1;
..\HARDWARE\SRC\ui.c(512): warning:  #177-D: variable "relen" was declared but never referenced
  uchar i,j,pinf_qian=0,num=0,relen=0,index=0,ret=1;
..\HARDWARE\SRC\ui.c(512): warning:  #177-D: variable "index" was declared but never referenced
  uchar i,j,pinf_qian=0,num=0,relen=0,index=0,ret=1;
..\HARDWARE\SRC\ui.c(512): warning:  #177-D: variable "ret" was declared but never referenced
  uchar i,j,pinf_qian=0,num=0,relen=0,index=0,ret=1;
..\HARDWARE\SRC\ui.c(514): warning:  #177-D: variable "dist" was declared but never referenced
  	u8 dist[9]={0};
..\HARDWARE\SRC\ui.c(672): warning:  #177-D: variable "pinf_qian" was declared but never referenced
  	uchar i,j,pinf_qian=0,num=0,relen=0,index=0,ret=1;
..\HARDWARE\SRC\ui.c(672): warning:  #177-D: variable "num" was declared but never referenced
  	uchar i,j,pinf_qian=0,num=0,relen=0,index=0,ret=1;
..\HARDWARE\SRC\ui.c(672): warning:  #177-D: variable "relen" was declared but never referenced
  	uchar i,j,pinf_qian=0,num=0,relen=0,index=0,ret=1;
..\HARDWARE\SRC\ui.c(672): warning:  #177-D: variable "index" was declared but never referenced
  	uchar i,j,pinf_qian=0,num=0,relen=0,index=0,ret=1;
..\HARDWARE\SRC\ui.c(672): warning:  #177-D: variable "ret" was declared but never referenced
  	uchar i,j,pinf_qian=0,num=0,relen=0,index=0,ret=1;
..\HARDWARE\SRC\ui.c(674): warning:  #177-D: variable "dist" was declared but never referenced
  	u8 dist[9]={0};
..\HARDWARE\SRC\ui.c(3308): warning:  #177-D: variable "luxian" was declared but never referenced
  	u8 luxian;
..\HARDWARE\SRC\ui.c(3309): warning:  #177-D: variable "a" was declared but never referenced
  	u8 a = 0;
..\HARDWARE\SRC\ui.c(3505): warning:  #177-D: variable "luxian" was declared but never referenced
  	u8 luxian;
..\HARDWARE\SRC\ui.c(3506): warning:  #177-D: variable "a" was declared but never referenced
  	u8 a = 0;
..\HARDWARE\SRC\ui.c(3695): warning:  #177-D: variable "luxian" was declared but never referenced
  	u8 luxian;
..\HARDWARE\SRC\ui.c(3696): warning:  #177-D: variable "a" was declared but never referenced
  	u8 a = 0;
..\HARDWARE\SRC\ui.c: 19 warnings, 0 errors
linking...
Program Size: Code=60290 RO-data=20398 RW-data=10832 ZI-data=9816  
FromELF: creating hex file...
"..\OBJ\Template.axf" - 0 Error(s), 42 Warning(s).

<h2>Software Packages used:</h2>

Package Vendor: Keil
                http://www.keil.com/pack/Keil.STM32F1xx_DFP.1.0.5.pack
                Keil.STM32F1xx_DFP.1.0.5
                STMicroelectronics STM32F1 Series Device Support, Drivers and Examples

<h2>Collection of Component include folders:</h2>
  D:/Files/Keil/ARM/Pack/Keil/STM32F1xx_DFP/1.0.5/Device/Include

<h2>Collection of Component Files used:</h2>
Build Time Elapsed:  00:00:02
</pre>
</body>
</html>
